Build and Test with Bazel	Set up job	﻿2025-11-28T01:25:50.4368370Z Current runner version: '2.329.0'
Build and Test with Bazel	Set up job	2025-11-28T01:25:50.4384160Z ##[group]Runner Image Provisioner
Build and Test with Bazel	Set up job	2025-11-28T01:25:50.4384690Z Hosted Compute Agent
Build and Test with Bazel	Set up job	2025-11-28T01:25:50.4385020Z Version: 20251124.448
Build and Test with Bazel	Set up job	2025-11-28T01:25:50.4385400Z Commit: fda5086b43ec66ade217e5fcd18146c879571177
Build and Test with Bazel	Set up job	2025-11-28T01:25:50.4385840Z Build Date: 2025-11-24T21:16:26Z
Build and Test with Bazel	Set up job	2025-11-28T01:25:50.4386210Z ##[endgroup]
Build and Test with Bazel	Set up job	2025-11-28T01:25:50.4386540Z ##[group]Operating System
Build and Test with Bazel	Set up job	2025-11-28T01:25:50.4386880Z macOS
Build and Test with Bazel	Set up job	2025-11-28T01:25:50.4387170Z 15.7.1
Build and Test with Bazel	Set up job	2025-11-28T01:25:50.4387450Z 24G231
Build and Test with Bazel	Set up job	2025-11-28T01:25:50.4387730Z ##[endgroup]
Build and Test with Bazel	Set up job	2025-11-28T01:25:50.4388020Z ##[group]Runner Image
Build and Test with Bazel	Set up job	2025-11-28T01:25:50.4388330Z Image: macos-15-arm64
Build and Test with Bazel	Set up job	2025-11-28T01:25:50.4388630Z Version: 20251104.0104
Build and Test with Bazel	Set up job	2025-11-28T01:25:50.4389300Z Included Software: https://github.com/actions/runner-images/blob/macos-15-arm64/20251104.0104/images/macos/macos-15-arm64-Readme.md
Build and Test with Bazel	Set up job	2025-11-28T01:25:50.4390220Z Image Release: https://github.com/actions/runner-images/releases/tag/macos-15-arm64%2F20251104.0104
Build and Test with Bazel	Set up job	2025-11-28T01:25:50.4390930Z ##[endgroup]
Build and Test with Bazel	Set up job	2025-11-28T01:25:50.4391620Z ##[group]GITHUB_TOKEN Permissions
Build and Test with Bazel	Set up job	2025-11-28T01:25:50.4392740Z Contents: read
Build and Test with Bazel	Set up job	2025-11-28T01:25:50.4393060Z Metadata: read
Build and Test with Bazel	Set up job	2025-11-28T01:25:50.4393340Z Packages: read
Build and Test with Bazel	Set up job	2025-11-28T01:25:50.4393630Z ##[endgroup]
Build and Test with Bazel	Set up job	2025-11-28T01:25:50.4394990Z Secret source: Actions
Build and Test with Bazel	Set up job	2025-11-28T01:25:50.4395370Z Prepare workflow directory
Build and Test with Bazel	Set up job	2025-11-28T01:25:50.4607710Z Prepare all required actions
Build and Test with Bazel	Set up job	2025-11-28T01:25:50.4636200Z Getting action download info
Build and Test with Bazel	Set up job	2025-11-28T01:25:50.7832960Z Download action repository 'actions/checkout@v4' (SHA:34e114876b0b11c390a56381ad16ebd13914f8d5)
Build and Test with Bazel	Set up job	2025-11-28T01:25:51.9129580Z Download action repository 'actions/cache@v4' (SHA:0057852bfaa89a56745cba8c7296529d2fc39830)
Build and Test with Bazel	Set up job	2025-11-28T01:25:52.0324180Z Download action repository 'actions/upload-artifact@v4' (SHA:ea165f8d65b6e75b540449e92b4886f43607fa02)
Build and Test with Bazel	Set up job	2025-11-28T01:25:52.1807920Z Complete job name: Build and Test with Bazel
Build and Test with Bazel	Checkout code	﻿2025-11-28T01:25:52.2351520Z ##[group]Run actions/checkout@v4
Build and Test with Bazel	Checkout code	2025-11-28T01:25:52.2352210Z with:
Build and Test with Bazel	Checkout code	2025-11-28T01:25:52.2352550Z   repository: ssk42/Poem-of-the-Day
Build and Test with Bazel	Checkout code	2025-11-28T01:25:52.2353200Z   token: ***
Build and Test with Bazel	Checkout code	2025-11-28T01:25:52.2353500Z   ssh-strict: true
Build and Test with Bazel	Checkout code	2025-11-28T01:25:52.2353810Z   ssh-user: git
Build and Test with Bazel	Checkout code	2025-11-28T01:25:52.2354130Z   persist-credentials: true
Build and Test with Bazel	Checkout code	2025-11-28T01:25:52.2354470Z   clean: true
Build and Test with Bazel	Checkout code	2025-11-28T01:25:52.2354790Z   sparse-checkout-cone-mode: true
Build and Test with Bazel	Checkout code	2025-11-28T01:25:52.2355160Z   fetch-depth: 1
Build and Test with Bazel	Checkout code	2025-11-28T01:25:52.2355470Z   fetch-tags: false
Build and Test with Bazel	Checkout code	2025-11-28T01:25:52.2355790Z   show-progress: true
Build and Test with Bazel	Checkout code	2025-11-28T01:25:52.2356130Z   lfs: false
Build and Test with Bazel	Checkout code	2025-11-28T01:25:52.2356440Z   submodules: false
Build and Test with Bazel	Checkout code	2025-11-28T01:25:52.2356760Z   set-safe-directory: true
Build and Test with Bazel	Checkout code	2025-11-28T01:25:52.2357230Z ##[endgroup]
Build and Test with Bazel	Checkout code	2025-11-28T01:25:52.5358080Z Syncing repository: ssk42/Poem-of-the-Day
Build and Test with Bazel	Checkout code	2025-11-28T01:25:52.5359990Z ##[group]Getting Git version info
Build and Test with Bazel	Checkout code	2025-11-28T01:25:52.5360570Z Working directory is '/Users/runner/work/Poem-of-the-Day/Poem-of-the-Day'
Build and Test with Bazel	Checkout code	2025-11-28T01:25:52.5362190Z [command]/opt/homebrew/bin/git version
Build and Test with Bazel	Checkout code	2025-11-28T01:25:52.5594420Z git version 2.50.1
Build and Test with Bazel	Checkout code	2025-11-28T01:25:52.5623550Z ##[endgroup]
Build and Test with Bazel	Checkout code	2025-11-28T01:25:52.5636310Z Copying '/Users/runner/.gitconfig' to '/Users/runner/work/_temp/04e599f0-5206-4763-b116-7551633a7b19/.gitconfig'
Build and Test with Bazel	Checkout code	2025-11-28T01:25:52.5644420Z Temporarily overriding HOME='/Users/runner/work/_temp/04e599f0-5206-4763-b116-7551633a7b19' before making global git config changes
Build and Test with Bazel	Checkout code	2025-11-28T01:25:52.5645500Z Adding repository directory to the temporary git global config as a safe directory
Build and Test with Bazel	Checkout code	2025-11-28T01:25:52.5650310Z [command]/opt/homebrew/bin/git config --global --add safe.directory /Users/runner/work/Poem-of-the-Day/Poem-of-the-Day
Build and Test with Bazel	Checkout code	2025-11-28T01:25:52.5776310Z Deleting the contents of '/Users/runner/work/Poem-of-the-Day/Poem-of-the-Day'
Build and Test with Bazel	Checkout code	2025-11-28T01:25:52.5783530Z ##[group]Initializing the repository
Build and Test with Bazel	Checkout code	2025-11-28T01:25:52.5794350Z [command]/opt/homebrew/bin/git init /Users/runner/work/Poem-of-the-Day/Poem-of-the-Day
Build and Test with Bazel	Checkout code	2025-11-28T01:25:52.6065990Z hint: Using 'master' as the name for the initial branch. This default branch name
Build and Test with Bazel	Checkout code	2025-11-28T01:25:52.6068610Z hint: is subject to change. To configure the initial branch name to use in all
Build and Test with Bazel	Checkout code	2025-11-28T01:25:52.6069410Z hint: of your new repositories, which will suppress this warning, call:
Build and Test with Bazel	Checkout code	2025-11-28T01:25:52.6070180Z hint:
Build and Test with Bazel	Checkout code	2025-11-28T01:25:52.6071120Z hint: 	git config --global init.defaultBranch <name>
Build and Test with Bazel	Checkout code	2025-11-28T01:25:52.6071740Z hint:
Build and Test with Bazel	Checkout code	2025-11-28T01:25:52.6073090Z hint: Names commonly chosen instead of 'master' are 'main', 'trunk' and
Build and Test with Bazel	Checkout code	2025-11-28T01:25:52.6076520Z hint: 'development'. The just-created branch can be renamed via this command:
Build and Test with Bazel	Checkout code	2025-11-28T01:25:52.6078880Z hint:
Build and Test with Bazel	Checkout code	2025-11-28T01:25:52.6079760Z hint: 	git branch -m <name>
Build and Test with Bazel	Checkout code	2025-11-28T01:25:52.6081820Z hint:
Build and Test with Bazel	Checkout code	2025-11-28T01:25:52.6083570Z hint: Disable this message with "git config set advice.defaultBranchName false"
Build and Test with Bazel	Checkout code	2025-11-28T01:25:52.6084490Z Initialized empty Git repository in /Users/runner/work/Poem-of-the-Day/Poem-of-the-Day/.git/
Build and Test with Bazel	Checkout code	2025-11-28T01:25:52.6089370Z [command]/opt/homebrew/bin/git remote add origin https://github.com/ssk42/Poem-of-the-Day
Build and Test with Bazel	Checkout code	2025-11-28T01:25:52.6181800Z ##[endgroup]
Build and Test with Bazel	Checkout code	2025-11-28T01:25:52.6182550Z ##[group]Disabling automatic garbage collection
Build and Test with Bazel	Checkout code	2025-11-28T01:25:52.6188880Z [command]/opt/homebrew/bin/git config --local gc.auto 0
Build and Test with Bazel	Checkout code	2025-11-28T01:25:52.6267380Z ##[endgroup]
Build and Test with Bazel	Checkout code	2025-11-28T01:25:52.6268170Z ##[group]Setting up auth
Build and Test with Bazel	Checkout code	2025-11-28T01:25:52.6272440Z [command]/opt/homebrew/bin/git config --local --name-only --get-regexp core\.sshCommand
Build and Test with Bazel	Checkout code	2025-11-28T01:25:52.6354010Z [command]/opt/homebrew/bin/git submodule foreach --recursive sh -c "git config --local --name-only --get-regexp 'core\.sshCommand' && git config --local --unset-all 'core.sshCommand' || :"
Build and Test with Bazel	Checkout code	2025-11-28T01:25:52.7726950Z [command]/opt/homebrew/bin/git config --local --name-only --get-regexp http\.https\:\/\/github\.com\/\.extraheader
Build and Test with Bazel	Checkout code	2025-11-28T01:25:52.7788870Z [command]/opt/homebrew/bin/git submodule foreach --recursive sh -c "git config --local --name-only --get-regexp 'http\.https\:\/\/github\.com\/\.extraheader' && git config --local --unset-all 'http.https://github.com/.extraheader' || :"
Build and Test with Bazel	Checkout code	2025-11-28T01:25:52.8446140Z [command]/opt/homebrew/bin/git config --local --name-only --get-regexp ^includeIf\.gitdir:
Build and Test with Bazel	Checkout code	2025-11-28T01:25:52.8547910Z [command]/opt/homebrew/bin/git submodule foreach --recursive git config --local --show-origin --name-only --get-regexp remote.origin.url
Build and Test with Bazel	Checkout code	2025-11-28T01:25:52.9505490Z [command]/opt/homebrew/bin/git config --local http.https://github.com/.extraheader AUTHORIZATION: basic ***
Build and Test with Bazel	Checkout code	2025-11-28T01:25:52.9729790Z ##[endgroup]
Build and Test with Bazel	Checkout code	2025-11-28T01:25:52.9730770Z ##[group]Fetching the repository
Build and Test with Bazel	Checkout code	2025-11-28T01:25:52.9735190Z [command]/opt/homebrew/bin/git -c protocol.version=2 fetch --no-tags --prune --no-recurse-submodules --depth=1 origin +9eac1d87d0c91b250d7c7363b7e750e380829752:refs/remotes/origin/main
Build and Test with Bazel	Checkout code	2025-11-28T01:25:53.7317730Z From https://github.com/ssk42/Poem-of-the-Day
Build and Test with Bazel	Checkout code	2025-11-28T01:25:53.7318900Z  * [new ref]         9eac1d87d0c91b250d7c7363b7e750e380829752 -> origin/main
Build and Test with Bazel	Checkout code	2025-11-28T01:25:53.7380710Z ##[endgroup]
Build and Test with Bazel	Checkout code	2025-11-28T01:25:53.7381720Z ##[group]Determining the checkout info
Build and Test with Bazel	Checkout code	2025-11-28T01:25:53.7383040Z ##[endgroup]
Build and Test with Bazel	Checkout code	2025-11-28T01:25:53.7383820Z [command]/opt/homebrew/bin/git sparse-checkout disable
Build and Test with Bazel	Checkout code	2025-11-28T01:25:53.7450030Z [command]/opt/homebrew/bin/git config --local --unset-all extensions.worktreeConfig
Build and Test with Bazel	Checkout code	2025-11-28T01:25:53.7499250Z ##[group]Checking out the ref
Build and Test with Bazel	Checkout code	2025-11-28T01:25:53.7501520Z [command]/opt/homebrew/bin/git checkout --progress --force -B main refs/remotes/origin/main
Build and Test with Bazel	Checkout code	2025-11-28T01:25:53.7730610Z Switched to a new branch 'main'
Build and Test with Bazel	Checkout code	2025-11-28T01:25:53.7735610Z branch 'main' set up to track 'origin/main'.
Build and Test with Bazel	Checkout code	2025-11-28T01:25:53.7740960Z ##[endgroup]
Build and Test with Bazel	Checkout code	2025-11-28T01:25:53.7811830Z [command]/opt/homebrew/bin/git log -1 --format=%H
Build and Test with Bazel	Checkout code	2025-11-28T01:25:53.7867760Z 9eac1d87d0c91b250d7c7363b7e750e380829752
Build and Test with Bazel	Install Bazelisk	﻿2025-11-28T01:25:53.8044410Z ##[group]Run brew install bazelisk
Build and Test with Bazel	Install Bazelisk	2025-11-28T01:25:53.8045480Z [36;1mbrew install bazelisk[0m
Build and Test with Bazel	Install Bazelisk	2025-11-28T01:25:53.8046520Z [36;1mbazelisk version[0m
Build and Test with Bazel	Install Bazelisk	2025-11-28T01:25:53.8089410Z shell: /bin/bash -e {0}
Build and Test with Bazel	Install Bazelisk	2025-11-28T01:25:53.8090180Z ##[endgroup]
Build and Test with Bazel	Install Bazelisk	2025-11-28T01:25:57.0531920Z ##[warning]bazelisk 1.27.0 is already installed and up-to-date.
Build and Test with Bazel	Install Bazelisk	To reinstall 1.27.0, run:
Build and Test with Bazel	Install Bazelisk	  brew reinstall bazelisk
Build and Test with Bazel	Install Bazelisk	
Build and Test with Bazel	Install Bazelisk	2025-11-28T01:25:57.1150250Z 2025/11/28 01:25:57 Downloading https://releases.bazel.build/8.3.1/release/bazel-8.3.1-darwin-arm64...
Build and Test with Bazel	Install Bazelisk	2025-11-28T01:25:57.7742950Z Bazelisk version: 1.27.0
Build and Test with Bazel	Install Bazelisk	2025-11-28T01:25:57.8085710Z Extracting Bazel installation...
Build and Test with Bazel	Install Bazelisk	2025-11-28T01:25:58.5935310Z Starting local Bazel server (8.3.1) and connecting to it...
Build and Test with Bazel	Install Bazelisk	2025-11-28T01:26:04.6755000Z Build label: 8.3.1
Build and Test with Bazel	Install Bazelisk	2025-11-28T01:26:04.6756010Z Build target: @@//src/main/java/com/google/devtools/build/lib/bazel:BazelServer
Build and Test with Bazel	Install Bazelisk	2025-11-28T01:26:04.6756480Z Build time: Mon Jun 30 16:26:17 2025 (1751300777)
Build and Test with Bazel	Install Bazelisk	2025-11-28T01:26:04.6756800Z Build timestamp: 1751300777
Build and Test with Bazel	Install Bazelisk	2025-11-28T01:26:04.6757240Z Build timestamp as int: 1751300777
Build and Test with Bazel	Cache Bazel artifacts	﻿2025-11-28T01:26:04.8837950Z ##[group]Run actions/cache@v4
Build and Test with Bazel	Cache Bazel artifacts	2025-11-28T01:26:04.8838310Z with:
Build and Test with Bazel	Cache Bazel artifacts	2025-11-28T01:26:04.8838760Z   path: ~/.cache/bazel
Build and Test with Bazel	Cache Bazel artifacts	~/Library/Caches/bazel
Build and Test with Bazel	Cache Bazel artifacts	
Build and Test with Bazel	Cache Bazel artifacts	2025-11-28T01:26:04.8839160Z   key: bazel-macOS-d2c6af6a20aa517595728efab8a084c90fdf9194466719476027e4e2fac8fe92
Build and Test with Bazel	Cache Bazel artifacts	2025-11-28T01:26:04.8839530Z   restore-keys: bazel-macOS-
Build and Test with Bazel	Cache Bazel artifacts	
Build and Test with Bazel	Cache Bazel artifacts	2025-11-28T01:26:04.8839830Z   enableCrossOsArchive: false
Build and Test with Bazel	Cache Bazel artifacts	2025-11-28T01:26:04.8840070Z   fail-on-cache-miss: false
Build and Test with Bazel	Cache Bazel artifacts	2025-11-28T01:26:04.8840270Z   lookup-only: false
Build and Test with Bazel	Cache Bazel artifacts	2025-11-28T01:26:04.8840460Z   save-always: false
Build and Test with Bazel	Cache Bazel artifacts	2025-11-28T01:26:04.8840740Z ##[endgroup]
Build and Test with Bazel	Cache Bazel artifacts	2025-11-28T01:26:05.2237180Z Cache not found for input keys: bazel-macOS-d2c6af6a20aa517595728efab8a084c90fdf9194466719476027e4e2fac8fe92, bazel-macOS-
Build and Test with Bazel	Build main app	﻿2025-11-28T01:26:05.2306280Z ##[group]Run cd "Poem of the Day"
Build and Test with Bazel	Build main app	2025-11-28T01:26:05.2306560Z [36;1mcd "Poem of the Day"[0m
Build and Test with Bazel	Build main app	2025-11-28T01:26:05.2306910Z [36;1mbazelisk build //:PoemOfTheDay[0m
Build and Test with Bazel	Build main app	2025-11-28T01:26:05.2340670Z shell: /bin/bash -e {0}
Build and Test with Bazel	Build main app	2025-11-28T01:26:05.2340880Z ##[endgroup]
Build and Test with Bazel	Build main app	2025-11-28T01:26:05.3240530Z INFO: Options provided by the client:
Build and Test with Bazel	Build main app	2025-11-28T01:26:05.3242560Z   Inherited 'common' options: --isatty=0 --terminal_columns=80
Build and Test with Bazel	Build main app	2025-11-28T01:26:05.3243210Z INFO: Reading rc options for 'build' from /Users/runner/work/Poem-of-the-Day/Poem-of-the-Day/.bazelrc:
Build and Test with Bazel	Build main app	2025-11-28T01:26:05.3243970Z   'build' options: --announce_rc --verbose_failures --apple_platform_type=ios --ios_minimum_os=17.0 --apple_generate_dsym --symlink_prefix=bazel- --experimental_reuse_sandbox_directories --worker_sandboxing
Build and Test with Bazel	Build main app	2025-11-28T01:26:05.3681680Z Computing main repo mapping: 
Build and Test with Bazel	Build main app	2025-11-28T01:26:06.3861880Z Computing main repo mapping: 
Build and Test with Bazel	Build main app	2025-11-28T01:26:06.8901830Z WARNING: For repository 'rules_swift', the root module requires module version rules_swift@2.1.1, but got rules_swift@2.4.0 in the resolved dependency graph. Please update the version in your MODULE.bazel or set --check_direct_dependencies=off
Build and Test with Bazel	Build main app	2025-11-28T01:26:07.0726270Z Loading: 
Build and Test with Bazel	Build main app	2025-11-28T01:26:07.0728550Z Loading: 0 packages loaded
Build and Test with Bazel	Build main app	2025-11-28T01:26:08.1413330Z Loading: 0 packages loaded
Build and Test with Bazel	Build main app	2025-11-28T01:26:09.2404150Z Loading: 0 packages loaded
Build and Test with Bazel	Build main app	2025-11-28T01:26:09.2427890Z     currently loading: 
Build and Test with Bazel	Build main app	2025-11-28T01:26:10.2873200Z Analyzing: target //:PoemOfTheDay (1 packages loaded)
Build and Test with Bazel	Build main app	2025-11-28T01:26:10.4219580Z Analyzing: target //:PoemOfTheDay (1 packages loaded, 0 targets configured)
Build and Test with Bazel	Build main app	2025-11-28T01:26:10.4514130Z Analyzing: target //:PoemOfTheDay (1 packages loaded, 0 targets configured)
Build and Test with Bazel	Build main app	2025-11-28T01:26:10.4535580Z 
Build and Test with Bazel	Build main app	2025-11-28T01:26:11.4949860Z Analyzing: target //:PoemOfTheDay (41 packages loaded, 17 targets configured)
Build and Test with Bazel	Build main app	2025-11-28T01:26:11.5051920Z 
Build and Test with Bazel	Build main app	2025-11-28T01:26:12.5472850Z Analyzing: target //:PoemOfTheDay (69 packages loaded, 549 targets configured)
Build and Test with Bazel	Build main app	2025-11-28T01:26:12.5478670Z 
Build and Test with Bazel	Build main app	2025-11-28T01:26:13.6509640Z Analyzing: target //:PoemOfTheDay (98 packages loaded, 1185 targets configured)
Build and Test with Bazel	Build main app	2025-11-28T01:26:13.6610760Z 
Build and Test with Bazel	Build main app	2025-11-28T01:26:14.6647910Z Analyzing: target //:PoemOfTheDay (98 packages loaded, 1185 targets configured)
Build and Test with Bazel	Build main app	2025-11-28T01:26:14.6749320Z 
Build and Test with Bazel	Build main app	2025-11-28T01:26:15.7275700Z Analyzing: target //:PoemOfTheDay (98 packages loaded, 1185 targets configured)
Build and Test with Bazel	Build main app	2025-11-28T01:26:15.7391210Z 
Build and Test with Bazel	Build main app	2025-11-28T01:26:16.7308000Z Analyzing: target //:PoemOfTheDay (113 packages loaded, 3484 targets configured)
Build and Test with Bazel	Build main app	2025-11-28T01:26:16.7308600Z 
Build and Test with Bazel	Build main app	2025-11-28T01:26:17.8008070Z Analyzing: target //:PoemOfTheDay (113 packages loaded, 3484 targets configured)
Build and Test with Bazel	Build main app	2025-11-28T01:26:17.8010170Z 
Build and Test with Bazel	Build main app	2025-11-28T01:26:19.2688590Z Analyzing: target //:PoemOfTheDay (113 packages loaded, 3484 targets configured)
Build and Test with Bazel	Build main app	2025-11-28T01:26:19.2689770Z 
Build and Test with Bazel	Build main app	2025-11-28T01:26:21.8910320Z Analyzing: target //:PoemOfTheDay (113 packages loaded, 3484 targets configured)
Build and Test with Bazel	Build main app	2025-11-28T01:26:21.8913410Z 
Build and Test with Bazel	Build main app	2025-11-28T01:26:23.0983820Z Analyzing: target //:PoemOfTheDay (113 packages loaded, 3484 targets configured)
Build and Test with Bazel	Build main app	2025-11-28T01:26:23.0984540Z 
Build and Test with Bazel	Build main app	2025-11-28T01:26:24.5515020Z Analyzing: target //:PoemOfTheDay (113 packages loaded, 3484 targets configured)
Build and Test with Bazel	Build main app	2025-11-28T01:26:24.5552820Z 
Build and Test with Bazel	Build main app	2025-11-28T01:26:26.8365830Z Analyzing: target //:PoemOfTheDay (113 packages loaded, 3484 targets configured)
Build and Test with Bazel	Build main app	2025-11-28T01:26:26.8371100Z 
Build and Test with Bazel	Build main app	2025-11-28T01:26:28.9585360Z Analyzing: target //:PoemOfTheDay (113 packages loaded, 3484 targets configured)
Build and Test with Bazel	Build main app	2025-11-28T01:26:28.9587690Z 
Build and Test with Bazel	Build main app	2025-11-28T01:26:31.2073240Z Analyzing: target //:PoemOfTheDay (113 packages loaded, 3484 targets configured)
Build and Test with Bazel	Build main app	2025-11-28T01:26:31.2074660Z 
Build and Test with Bazel	Build main app	2025-11-28T01:26:31.9706700Z INFO: Analyzed target //:PoemOfTheDay (118 packages loaded, 3624 targets configured).
Build and Test with Bazel	Build main app	2025-11-28T01:26:32.3841240Z [15 / 56] Creating runfiles tree bazel-out/darwin_arm64-opt-exec-ST-d57f47055a04/bin/external/rules_apple+/tools/plisttool/plisttool.runfiles [for tool]; 0s local ... (2 actions, 1 running)
Build and Test with Bazel	Build main app	2025-11-28T01:26:33.4704880Z [37 / 76] Executing apple_genrule @@apple_support+//crosstool:exec_wrapped_clang.target_config [for tool]; 0s darwin-sandbox ... (3 actions running)
Build and Test with Bazel	Build main app	2025-11-28T01:26:35.5666000Z [39 / 76] Executing apple_genrule @@apple_support+//crosstool:exec_libtool.target_config [for tool]; 2s darwin-sandbox ... (2 actions, 1 running)
Build and Test with Bazel	Build main app	2025-11-28T01:26:36.6509140Z [42 / 76] Executing apple_genrule @@apple_support+//crosstool:exec_libtool.target_config [for tool]; 3s darwin-sandbox ... (3 actions running)
Build and Test with Bazel	Build main app	2025-11-28T01:26:37.7124620Z [44 / 76] Executing apple_genrule @@apple_support+//crosstool:exec_libtool.target_config [for tool]; 4s darwin-sandbox ... (3 actions running)
Build and Test with Bazel	Build main app	2025-11-28T01:26:38.7841900Z [48 / 76] Compiling tools/worker/worker_main.cc [for tool]; 0s darwin-sandbox ... (3 actions running)
Build and Test with Bazel	Build main app	2025-11-28T01:26:39.8371670Z [49 / 76] AssetCatalogCompile PoemOfTheDay-intermediates/xcassets; 1s local ... (3 actions running)
Build and Test with Bazel	Build main app	2025-11-28T01:26:40.8471940Z [51 / 76] AssetCatalogCompile PoemOfTheDay-intermediates/xcassets; 2s local ... (3 actions running)
Build and Test with Bazel	Build main app	2025-11-28T01:26:41.9173760Z [52 / 76] AssetCatalogCompile PoemOfTheDay-intermediates/xcassets; 3s local ... (3 actions running)
Build and Test with Bazel	Build main app	2025-11-28T01:26:42.9501210Z [53 / 76] AssetCatalogCompile PoemOfTheDay-intermediates/xcassets; 4s local ... (3 actions running)
Build and Test with Bazel	Build main app	2025-11-28T01:26:44.0108250Z [56 / 76] AssetCatalogCompile PoemOfTheDay-intermediates/xcassets; 5s local ... (3 actions running)
Build and Test with Bazel	Build main app	2025-11-28T01:26:45.5602180Z [57 / 76] AssetCatalogCompile PoemOfTheDay-intermediates/xcassets; 7s local ... (3 actions, 2 running)
Build and Test with Bazel	Build main app	2025-11-28T01:26:47.2639120Z [58 / 76] AssetCatalogCompile PoemOfTheDay-intermediates/xcassets; 9s local ... (3 actions running)
Build and Test with Bazel	Build main app	2025-11-28T01:26:52.7322270Z [59 / 76] AssetCatalogCompile PoemOfTheDay-intermediates/xcassets; 14s local ... (3 actions, 2 running)
Build and Test with Bazel	Build main app	2025-11-28T01:26:54.4783370Z [60 / 76] AssetCatalogCompile PoemOfTheDay-intermediates/xcassets; 16s local ... (3 actions running)
Build and Test with Bazel	Build main app	2025-11-28T01:26:55.5514430Z [63 / 76] AssetCatalogCompile PoemOfTheDay-intermediates/xcassets; 17s local ... (2 actions running)
Build and Test with Bazel	Build main app	2025-11-28T01:26:57.0425250Z [64 / 76] AssetCatalogCompile PoemOfTheDay-intermediates/xcassets; 18s local ... (2 actions, 1 running)
Build and Test with Bazel	Build main app	2025-11-28T01:26:58.7324380Z [66 / 76] AssetCatalogCompile PoemOfTheDay-intermediates/xcassets; 20s local ... (2 actions running)
Build and Test with Bazel	Build main app	2025-11-28T01:27:03.8665210Z [67 / 76] Compiling Swift module //:PoemOfTheDayLib; 6s worker ... (2 actions, 1 running)
Build and Test with Bazel	Build main app	2025-11-28T01:27:04.9371150Z [68 / 76] Compiling Swift module //:PoemOfTheDayLib; 7s worker
Build and Test with Bazel	Build main app	2025-11-28T01:27:16.1181740Z [68 / 76] Compiling Swift module //:PoemOfTheDayLib; 18s worker
Build and Test with Bazel	Build main app	2025-11-28T01:27:22.2097090Z INFO: From Compiling Swift module //:PoemOfTheDayLib:
Build and Test with Bazel	Build main app	2025-11-28T01:27:22.2198280Z Poem of the Day/Services/NotificationService.swift:53:5: warning: 'nonisolated' can not be applied to variable with non-'Sendable' type 'UserDefaults'; this is an error in the Swift 6 language mode
Build and Test with Bazel	Build main app	2025-11-28T01:27:22.2324890Z  51 |     
Build and Test with Bazel	Build main app	2025-11-28T01:27:22.2428280Z  52 |     private let notificationCenter: UNUserNotificationCenter
Build and Test with Bazel	Build main app	2025-11-28T01:27:22.2532750Z  53 |     nonisolated private let userDefaults: UserDefaults
Build and Test with Bazel	Build main app	2025-11-28T01:27:22.2533940Z     |     `- warning: 'nonisolated' can not be applied to variable with non-'Sendable' type 'UserDefaults'; this is an error in the Swift 6 language mode
Build and Test with Bazel	Build main app	2025-11-28T01:27:22.2610090Z  54 |     private let notificationIdentifier = "daily_poem_notification"
Build and Test with Bazel	Build main app	2025-11-28T01:27:22.2610860Z  55 |     
Build and Test with Bazel	Build main app	2025-11-28T01:27:22.2612260Z 
Build and Test with Bazel	Build main app	2025-11-28T01:27:22.2631670Z /Applications/Xcode_16.4.app/Contents/Developer/Platforms/iPhoneSimulator.platform/Developer/SDKs/iPhoneSimulator18.5.sdk/System/Library/Frameworks/Foundation.framework/Headers/NSUserDefaults.h:49:12: note: class 'UserDefaults' does not conform to the 'Sendable' protocol
Build and Test with Bazel	Build main app	2025-11-28T01:27:22.2654890Z  47 |  NSUserDefaults can be observed using Key-Value Observing for any key stored in it. Using NSKeyValueObservingOptionPrior to observe changes from other processes or devices will behave as though NSKeyValueObservingOptionPrior was not specified.
Build and Test with Bazel	Build main app	2025-11-28T01:27:22.2679820Z  48 |  */
Build and Test with Bazel	Build main app	2025-11-28T01:27:22.2680130Z  49 | @interface NSUserDefaults : NSObject {
Build and Test with Bazel	Build main app	2025-11-28T01:27:22.2681800Z     |            `- note: class 'UserDefaults' does not conform to the 'Sendable' protocol
Build and Test with Bazel	Build main app	2025-11-28T01:27:22.2684750Z  50 | @private
Build and Test with Bazel	Build main app	2025-11-28T01:27:22.2684990Z  51 |     id _kvo_;
Build and Test with Bazel	Build main app	2025-11-28T01:27:22.2685790Z Poem of the Day/Services/NotificationService.swift:53:5: warning: 'nonisolated' can not be applied to variable with non-'Sendable' type 'UserDefaults'; this is an error in the Swift 6 language mode
Build and Test with Bazel	Build main app	2025-11-28T01:27:22.2686500Z  51 |     
Build and Test with Bazel	Build main app	2025-11-28T01:27:22.2686930Z  52 |     private let notificationCenter: UNUserNotificationCenter
Build and Test with Bazel	Build main app	2025-11-28T01:27:22.2687470Z  53 |     nonisolated private let userDefaults: UserDefaults
Build and Test with Bazel	Build main app	2025-11-28T01:27:22.2689600Z     |     `- warning: 'nonisolated' can not be applied to variable with non-'Sendable' type 'UserDefaults'; this is an error in the Swift 6 language mode
Build and Test with Bazel	Build main app	2025-11-28T01:27:22.2691510Z  54 |     private let notificationIdentifier = "daily_poem_notification"
Build and Test with Bazel	Build main app	2025-11-28T01:27:22.2696100Z  55 |     
Build and Test with Bazel	Build main app	2025-11-28T01:27:22.2696270Z 
Build and Test with Bazel	Build main app	2025-11-28T01:27:22.2697090Z /Applications/Xcode_16.4.app/Contents/Developer/Platforms/iPhoneSimulator.platform/Developer/SDKs/iPhoneSimulator18.5.sdk/System/Library/Frameworks/Foundation.framework/Headers/NSUserDefaults.h:49:12: note: class 'UserDefaults' does not conform to the 'Sendable' protocol
Build and Test with Bazel	Build main app	2025-11-28T01:27:22.2698830Z  47 |  NSUserDefaults can be observed using Key-Value Observing for any key stored in it. Using NSKeyValueObservingOptionPrior to observe changes from other processes or devices will behave as though NSKeyValueObservingOptionPrior was not specified.
Build and Test with Bazel	Build main app	2025-11-28T01:27:22.2702310Z  48 |  */
Build and Test with Bazel	Build main app	2025-11-28T01:27:22.2702660Z  49 | @interface NSUserDefaults : NSObject {
Build and Test with Bazel	Build main app	2025-11-28T01:27:22.2703440Z     |            `- note: class 'UserDefaults' does not conform to the 'Sendable' protocol
Build and Test with Bazel	Build main app	2025-11-28T01:27:22.2703760Z  50 | @private
Build and Test with Bazel	Build main app	2025-11-28T01:27:22.2705900Z  51 |     id _kvo_;
Build and Test with Bazel	Build main app	2025-11-28T01:27:22.2706250Z 
Build and Test with Bazel	Build main app	2025-11-28T01:27:22.2708350Z Poem of the Day/Services/NotificationService.swift:156:26: warning: non-sendable type 'UserDefaults' of property 'userDefaults' cannot exit nonisolated context; this is an error in the Swift 6 language mode
Build and Test with Bazel	Build main app	2025-11-28T01:27:22.2711950Z 154 |     
Build and Test with Bazel	Build main app	2025-11-28T01:27:22.2717060Z 155 |     nonisolated func getSettings() -> NotificationSettings {
Build and Test with Bazel	Build main app	2025-11-28T01:27:22.2720000Z 156 |         guard let data = userDefaults.data(forKey: "notificationSettings"),
Build and Test with Bazel	Build main app	2025-11-28T01:27:22.2720740Z     |                          `- warning: non-sendable type 'UserDefaults' of property 'userDefaults' cannot exit nonisolated context; this is an error in the Swift 6 language mode
Build and Test with Bazel	Build main app	2025-11-28T01:27:22.2721430Z 157 |               let settings = try? JSONDecoder().decode(NotificationSettings.self, from: data) else {
Build and Test with Bazel	Build main app	2025-11-28T01:27:22.2722840Z 158 |             return .default
Build and Test with Bazel	Build main app	2025-11-28T01:27:22.2722960Z 
Build and Test with Bazel	Build main app	2025-11-28T01:27:22.2723810Z /Applications/Xcode_16.4.app/Contents/Developer/Platforms/iPhoneSimulator.platform/Developer/SDKs/iPhoneSimulator18.5.sdk/System/Library/Frameworks/Foundation.framework/Headers/NSUserDefaults.h:49:12: note: class 'UserDefaults' does not conform to the 'Sendable' protocol
Build and Test with Bazel	Build main app	2025-11-28T01:27:22.2728010Z  47 |  NSUserDefaults can be observed using Key-Value Observing for any key stored in it. Using NSKeyValueObservingOptionPrior to observe changes from other processes or devices will behave as though NSKeyValueObservingOptionPrior was not specified.
Build and Test with Bazel	Build main app	2025-11-28T01:27:22.2729720Z  48 |  */
Build and Test with Bazel	Build main app	2025-11-28T01:27:22.2730740Z  49 | @interface NSUserDefaults : NSObject {
Build and Test with Bazel	Build main app	2025-11-28T01:27:22.2731800Z     |            `- note: class 'UserDefaults' does not conform to the 'Sendable' protocol
Build and Test with Bazel	Build main app	2025-11-28T01:27:22.2732680Z  50 | @private
Build and Test with Bazel	Build main app	2025-11-28T01:27:22.2733900Z  51 |     id _kvo_;
Build and Test with Bazel	Build main app	2025-11-28T01:27:22.2734080Z 
Build and Test with Bazel	Build main app	2025-11-28T01:27:22.2734750Z Poem of the Day/Services/NotificationService.swift:165:9: warning: non-sendable type 'UserDefaults' of property 'userDefaults' cannot exit nonisolated context; this is an error in the Swift 6 language mode
Build and Test with Bazel	Build main app	2025-11-28T01:27:22.2736490Z 163 |     nonisolated func saveSettings(_ settings: NotificationSettings) {
Build and Test with Bazel	Build main app	2025-11-28T01:27:22.2738720Z 164 |         guard let data = try? JSONEncoder().encode(settings) else { return }
Build and Test with Bazel	Build main app	2025-11-28T01:27:22.2739790Z 165 |         userDefaults.set(data, forKey: "notificationSettings")
Build and Test with Bazel	Build main app	2025-11-28T01:27:22.2740850Z     |         `- warning: non-sendable type 'UserDefaults' of property 'userDefaults' cannot exit nonisolated context; this is an error in the Swift 6 language mode
Build and Test with Bazel	Build main app	2025-11-28T01:27:22.2743280Z 166 |     }
Build and Test with Bazel	Build main app	2025-11-28T01:27:22.2743620Z 167 | }
Build and Test with Bazel	Build main app	2025-11-28T01:27:22.2743710Z 
Build and Test with Bazel	Build main app	2025-11-28T01:27:22.2745920Z /Applications/Xcode_16.4.app/Contents/Developer/Platforms/iPhoneSimulator.platform/Developer/SDKs/iPhoneSimulator18.5.sdk/System/Library/Frameworks/Foundation.framework/Headers/NSUserDefaults.h:49:12: note: class 'UserDefaults' does not conform to the 'Sendable' protocol
Build and Test with Bazel	Build main app	2025-11-28T01:27:22.2747710Z  47 |  NSUserDefaults can be observed using Key-Value Observing for any key stored in it. Using NSKeyValueObservingOptionPrior to observe changes from other processes or devices will behave as though NSKeyValueObservingOptionPrior was not specified.
Build and Test with Bazel	Build main app	2025-11-28T01:27:22.2748710Z  48 |  */
Build and Test with Bazel	Build main app	2025-11-28T01:27:22.2749640Z  49 | @interface NSUserDefaults : NSObject {
Build and Test with Bazel	Build main app	2025-11-28T01:27:22.2751350Z     |            `- note: class 'UserDefaults' does not conform to the 'Sendable' protocol
Build and Test with Bazel	Build main app	2025-11-28T01:27:22.2751860Z  50 | @private
Build and Test with Bazel	Build main app	2025-11-28T01:27:22.2755120Z  51 |     id _kvo_;
Build and Test with Bazel	Build main app	2025-11-28T01:27:22.2757470Z Poem of the Day/ViewModels/PoemViewModel.swift:79:19: warning: constant 'poemTask' inferred to have type '()', which may be unexpected
Build and Test with Bazel	Build main app	2025-11-28T01:27:22.2759290Z  77 |         await telemetryService.track(appLaunchEvent)
Build and Test with Bazel	Build main app	2025-11-28T01:27:22.2761270Z  78 |         
Build and Test with Bazel	Build main app	2025-11-28T01:27:22.2761650Z  79 |         async let poemTask = loadDailyPoem()
Build and Test with Bazel	Build main app	2025-11-28T01:27:22.2762190Z     |                   |- warning: constant 'poemTask' inferred to have type '()', which may be unexpected
Build and Test with Bazel	Build main app	2025-11-28T01:27:22.2762960Z     |                   `- note: add an explicit type annotation to silence this warning
Build and Test with Bazel	Build main app	2025-11-28T01:27:22.2763320Z  80 |         async let favoritesTask = loadFavorites()
Build and Test with Bazel	Build main app	2025-11-28T01:27:22.2763660Z  81 |         async let aiAvailabilityTask = checkAIAvailability()
Build and Test with Bazel	Build main app	2025-11-28T01:27:22.2764710Z 
Build and Test with Bazel	Build main app	2025-11-28T01:27:22.2765190Z Poem of the Day/ViewModels/PoemViewModel.swift:80:19: warning: constant 'favoritesTask' inferred to have type '()', which may be unexpected
Build and Test with Bazel	Build main app	2025-11-28T01:27:22.2766350Z  78 |         
Build and Test with Bazel	Build main app	2025-11-28T01:27:22.2766650Z  79 |         async let poemTask = loadDailyPoem()
Build and Test with Bazel	Build main app	2025-11-28T01:27:22.2766950Z  80 |         async let favoritesTask = loadFavorites()
Build and Test with Bazel	Build main app	2025-11-28T01:27:22.2767620Z     |                   |- warning: constant 'favoritesTask' inferred to have type '()', which may be unexpected
Build and Test with Bazel	Build main app	2025-11-28T01:27:22.2768080Z     |                   `- note: add an explicit type annotation to silence this warning
Build and Test with Bazel	Build main app	2025-11-28T01:27:22.2768790Z  81 |         async let aiAvailabilityTask = checkAIAvailability()
Build and Test with Bazel	Build main app	2025-11-28T01:27:22.2769110Z  82 |         async let vibeTask = loadDailyVibe()
Build and Test with Bazel	Build main app	2025-11-28T01:27:22.2769260Z 
Build and Test with Bazel	Build main app	2025-11-28T01:27:22.2769670Z Poem of the Day/ViewModels/PoemViewModel.swift:81:19: warning: constant 'aiAvailabilityTask' inferred to have type '()', which may be unexpected
Build and Test with Bazel	Build main app	2025-11-28T01:27:22.2770300Z  79 |         async let poemTask = loadDailyPoem()
Build and Test with Bazel	Build main app	2025-11-28T01:27:22.2770710Z  80 |         async let favoritesTask = loadFavorites()
Build and Test with Bazel	Build main app	2025-11-28T01:27:22.2771230Z  81 |         async let aiAvailabilityTask = checkAIAvailability()
Build and Test with Bazel	Build main app	2025-11-28T01:27:22.2771750Z     |                   |- warning: constant 'aiAvailabilityTask' inferred to have type '()', which may be unexpected
Build and Test with Bazel	Build main app	2025-11-28T01:27:22.2772200Z     |                   `- note: add an explicit type annotation to silence this warning
Build and Test with Bazel	Build main app	2025-11-28T01:27:22.2772700Z  82 |         async let vibeTask = loadDailyVibe()
Build and Test with Bazel	Build main app	2025-11-28T01:27:22.2773720Z  83 |         
Build and Test with Bazel	Build main app	2025-11-28T01:27:22.2773870Z 
Build and Test with Bazel	Build main app	2025-11-28T01:27:22.2774160Z Poem of the Day/ViewModels/PoemViewModel.swift:82:19: warning: constant 'vibeTask' inferred to have type '()', which may be unexpected
Build and Test with Bazel	Build main app	2025-11-28T01:27:22.2774790Z  80 |         async let favoritesTask = loadFavorites()
Build and Test with Bazel	Build main app	2025-11-28T01:27:22.2775150Z  81 |         async let aiAvailabilityTask = checkAIAvailability()
Build and Test with Bazel	Build main app	2025-11-28T01:27:22.2775470Z  82 |         async let vibeTask = loadDailyVibe()
Build and Test with Bazel	Build main app	2025-11-28T01:27:22.2775840Z     |                   |- warning: constant 'vibeTask' inferred to have type '()', which may be unexpected
Build and Test with Bazel	Build main app	2025-11-28T01:27:22.2776460Z     |                   `- note: add an explicit type annotation to silence this warning
Build and Test with Bazel	Build main app	2025-11-28T01:27:22.2776750Z  83 |         
Build and Test with Bazel	Build main app	2025-11-28T01:27:22.2777120Z  84 |         await poemTask
Build and Test with Bazel	Build main app	2025-11-28T01:27:22.3055420Z [69 / 76] [Prepa] Linking libPoemOfTheDayLib.a
Build and Test with Bazel	Build main app	2025-11-28T01:27:23.7827120Z [70 / 76] Linking PoemOfTheDay_bin; 0s darwin-sandbox
Build and Test with Bazel	Build main app	2025-11-28T01:27:25.0077000Z INFO: From Linking PoemOfTheDay_bin:
Build and Test with Bazel	Build main app	2025-11-28T01:27:25.0077960Z warning: no debug symbols in executable (-arch arm64)
Build and Test with Bazel	Build main app	2025-11-28T01:27:25.0170350Z [71 / 76] [Prepa] Copy DWARF into dSYM `PoemOfTheDay_bin.dwarf`
Build and Test with Bazel	Build main app	2025-11-28T01:27:26.0783360Z [75 / 76] [Prepa] Processing and signing PoemOfTheDay
Build and Test with Bazel	Build main app	2025-11-28T01:27:27.2529250Z INFO: Found 1 target...
Build and Test with Bazel	Build main app	2025-11-28T01:27:27.3095180Z Target //:PoemOfTheDay up-to-date:
Build and Test with Bazel	Build main app	2025-11-28T01:27:27.3196650Z   bazel-bin/PoemOfTheDay.ipa
Build and Test with Bazel	Build main app	2025-11-28T01:27:27.3298870Z   bazel-bin/PoemOfTheDay.app.dSYM/Contents/Resources/DWARF/PoemOfTheDay
Build and Test with Bazel	Build main app	2025-11-28T01:27:27.3398610Z   bazel-bin/PoemOfTheDay.app.dSYM/Contents/Info.plist
Build and Test with Bazel	Build main app	2025-11-28T01:27:27.3600240Z INFO: Elapsed time: 82.018s, Critical Path: 44.25s
Build and Test with Bazel	Build main app	2025-11-28T01:27:27.3700730Z INFO: 76 processes: 40 internal, 33 darwin-sandbox, 2 local, 1 worker.
Build and Test with Bazel	Build main app	2025-11-28T01:27:27.3819390Z INFO: Build completed successfully, 76 total actions
Build and Test with Bazel	Build widget extension	﻿2025-11-28T01:27:27.4928490Z ##[group]Run cd "Poem of the Day"
Build and Test with Bazel	Build widget extension	2025-11-28T01:27:27.4928990Z [36;1mcd "Poem of the Day"[0m
Build and Test with Bazel	Build widget extension	2025-11-28T01:27:27.4929420Z [36;1mbazelisk build //Poem\ of\ the\ Day\ Widget:PoemOfTheDayWidget[0m
Build and Test with Bazel	Build widget extension	2025-11-28T01:27:27.5156680Z shell: /bin/bash -e {0}
Build and Test with Bazel	Build widget extension	2025-11-28T01:27:27.5156900Z ##[endgroup]
Build and Test with Bazel	Build widget extension	2025-11-28T01:27:27.6773460Z INFO: Options provided by the client:
Build and Test with Bazel	Build widget extension	2025-11-28T01:27:27.6874720Z   Inherited 'common' options: --isatty=0 --terminal_columns=80
Build and Test with Bazel	Build widget extension	2025-11-28T01:27:27.6983590Z INFO: Reading rc options for 'build' from /Users/runner/work/Poem-of-the-Day/Poem-of-the-Day/.bazelrc:
Build and Test with Bazel	Build widget extension	2025-11-28T01:27:27.7084570Z   'build' options: --announce_rc --verbose_failures --apple_platform_type=ios --ios_minimum_os=17.0 --apple_generate_dsym --symlink_prefix=bazel- --experimental_reuse_sandbox_directories --worker_sandboxing
Build and Test with Bazel	Build widget extension	2025-11-28T01:27:27.8309840Z Computing main repo mapping: 
Build and Test with Bazel	Build widget extension	2025-11-28T01:27:27.9051010Z Loading: 
Build and Test with Bazel	Build widget extension	2025-11-28T01:27:27.9161580Z Loading: 0 packages loaded
Build and Test with Bazel	Build widget extension	2025-11-28T01:27:27.9972010Z Analyzing: target //Poem of the Day Widget:PoemOfTheDayWidget (1 packages loaded, 0 targets configured)
Build and Test with Bazel	Build widget extension	2025-11-28T01:27:28.0079910Z Analyzing: target //Poem of the Day Widget:PoemOfTheDayWidget (1 packages loaded, 0 targets configured)
Build and Test with Bazel	Build widget extension	2025-11-28T01:27:28.0205260Z 
Build and Test with Bazel	Build widget extension	2025-11-28T01:27:28.4232700Z INFO: Analyzed target //Poem of the Day Widget:PoemOfTheDayWidget (33 packages loaded, 336 targets configured).
Build and Test with Bazel	Build widget extension	2025-11-28T01:27:29.1493120Z [59 / 71] Compiling Swift module //Poem of the Day Widget:WidgetLib; 0s worker ... (3 actions, 2 running)
Build and Test with Bazel	Build widget extension	2025-11-28T01:27:30.1680330Z [61 / 71] Compiling Swift module //Poem of the Day Widget:WidgetLib; 1s worker ... (3 actions, 2 running)
Build and Test with Bazel	Build widget extension	2025-11-28T01:27:31.9647060Z [63 / 71] Compiling Swift module //Poem of the Day Widget:WidgetLib; 3s worker
Build and Test with Bazel	Build widget extension	2025-11-28T01:27:39.5920060Z [64 / 71] [Prepa] Linking Poem of the Day Widget/libWidgetLib.a
Build and Test with Bazel	Build widget extension	2025-11-28T01:27:40.0812170Z INFO: From Linking Poem of the Day Widget/PoemOfTheDayWidget_bin:
Build and Test with Bazel	Build widget extension	2025-11-28T01:27:40.0812910Z warning: no debug symbols in executable (-arch arm64)
Build and Test with Bazel	Build widget extension	2025-11-28T01:27:40.1864580Z INFO: From Copy DWARF into dSYM `Poem of the Day Widget/PoemOfTheDayWidget_bin.dwarf`:
Build and Test with Bazel	Build widget extension	2025-11-28T01:27:40.1869880Z stat: bazel-out/ios_sim_arm64-fastbuild-ios-sim_arm64-min17.0-applebin_ios-ST-f3259bc0b2ed/bin/Poem: stat: No such file or directory
Build and Test with Bazel	Build widget extension	2025-11-28T01:27:40.1870600Z stat: of: stat: No such file or directory
Build and Test with Bazel	Build widget extension	2025-11-28T01:27:40.1871210Z stat: the: stat: No such file or directory
Build and Test with Bazel	Build widget extension	2025-11-28T01:27:40.1871870Z stat: Day: stat: No such file or directory
Build and Test with Bazel	Build widget extension	2025-11-28T01:27:40.1872550Z stat: Widget/PoemOfTheDayWidget_bin.dwarf: stat: No such file or directory
Build and Test with Bazel	Build widget extension	2025-11-28T01:27:40.1873350Z stat: Widget/PoemOfTheDayWidget.appex.dSYM/Contents/Resources/DWARF: stat: No such file or directory
Build and Test with Bazel	Build widget extension	2025-11-28T01:27:41.0051740Z INFO: Found 1 target...
Build and Test with Bazel	Build widget extension	2025-11-28T01:27:41.0091240Z Target //Poem of the Day Widget:PoemOfTheDayWidget up-to-date:
Build and Test with Bazel	Build widget extension	2025-11-28T01:27:41.0092340Z   bazel-bin/Poem of the Day Widget/PoemOfTheDayWidget.zip
Build and Test with Bazel	Build widget extension	2025-11-28T01:27:41.0093020Z   bazel-bin/Poem of the Day Widget/PoemOfTheDayWidget.appex.dSYM/Contents/Resources/DWARF/PoemOfTheDayWidget
Build and Test with Bazel	Build widget extension	2025-11-28T01:27:41.0094540Z   bazel-bin/Poem of the Day Widget/PoemOfTheDayWidget.appex.dSYM/Contents/Info.plist
Build and Test with Bazel	Build widget extension	2025-11-28T01:27:41.0181930Z INFO: Elapsed time: 13.380s, Critical Path: 12.53s
Build and Test with Bazel	Build widget extension	2025-11-28T01:27:41.0188060Z INFO: 22 processes: 11 internal, 9 darwin-sandbox, 1 local, 1 worker.
Build and Test with Bazel	Build widget extension	2025-11-28T01:27:41.0188760Z INFO: Build completed successfully, 22 total actions
Build and Test with Bazel	Run unit tests	﻿2025-11-28T01:27:41.0770590Z ##[group]Run cd "Poem of the Day"
Build and Test with Bazel	Run unit tests	2025-11-28T01:27:41.0771080Z [36;1mcd "Poem of the Day"[0m
Build and Test with Bazel	Run unit tests	2025-11-28T01:27:41.0771390Z [36;1mbazelisk test --config=ci //PoemOfTheDayTests:PoemOfTheDayTests[0m
Build and Test with Bazel	Run unit tests	2025-11-28T01:27:41.0816300Z shell: /bin/bash -e {0}
Build and Test with Bazel	Run unit tests	2025-11-28T01:27:41.0816560Z ##[endgroup]
Build and Test with Bazel	Run unit tests	2025-11-28T01:27:41.2419460Z INFO: Options provided by the client:
Build and Test with Bazel	Run unit tests	2025-11-28T01:27:41.2522450Z   Inherited 'common' options: --isatty=0 --terminal_columns=80
Build and Test with Bazel	Run unit tests	2025-11-28T01:27:41.2626480Z INFO: Reading rc options for 'test' from /Users/runner/work/Poem-of-the-Day/Poem-of-the-Day/.bazelrc:
Build and Test with Bazel	Run unit tests	2025-11-28T01:27:41.2728980Z   Inherited 'build' options: --announce_rc --verbose_failures --apple_platform_type=ios --ios_minimum_os=17.0 --apple_generate_dsym --symlink_prefix=bazel- --experimental_reuse_sandbox_directories --worker_sandboxing
Build and Test with Bazel	Run unit tests	2025-11-28T01:27:41.2830610Z INFO: Reading rc options for 'test' from /Users/runner/work/Poem-of-the-Day/Poem-of-the-Day/.bazelrc:
Build and Test with Bazel	Run unit tests	2025-11-28T01:27:41.2998400Z   'test' options: --test_output=errors --ios_multi_cpus=sim_arm64 --ios_simulator_device=iPhone 15 Pro --ios_simulator_version=26.1 --test_timeout=900 --test_env=OS_ACTIVITY_MODE=disable
Build and Test with Bazel	Run unit tests	2025-11-28T01:27:41.3123690Z INFO: Found applicable config definition test:ci in file /Users/runner/work/Poem-of-the-Day/Poem-of-the-Day/.bazelrc: --ios_simulator_version=18.6 --test_output=all
Build and Test with Bazel	Run unit tests	2025-11-28T01:27:41.3306010Z Computing main repo mapping: 
Build and Test with Bazel	Run unit tests	2025-11-28T01:27:41.3448950Z Loading: 
Build and Test with Bazel	Run unit tests	2025-11-28T01:27:41.3454780Z Loading: 0 packages loaded
Build and Test with Bazel	Run unit tests	2025-11-28T01:27:41.3797500Z WARNING: Build options --ios_multi_cpus, --ios_simulator_device, --ios_simulator_version, and 1 more have changed, discarding analysis cache (this can be expensive, see https://bazel.build/advanced/performance/iteration-speed).
Build and Test with Bazel	Run unit tests	2025-11-28T01:27:41.4308750Z Analyzing: target //PoemOfTheDayTests:PoemOfTheDayTests (1 packages loaded, 0 targets configured)
Build and Test with Bazel	Run unit tests	2025-11-28T01:27:41.4413530Z Analyzing: target //PoemOfTheDayTests:PoemOfTheDayTests (1 packages loaded, 0 targets configured)
Build and Test with Bazel	Run unit tests	2025-11-28T01:27:41.4418770Z 
Build and Test with Bazel	Run unit tests	2025-11-28T01:27:42.3880820Z INFO: Analyzed target //PoemOfTheDayTests:PoemOfTheDayTests (8 packages loaded, 3652 targets configured).
Build and Test with Bazel	Run unit tests	2025-11-28T01:27:42.4360980Z [37 / 50] [Prepa] Writing file PoemOfTheDayTests/TestLib.output_file_map.json
Build and Test with Bazel	Run unit tests	2025-11-28T01:27:44.4845880Z [66 / 77] AssetCatalogCompile PoemOfTheDayTests/PoemOfTheDayTests.__internal__.__test_bundle-intermediates/xcassets; 1s local ... (2 actions running)
Build and Test with Bazel	Run unit tests	2025-11-28T01:27:51.0924350Z [67 / 77] Compiling Swift module //PoemOfTheDayTests:TestLib; 8s worker ... (2 actions, 1 running)
Build and Test with Bazel	Run unit tests	2025-11-28T01:27:52.7872660Z [68 / 77] Compiling Swift module //PoemOfTheDayTests:TestLib; 9s worker
Build and Test with Bazel	Run unit tests	2025-11-28T01:27:57.1834400Z INFO: From Compiling Swift module //PoemOfTheDayTests:TestLib:
Build and Test with Bazel	Run unit tests	2025-11-28T01:27:57.1935120Z PoemOfTheDayTests/Localization/LocalizationTests.swift:230:14: warning: immutable value 'system' was never used; consider replacing with '_' or removing it
Build and Test with Bazel	Run unit tests	2025-11-28T01:27:57.2036100Z 228 |         ]
Build and Test with Bazel	Run unit tests	2025-11-28T01:27:57.2137300Z 229 |         
Build and Test with Bazel	Run unit tests	2025-11-28T01:27:57.2238080Z 230 |         for (system, distance, temperature) in measurements {
Build and Test with Bazel	Run unit tests	2025-11-28T01:27:57.2339490Z     |              `- warning: immutable value 'system' was never used; consider replacing with '_' or removing it
Build and Test with Bazel	Run unit tests	2025-11-28T01:27:57.2440420Z 231 |             // Test that measurement-related content is handled properly
Build and Test with Bazel	Run unit tests	2025-11-28T01:27:57.2541750Z 232 |             let measurementContent = "Distance: 10 \(distance), Temperature: 20 \(temperature)"
Build and Test with Bazel	Run unit tests	2025-11-28T01:27:57.2649640Z 
Build and Test with Bazel	Run unit tests	2025-11-28T01:27:57.2791540Z PoemOfTheDayTests/Platform/DevicePlatformTests.swift:92:29: warning: result of call to 'fulfillment(of:timeout:enforceOrder:)' is unused
Build and Test with Bazel	Run unit tests	2025-11-28T01:27:57.2793170Z  90 |         
Build and Test with Bazel	Run unit tests	2025-11-28T01:27:57.2793880Z  91 |         expectation.expectedFulfillmentCount = maxConcurrentOperations
Build and Test with Bazel	Run unit tests	2025-11-28T01:27:57.2795110Z  92 |         try await XCTWaiter.fulfillment(of: [expectation], timeout: 3.0)
Build and Test with Bazel	Run unit tests	2025-11-28T01:27:57.2796260Z     |                             `- warning: result of call to 'fulfillment(of:timeout:enforceOrder:)' is unused
Build and Test with Bazel	Run unit tests	2025-11-28T01:27:57.2799300Z  93 |     }
Build and Test with Bazel	Run unit tests	2025-11-28T01:27:57.2799740Z  94 |     
Build and Test with Bazel	Run unit tests	2025-11-28T01:27:57.2800080Z 
Build and Test with Bazel	Run unit tests	2025-11-28T01:27:57.2801170Z PoemOfTheDayTests/Platform/DevicePlatformTests.swift:80:13: warning: immutable value 'i' was never used; consider replacing with '_' or removing it
Build and Test with Bazel	Run unit tests	2025-11-28T01:27:57.2802670Z  78 |         let maxConcurrentOperations = 2
Build and Test with Bazel	Run unit tests	2025-11-28T01:27:57.2803290Z  79 |         
Build and Test with Bazel	Run unit tests	2025-11-28T01:27:57.2820370Z  80 |         for i in 0..<maxConcurrentOperations {
Build and Test with Bazel	Run unit tests	2025-11-28T01:27:57.2821430Z     |             `- warning: immutable value 'i' was never used; consider replacing with '_' or removing it
Build and Test with Bazel	Run unit tests	2025-11-28T01:27:57.2822400Z  81 |             Task {
Build and Test with Bazel	Run unit tests	2025-11-28T01:27:57.2822880Z  82 |                 do {
Build and Test with Bazel	Run unit tests	2025-11-28T01:27:57.2823300Z 
Build and Test with Bazel	Run unit tests	2025-11-28T01:27:57.2824210Z PoemOfTheDayTests/Platform/DevicePlatformTests.swift:92:9: warning: no calls to throwing functions occur within 'try' expression
Build and Test with Bazel	Run unit tests	2025-11-28T01:27:57.2827780Z  90 |         
Build and Test with Bazel	Run unit tests	2025-11-28T01:27:57.2828510Z  91 |         expectation.expectedFulfillmentCount = maxConcurrentOperations
Build and Test with Bazel	Run unit tests	2025-11-28T01:27:57.2829680Z  92 |         try await XCTWaiter.fulfillment(of: [expectation], timeout: 3.0)
Build and Test with Bazel	Run unit tests	2025-11-28T01:27:57.2830790Z     |         `- warning: no calls to throwing functions occur within 'try' expression
Build and Test with Bazel	Run unit tests	2025-11-28T01:27:57.2831620Z  93 |     }
Build and Test with Bazel	Run unit tests	2025-11-28T01:27:57.2832580Z  94 |     
Build and Test with Bazel	Run unit tests	2025-11-28T01:27:57.2933420Z 
Build and Test with Bazel	Run unit tests	2025-11-28T01:27:57.3035470Z PoemOfTheDayTests/Platform/DevicePlatformTests.swift:115:29: warning: result of call to 'fulfillment(of:timeout:enforceOrder:)' is unused
Build and Test with Bazel	Run unit tests	2025-11-28T01:27:57.3137040Z 113 |         
Build and Test with Bazel	Run unit tests	2025-11-28T01:27:57.3238190Z 114 |         expectation.fulfill()
Build and Test with Bazel	Run unit tests	2025-11-28T01:27:57.3339540Z 115 |         try await XCTWaiter.fulfillment(of: [expectation], timeout: 5.0)
Build and Test with Bazel	Run unit tests	2025-11-28T01:27:57.3440770Z     |                             `- warning: result of call to 'fulfillment(of:timeout:enforceOrder:)' is unused
Build and Test with Bazel	Run unit tests	2025-11-28T01:27:57.3544090Z 116 |     }
Build and Test with Bazel	Run unit tests	2025-11-28T01:27:57.3648100Z 117 |     
Build and Test with Bazel	Run unit tests	2025-11-28T01:27:57.3748670Z 
Build and Test with Bazel	Run unit tests	2025-11-28T01:27:57.3850020Z PoemOfTheDayTests/Platform/DevicePlatformTests.swift:103:17: warning: immutable value 'i' was never used; consider replacing with '_' or removing it
Build and Test with Bazel	Run unit tests	2025-11-28T01:27:57.3952070Z 101 |         
Build and Test with Bazel	Run unit tests	2025-11-28T01:27:57.4054370Z 102 |         await withTaskGroup(of: Void.self) { group in
Build and Test with Bazel	Run unit tests	2025-11-28T01:27:57.4155670Z 103 |             for i in 0..<maxConcurrentOperations {
Build and Test with Bazel	Run unit tests	2025-11-28T01:27:57.4260990Z     |                 `- warning: immutable value 'i' was never used; consider replacing with '_' or removing it
Build and Test with Bazel	Run unit tests	2025-11-28T01:27:57.4384890Z 104 |                 group.addTask {
Build and Test with Bazel	Run unit tests	2025-11-28T01:27:57.4489660Z 105 |                     do {
Build and Test with Bazel	Run unit tests	2025-11-28T01:27:57.4592890Z 
Build and Test with Bazel	Run unit tests	2025-11-28T01:27:57.4711640Z PoemOfTheDayTests/Platform/DevicePlatformTests.swift:115:9: warning: no calls to throwing functions occur within 'try' expression
Build and Test with Bazel	Run unit tests	2025-11-28T01:27:57.4813920Z 113 |         
Build and Test with Bazel	Run unit tests	2025-11-28T01:27:57.4923000Z 114 |         expectation.fulfill()
Build and Test with Bazel	Run unit tests	2025-11-28T01:27:57.5024290Z 115 |         try await XCTWaiter.fulfillment(of: [expectation], timeout: 5.0)
Build and Test with Bazel	Run unit tests	2025-11-28T01:27:57.5129690Z     |         `- warning: no calls to throwing functions occur within 'try' expression
Build and Test with Bazel	Run unit tests	2025-11-28T01:27:57.5232860Z 116 |     }
Build and Test with Bazel	Run unit tests	2025-11-28T01:27:57.5335550Z 117 |     
Build and Test with Bazel	Run unit tests	2025-11-28T01:27:57.5436550Z 
Build and Test with Bazel	Run unit tests	2025-11-28T01:27:57.5538070Z PoemOfTheDayTests/Security/SecurityInputValidationTests.swift:329:13: warning: immutable value 'i' was never used; consider replacing with '_' or removing it
Build and Test with Bazel	Run unit tests	2025-11-28T01:27:57.5639730Z 327 |         
Build and Test with Bazel	Run unit tests	2025-11-28T01:27:57.5743840Z 328 |         // Create multiple concurrent operations
Build and Test with Bazel	Run unit tests	2025-11-28T01:27:57.5845410Z 329 |         for i in 0..<10 {
Build and Test with Bazel	Run unit tests	2025-11-28T01:27:57.5947160Z     |             `- warning: immutable value 'i' was never used; consider replacing with '_' or removing it
Build and Test with Bazel	Run unit tests	2025-11-28T01:27:57.6048420Z 330 |             DispatchQueue.global(qos: .background).async {
Build and Test with Bazel	Run unit tests	2025-11-28T01:27:57.6152420Z 331 |                 // Test that poem properties can be safely accessed concurrently
Build and Test with Bazel	Run unit tests	2025-11-28T01:27:57.6262330Z 
Build and Test with Bazel	Run unit tests	2025-11-28T01:27:57.6366280Z PoemOfTheDayTests/ViewModels/PoemViewModelTests.swift:85:13: warning: initialization of immutable value 'vibePoem' was never used; consider replacing with assignment to '_' or removing it
Build and Test with Bazel	Run unit tests	2025-11-28T01:27:57.6468390Z  83 |     func testGenerateVibeBasedPoem() async {
Build and Test with Bazel	Run unit tests	2025-11-28T01:27:57.6570760Z  84 |         // Given
Build and Test with Bazel	Run unit tests	2025-11-28T01:27:57.6674710Z  85 |         let vibePoem = TestData.vibePoem
Build and Test with Bazel	Run unit tests	2025-11-28T01:27:57.6776940Z     |             `- warning: initialization of immutable value 'vibePoem' was never used; consider replacing with assignment to '_' or removing it
Build and Test with Bazel	Run unit tests	2025-11-28T01:27:57.6996610Z  86 |         mockRepository.isAIAvailable = true
Build and Test with Bazel	Run unit tests	2025-11-28T01:27:57.7105600Z  87 |         
Build and Test with Bazel	Run unit tests	2025-11-28T01:27:57.7325690Z [69 / 77] [Prepa] Linking PoemOfTheDayTests/libTestLib.a
Build and Test with Bazel	Run unit tests	2025-11-28T01:27:57.7427870Z INFO: From Linking PoemOfTheDayTests/PoemOfTheDayTests.__internal__.__test_bundle_bin:
Build and Test with Bazel	Run unit tests	2025-11-28T01:27:57.7530030Z warning: no debug symbols in executable (-arch arm64)
Build and Test with Bazel	Run unit tests	2025-11-28T01:27:58.6885280Z [76 / 77] [Prepa] Creating symlink PoemOfTheDayTests/PoemOfTheDayTests.zip
Build and Test with Bazel	Run unit tests	2025-11-28T01:28:00.1109520Z [77 / 78] Testing //PoemOfTheDayTests:PoemOfTheDayTests; 1s darwin-sandbox
Build and Test with Bazel	Run unit tests	2025-11-28T01:28:10.8926490Z [77 / 78] Testing //PoemOfTheDayTests:PoemOfTheDayTests; 12s darwin-sandbox
Build and Test with Bazel	Run unit tests	2025-11-28T01:28:18.7718450Z [77 / 78] Testing //PoemOfTheDayTests:PoemOfTheDayTests; 20s darwin-sandbox
Build and Test with Bazel	Run unit tests	2025-11-28T01:28:18.8763030Z INFO: From Testing //PoemOfTheDayTests:PoemOfTheDayTests:
Build and Test with Bazel	Run unit tests	2025-11-28T01:28:18.8763480Z ==================== Test output for //PoemOfTheDayTests:PoemOfTheDayTests:
Build and Test with Bazel	Run unit tests	2025-11-28T01:28:18.8864720Z INFO: Found 1 test target...
Build and Test with Bazel	Run unit tests	2025-11-28T01:28:18.8865060Z 2025-11-28 01:28:02,969 Creating a new simulator:
Build and Test with Bazel	Run unit tests	2025-11-28T01:28:18.8966370Z Target //PoemOfTheDayTests:PoemOfTheDayTests up-to-date:
Build and Test with Bazel	Run unit tests	2025-11-28T01:28:18.8969350Z Name: New-iPhone 15 Pro-18.6
Build and Test with Bazel	Run unit tests	2025-11-28T01:28:18.9076360Z   bazel-out/ios_sim_arm64-fastbuild-ios-sim_arm64-min17.0-applebin_ios-ST-f3259bc0b2ed/bin/PoemOfTheDayTests/PoemOfTheDayTests.xctest.dSYM/Contents/Resources/DWARF/PoemOfTheDayTests
Build and Test with Bazel	Run unit tests	2025-11-28T01:28:18.9077080Z OS: iOS 18.6
Build and Test with Bazel	Run unit tests	2025-11-28T01:28:18.9178430Z   bazel-out/ios_sim_arm64-fastbuild-ios-sim_arm64-min17.0-applebin_ios-ST-f3259bc0b2ed/bin/PoemOfTheDayTests/PoemOfTheDayTests.xctest.dSYM/Contents/Info.plist
Build and Test with Bazel	Run unit tests	2025-11-28T01:28:18.9179070Z Type: iPhone 15 Pro
Build and Test with Bazel	Run unit tests	2025-11-28T01:28:18.9280080Z   bazel-bin/PoemOfTheDayTests/PoemOfTheDayTests
Build and Test with Bazel	Run unit tests	2025-11-28T01:28:18.9280650Z 2025-11-28 01:28:03,986 Created new simulator 79BF1F22-D729-4AFE-9C79-3D54F0218DF1.
Build and Test with Bazel	Run unit tests	2025-11-28T01:28:18.9382030Z   bazel-out/ios_sim_arm64-fastbuild-ios-sim_arm64-min17.0-applebin_ios-ST-f3259bc0b2ed/bin/PoemOfTheDayTests/PoemOfTheDayTests.zip
Build and Test with Bazel	Run unit tests	2025-11-28T01:28:18.9383020Z 2025-11-28 01:28:03,986 Will consider the test as test type Logic Test to run. Because the app under test is not given.
Build and Test with Bazel	Run unit tests	2025-11-28T01:28:18.9484080Z INFO: Elapsed time: 37.700s, Critical Path: 36.04s
Build and Test with Bazel	Run unit tests	2025-11-28T01:28:18.9484980Z Test Suite 'All tests' started at 2025-11-28 01:28:07.282.
Build and Test with Bazel	Run unit tests	2025-11-28T01:28:18.9589710Z INFO: 27 processes: 57 action cache hit, 16 internal, 8 darwin-sandbox, 2 local, 1 worker.
Build and Test with Bazel	Run unit tests	2025-11-28T01:28:18.9590310Z Test Suite 'PoemOfTheDayTests.xctest' started at 2025-11-28 01:28:07.351.
Build and Test with Bazel	Run unit tests	2025-11-28T01:28:18.9691460Z INFO: Build completed successfully, 27 total actions
Build and Test with Bazel	Run unit tests	2025-11-28T01:28:18.9691890Z Test Suite 'DevicePlatformTests' started at 2025-11-28 01:28:07.352.
Build and Test with Bazel	Run unit tests	2025-11-28T01:28:18.9796910Z Test Case '-[PoemOfTheDayTests.DevicePlatformTests testCellularDataOptimizations]' started.
Build and Test with Bazel	Run unit tests	2025-11-28T01:28:18.9898250Z Test Case '-[PoemOfTheDayTests.DevicePlatformTests testCellularDataOptimizations]' passed (0.073 seconds).
Build and Test with Bazel	Run unit tests	2025-11-28T01:28:18.9999860Z Test Case '-[PoemOfTheDayTests.DevicePlatformTests testDifferentScreenSizeLayouts]' started.
Build and Test with Bazel	Run unit tests	2025-11-28T01:28:19.0080470Z Test Case '-[PoemOfTheDayTests.DevicePlatformTests testDifferentScreenSizeLayouts]' passed (0.005 seconds).
Build and Test with Bazel	Run unit tests	2025-11-28T01:28:19.0181910Z Test Case '-[PoemOfTheDayTests.DevicePlatformTests testDynamicTypeScaling]' started.
Build and Test with Bazel	Run unit tests	2025-11-28T01:28:19.0295820Z Test Case '-[PoemOfTheDayTests.DevicePlatformTests testDynamicTypeScaling]' passed (0.000 seconds).
Build and Test with Bazel	Run unit tests	2025-11-28T01:28:19.0397190Z Test Case '-[PoemOfTheDayTests.DevicePlatformTests testHighEndDeviceOptimizations]' started.
Build and Test with Bazel	Run unit tests	2025-11-28T01:28:19.0517180Z Test Case '-[PoemOfTheDayTests.DevicePlatformTests testHighEndDeviceOptimizations]' passed (0.015 seconds).
Build and Test with Bazel	Run unit tests	2025-11-28T01:28:19.0618590Z Test Case '-[PoemOfTheDayTests.DevicePlatformTests testLowEndDevicePerformance]' started.
Build and Test with Bazel	Run unit tests	2025-11-28T01:28:19.0719880Z Test Case '-[PoemOfTheDayTests.DevicePlatformTests testLowEndDevicePerformance]' passed (0.001 seconds).
Build and Test with Bazel	Run unit tests	2025-11-28T01:28:19.0827010Z Test Case '-[PoemOfTheDayTests.DevicePlatformTests testLowPowerModeOptimizations]' started.
Build and Test with Bazel	Run unit tests	2025-11-28T01:28:19.0927300Z Test Case '-[PoemOfTheDayTests.DevicePlatformTests testLowPowerModeOptimizations]' passed (0.001 seconds).
Build and Test with Bazel	Run unit tests	2025-11-28T01:28:19.1031620Z Test Case '-[PoemOfTheDayTests.DevicePlatformTests testOrientationChangeHandling]' started.
Build and Test with Bazel	Run unit tests	2025-11-28T01:28:19.1132270Z Test Case '-[PoemOfTheDayTests.DevicePlatformTests testOrientationChangeHandling]' passed (0.000 seconds).
Build and Test with Bazel	Run unit tests	2025-11-28T01:28:19.1233890Z Test Case '-[PoemOfTheDayTests.DevicePlatformTests testSwitchControlSupport]' started.
Build and Test with Bazel	Run unit tests	2025-11-28T01:28:19.1336420Z Test Case '-[PoemOfTheDayTests.DevicePlatformTests testSwitchControlSupport]' passed (0.000 seconds).
Build and Test with Bazel	Run unit tests	2025-11-28T01:28:19.1435470Z Test Case '-[PoemOfTheDayTests.DevicePlatformTests testThermalStateHandling]' started.
Build and Test with Bazel	Run unit tests	2025-11-28T01:28:19.1537230Z Test Case '-[PoemOfTheDayTests.DevicePlatformTests testThermalStateHandling]' passed (0.000 seconds).
Build and Test with Bazel	Run unit tests	2025-11-28T01:28:19.1638650Z Test Case '-[PoemOfTheDayTests.DevicePlatformTests testVoiceOverIntegration]' started.
Build and Test with Bazel	Run unit tests	2025-11-28T01:28:19.1739960Z Test Case '-[PoemOfTheDayTests.DevicePlatformTests testVoiceOverIntegration]' passed (0.000 seconds).
Build and Test with Bazel	Run unit tests	2025-11-28T01:28:19.1841270Z Test Suite 'DevicePlatformTests' passed at 2025-11-28 01:28:07.448.
Build and Test with Bazel	Run unit tests	2025-11-28T01:28:19.1942600Z 	 Executed 10 tests, with 0 failures (0 unexpected) in 0.096 (0.096) seconds
Build and Test with Bazel	Run unit tests	2025-11-28T01:28:19.2043960Z Test Suite 'LocalizationTests' started at 2025-11-28 01:28:07.448.
Build and Test with Bazel	Run unit tests	2025-11-28T01:28:19.2145130Z Test Case '-[PoemOfTheDayTests.LocalizationTests testCulturallyAppropriatePoemContent]' started.
Build and Test with Bazel	Run unit tests	2025-11-28T01:28:19.2246350Z Test Case '-[PoemOfTheDayTests.LocalizationTests testCulturallyAppropriatePoemContent]' passed (0.006 seconds).
Build and Test with Bazel	Run unit tests	2025-11-28T01:28:19.2347720Z Test Case '-[PoemOfTheDayTests.LocalizationTests testInputMethodSupport]' started.
Build and Test with Bazel	Run unit tests	2025-11-28T01:28:19.2449100Z Test Case '-[PoemOfTheDayTests.LocalizationTests testInputMethodSupport]' passed (0.014 seconds).
Build and Test with Bazel	Run unit tests	2025-11-28T01:28:19.2549110Z Test Case '-[PoemOfTheDayTests.LocalizationTests testInternationalPoemContent]' started.
Build and Test with Bazel	Run unit tests	2025-11-28T01:28:19.2649560Z Test Case '-[PoemOfTheDayTests.LocalizationTests testInternationalPoemContent]' passed (0.015 seconds).
Build and Test with Bazel	Run unit tests	2025-11-28T01:28:19.2781010Z Test Case '-[PoemOfTheDayTests.LocalizationTests testLocalizedAccessibilityLabels]' started.
Build and Test with Bazel	Run unit tests	2025-11-28T01:28:19.2882710Z Test Case '-[PoemOfTheDayTests.LocalizationTests testLocalizedAccessibilityLabels]' passed (0.000 seconds).
Build and Test with Bazel	Run unit tests	2025-11-28T01:28:19.2984260Z Test Case '-[PoemOfTheDayTests.LocalizationTests testRegionalDateFormatting]' started.
Build and Test with Bazel	Run unit tests	2025-11-28T01:28:19.3085520Z Test Case '-[PoemOfTheDayTests.LocalizationTests testRegionalDateFormatting]' passed (0.039 seconds).
Build and Test with Bazel	Run unit tests	2025-11-28T01:28:19.3192120Z Test Case '-[PoemOfTheDayTests.LocalizationTests testRegionalMeasurements]' started.
Build and Test with Bazel	Run unit tests	2025-11-28T01:28:19.3295800Z Test Case '-[PoemOfTheDayTests.LocalizationTests testRegionalMeasurements]' passed (0.000 seconds).
Build and Test with Bazel	Run unit tests	2025-11-28T01:28:19.3397770Z Test Case '-[PoemOfTheDayTests.LocalizationTests testRegionalNumberFormatting]' started.
Build and Test with Bazel	Run unit tests	2025-11-28T01:28:19.3499940Z Test Case '-[PoemOfTheDayTests.LocalizationTests testRegionalNumberFormatting]' passed (0.002 seconds).
Build and Test with Bazel	Run unit tests	2025-11-28T01:28:19.3603280Z Test Case '-[PoemOfTheDayTests.LocalizationTests testRightToLeftLanguageSupport]' started.
Build and Test with Bazel	Run unit tests	2025-11-28T01:28:19.3722620Z Test Case '-[PoemOfTheDayTests.LocalizationTests testRightToLeftLanguageSupport]' passed (0.028 seconds).
Build and Test with Bazel	Run unit tests	2025-11-28T01:28:19.3824180Z Test Case '-[PoemOfTheDayTests.LocalizationTests testTimeZoneHandling]' started.
Build and Test with Bazel	Run unit tests	2025-11-28T01:28:19.3924770Z Test Case '-[PoemOfTheDayTests.LocalizationTests testTimeZoneHandling]' passed (0.008 seconds).
Build and Test with Bazel	Run unit tests	2025-11-28T01:28:19.4047210Z Test Suite 'LocalizationTests' passed at 2025-11-28 01:28:07.560.
Build and Test with Bazel	Run unit tests	2025-11-28T01:28:19.4148700Z 	 Executed 9 tests, with 0 failures (0 unexpected) in 0.112 (0.113) seconds
Build and Test with Bazel	Run unit tests	2025-11-28T01:28:19.4149220Z Test Suite 'NetworkServiceTests' started at 2025-11-28 01:28:07.560.
Build and Test with Bazel	Run unit tests	2025-11-28T01:28:19.4250820Z Test Case '-[PoemOfTheDayTests.NetworkServiceTests testFetchRandomPoem_NetworkError]' started.
Build and Test with Bazel	Run unit tests	2025-11-28T01:28:19.4353010Z Test Case '-[PoemOfTheDayTests.NetworkServiceTests testFetchRandomPoem_NetworkError]' passed (0.002 seconds).
Build and Test with Bazel	Run unit tests	2025-11-28T01:28:19.4460550Z Test Case '-[PoemOfTheDayTests.NetworkServiceTests testFetchRandomPoem_NoPoems]' started.
Build and Test with Bazel	Run unit tests	2025-11-28T01:28:19.4561940Z Test Case '-[PoemOfTheDayTests.NetworkServiceTests testFetchRandomPoem_NoPoems]' passed (0.000 seconds).
Build and Test with Bazel	Run unit tests	2025-11-28T01:28:19.4663460Z Test Case '-[PoemOfTheDayTests.NetworkServiceTests testFetchRandomPoem_RateLimited]' started.
Build and Test with Bazel	Run unit tests	2025-11-28T01:28:19.4764800Z Test Case '-[PoemOfTheDayTests.NetworkServiceTests testFetchRandomPoem_RateLimited]' passed (0.000 seconds).
Build and Test with Bazel	Run unit tests	2025-11-28T01:28:19.4867470Z Test Case '-[PoemOfTheDayTests.NetworkServiceTests testFetchRandomPoem_ServerError]' started.
Build and Test with Bazel	Run unit tests	2025-11-28T01:28:19.4970850Z Test Case '-[PoemOfTheDayTests.NetworkServiceTests testFetchRandomPoem_ServerError]' passed (0.000 seconds).
Build and Test with Bazel	Run unit tests	2025-11-28T01:28:19.5073290Z Test Case '-[PoemOfTheDayTests.NetworkServiceTests testFetchRandomPoem_Success]' started.
Build and Test with Bazel	Run unit tests	2025-11-28T01:28:19.5174790Z Test Case '-[PoemOfTheDayTests.NetworkServiceTests testFetchRandomPoem_Success]' passed (0.000 seconds).
Build and Test with Bazel	Run unit tests	2025-11-28T01:28:19.5276170Z Test Case '-[PoemOfTheDayTests.NetworkServiceTests testFetchRandomPoem_WithDelay]' started.
Build and Test with Bazel	Run unit tests	2025-11-28T01:28:19.5378290Z Test Case '-[PoemOfTheDayTests.NetworkServiceTests testFetchRandomPoem_WithDelay]' passed (0.106 seconds).
Build and Test with Bazel	Run unit tests	2025-11-28T01:28:19.5479580Z Test Suite 'NetworkServiceTests' passed at 2025-11-28 01:28:07.670.
Build and Test with Bazel	Run unit tests	2025-11-28T01:28:19.5580800Z 	 Executed 6 tests, with 0 failures (0 unexpected) in 0.109 (0.109) seconds
Build and Test with Bazel	Run unit tests	2025-11-28T01:28:19.5682480Z Test Suite 'NewsServiceTests' started at 2025-11-28 01:28:07.670.
Build and Test with Bazel	Run unit tests	2025-11-28T01:28:19.5810760Z Test Case '-[PoemOfTheDayTests.NewsServiceTests testFetchDailyNews_EmptyResult]' started.
Build and Test with Bazel	Run unit tests	2025-11-28T01:28:19.5913620Z Test Case '-[PoemOfTheDayTests.NewsServiceTests testFetchDailyNews_EmptyResult]' passed (0.001 seconds).
Build and Test with Bazel	Run unit tests	2025-11-28T01:28:19.6016150Z Test Case '-[PoemOfTheDayTests.NewsServiceTests testFetchDailyNews_NetworkError]' started.
Build and Test with Bazel	Run unit tests	2025-11-28T01:28:19.6135450Z Test Case '-[PoemOfTheDayTests.NewsServiceTests testFetchDailyNews_NetworkError]' passed (0.000 seconds).
Build and Test with Bazel	Run unit tests	2025-11-28T01:28:19.6253330Z Test Case '-[PoemOfTheDayTests.NewsServiceTests testFetchDailyNews_NoArticles]' started.
Build and Test with Bazel	Run unit tests	2025-11-28T01:28:19.6388260Z Test Case '-[PoemOfTheDayTests.NewsServiceTests testFetchDailyNews_NoArticles]' passed (0.163 seconds).
Build and Test with Bazel	Run unit tests	2025-11-28T01:28:19.6490600Z Test Case '-[PoemOfTheDayTests.NewsServiceTests testFetchDailyNews_RateLimited]' started.
Build and Test with Bazel	Run unit tests	2025-11-28T01:28:19.6600440Z Test Case '-[PoemOfTheDayTests.NewsServiceTests testFetchDailyNews_RateLimited]' passed (0.001 seconds).
Build and Test with Bazel	Run unit tests	2025-11-28T01:28:19.6652780Z Test Case '-[PoemOfTheDayTests.NewsServiceTests testFetchDailyNews_ServerError]' started.
Build and Test with Bazel	Run unit tests	2025-11-28T01:28:19.6759700Z Test Case '-[PoemOfTheDayTests.NewsServiceTests testFetchDailyNews_ServerError]' passed (0.000 seconds).
Build and Test with Bazel	Run unit tests	2025-11-28T01:28:19.6881050Z Test Case '-[PoemOfTheDayTests.NewsServiceTests testFetchDailyNews_Success]' started.
Build and Test with Bazel	Run unit tests	2025-11-28T01:28:19.6982390Z Test Case '-[PoemOfTheDayTests.NewsServiceTests testFetchDailyNews_Success]' passed (0.002 seconds).
Build and Test with Bazel	Run unit tests	2025-11-28T01:28:19.7084580Z Test Case '-[PoemOfTheDayTests.NewsServiceTests testFetchDailyNews_WithDelay]' started.
Build and Test with Bazel	Run unit tests	2025-11-28T01:28:19.7186360Z Test Case '-[PoemOfTheDayTests.NewsServiceTests testFetchDailyNews_WithDelay]' passed (0.214 seconds).
Build and Test with Bazel	Run unit tests	2025-11-28T01:28:19.7287960Z Test Case '-[PoemOfTheDayTests.NewsServiceTests testNewsArticleProperties]' started.
Build and Test with Bazel	Run unit tests	2025-11-28T01:28:19.7390740Z Test Case '-[PoemOfTheDayTests.NewsServiceTests testNewsArticleProperties]' passed (0.003 seconds).
Build and Test with Bazel	Run unit tests	2025-11-28T01:28:19.7492180Z Test Case '-[PoemOfTheDayTests.NewsServiceTests testNewsSourceProperties]' started.
Build and Test with Bazel	Run unit tests	2025-11-28T01:28:19.7593470Z Test Case '-[PoemOfTheDayTests.NewsServiceTests testNewsSourceProperties]' passed (0.000 seconds).
Build and Test with Bazel	Run unit tests	2025-11-28T01:28:19.7694960Z Test Suite 'NewsServiceTests' passed at 2025-11-28 01:28:08.055.
Build and Test with Bazel	Run unit tests	2025-11-28T01:28:19.7796260Z 	 Executed 9 tests, with 0 failures (0 unexpected) in 0.384 (0.385) seconds
Build and Test with Bazel	Run unit tests	2025-11-28T01:28:19.7897480Z Test Suite 'PoemRepositoryTests' started at 2025-11-28 01:28:08.055.
Build and Test with Bazel	Run unit tests	2025-11-28T01:28:19.7999430Z Test Case '-[PoemOfTheDayTests.PoemRepositoryTests testAddToFavorites]' started.
Build and Test with Bazel	Run unit tests	2025-11-28T01:28:19.8100880Z Test Case '-[PoemOfTheDayTests.PoemRepositoryTests testAddToFavorites]' passed (0.008 seconds).
Build and Test with Bazel	Run unit tests	2025-11-28T01:28:19.8202560Z Test Case '-[PoemOfTheDayTests.PoemRepositoryTests testCheckAIAvailability]' started.
Build and Test with Bazel	Run unit tests	2025-11-28T01:28:19.8304060Z Test Case '-[PoemOfTheDayTests.PoemRepositoryTests testCheckAIAvailability]' passed (0.000 seconds).
Build and Test with Bazel	Run unit tests	2025-11-28T01:28:19.8405870Z Test Case '-[PoemOfTheDayTests.PoemRepositoryTests testGenerateCustomPoem]' started.
Build and Test with Bazel	Run unit tests	2025-11-28T01:28:19.8506130Z Test Case '-[PoemOfTheDayTests.PoemRepositoryTests testGenerateCustomPoem]' passed (0.017 seconds).
Build and Test with Bazel	Run unit tests	2025-11-28T01:28:19.8607630Z Test Case '-[PoemOfTheDayTests.PoemRepositoryTests testGenerateVibeBasedPoem]' started.
Build and Test with Bazel	Run unit tests	2025-11-28T01:28:19.8707870Z Test Case '-[PoemOfTheDayTests.PoemRepositoryTests testGenerateVibeBasedPoem]' passed (0.008 seconds).
Build and Test with Bazel	Run unit tests	2025-11-28T01:28:19.8809190Z Test Case '-[PoemOfTheDayTests.PoemRepositoryTests testGetDailyPoem_NetworkError]' started.
Build and Test with Bazel	Run unit tests	2025-11-28T01:28:19.8909330Z Test Case '-[PoemOfTheDayTests.PoemRepositoryTests testGetDailyPoem_NetworkError]' passed (0.000 seconds).
Build and Test with Bazel	Run unit tests	2025-11-28T01:28:19.9010890Z Test Case '-[PoemOfTheDayTests.PoemRepositoryTests testGetDailyPoem_Success]' started.
Build and Test with Bazel	Run unit tests	2025-11-28T01:28:19.9112870Z Test Case '-[PoemOfTheDayTests.PoemRepositoryTests testGetDailyPoem_Success]' passed (0.001 seconds).
Build and Test with Bazel	Run unit tests	2025-11-28T01:28:19.9212860Z Test Case '-[PoemOfTheDayTests.PoemRepositoryTests testGetFavoritePoems]' started.
Build and Test with Bazel	Run unit tests	2025-11-28T01:28:19.9314580Z Test Case '-[PoemOfTheDayTests.PoemRepositoryTests testGetFavoritePoems]' passed (0.000 seconds).
Build and Test with Bazel	Run unit tests	2025-11-28T01:28:19.9414840Z Test Case '-[PoemOfTheDayTests.PoemRepositoryTests testRefreshDailyPoem]' started.
Build and Test with Bazel	Run unit tests	2025-11-28T01:28:19.9516170Z Test Case '-[PoemOfTheDayTests.PoemRepositoryTests testRefreshDailyPoem]' passed (0.001 seconds).
Build and Test with Bazel	Run unit tests	2025-11-28T01:28:19.9616450Z Test Case '-[PoemOfTheDayTests.PoemRepositoryTests testRemoveFromFavorites]' started.
Build and Test with Bazel	Run unit tests	2025-11-28T01:28:19.9717860Z Test Case '-[PoemOfTheDayTests.PoemRepositoryTests testRemoveFromFavorites]' passed (0.001 seconds).
Build and Test with Bazel	Run unit tests	2025-11-28T01:28:19.9817880Z Test Case '-[PoemOfTheDayTests.PoemRepositoryTests testTelemetryTracking]' started.
Build and Test with Bazel	Run unit tests	2025-11-28T01:28:19.9919420Z Test Case '-[PoemOfTheDayTests.PoemRepositoryTests testTelemetryTracking]' passed (0.000 seconds).
Build and Test with Bazel	Run unit tests	2025-11-28T01:28:20.0019860Z Test Suite 'PoemRepositoryTests' passed at 2025-11-28 01:28:08.092.
Build and Test with Bazel	Run unit tests	2025-11-28T01:28:20.0124710Z 	 Executed 10 tests, with 0 failures (0 unexpected) in 0.036 (0.037) seconds
Build and Test with Bazel	Run unit tests	2025-11-28T01:28:20.0225750Z Test Suite 'PoemTests' started at 2025-11-28 01:28:08.092.
Build and Test with Bazel	Run unit tests	2025-11-28T01:28:20.0321760Z Test Case '-[PoemOfTheDayTests.PoemTests testEmptyAuthorHandling]' started.
Build and Test with Bazel	Run unit tests	2025-11-28T01:28:20.0423120Z Test Case '-[PoemOfTheDayTests.PoemTests testEmptyAuthorHandling]' passed (0.000 seconds).
Build and Test with Bazel	Run unit tests	2025-11-28T01:28:20.0524540Z Test Case '-[PoemOfTheDayTests.PoemTests testPoemCoding]' started.
Build and Test with Bazel	Run unit tests	2025-11-28T01:28:20.0626200Z Test Case '-[PoemOfTheDayTests.PoemTests testPoemCoding]' passed (0.000 seconds).
Build and Test with Bazel	Run unit tests	2025-11-28T01:28:20.0730090Z Test Case '-[PoemOfTheDayTests.PoemTests testPoemContent]' started.
Build and Test with Bazel	Run unit tests	2025-11-28T01:28:20.0831200Z Test Case '-[PoemOfTheDayTests.PoemTests testPoemContent]' passed (0.000 seconds).
Build and Test with Bazel	Run unit tests	2025-11-28T01:28:20.0932310Z Test Case '-[PoemOfTheDayTests.PoemTests testPoemEquality]' started.
Build and Test with Bazel	Run unit tests	2025-11-28T01:28:20.1032480Z Test Case '-[PoemOfTheDayTests.PoemTests testPoemEquality]' passed (0.000 seconds).
Build and Test with Bazel	Run unit tests	2025-11-28T01:28:20.1132900Z Test Case '-[PoemOfTheDayTests.PoemTests testPoemInitialization]' started.
Build and Test with Bazel	Run unit tests	2025-11-28T01:28:20.1233890Z Test Case '-[PoemOfTheDayTests.PoemTests testPoemInitialization]' passed (0.001 seconds).
Build and Test with Bazel	Run unit tests	2025-11-28T01:28:20.1334690Z Test Case '-[PoemOfTheDayTests.PoemTests testPoemResponseConversion]' started.
Build and Test with Bazel	Run unit tests	2025-11-28T01:28:20.1435980Z Test Case '-[PoemOfTheDayTests.PoemTests testPoemResponseConversion]' passed (0.000 seconds).
Build and Test with Bazel	Run unit tests	2025-11-28T01:28:20.1536160Z Test Case '-[PoemOfTheDayTests.PoemTests testPoemShareText]' started.
Build and Test with Bazel	Run unit tests	2025-11-28T01:28:20.1636420Z Test Case '-[PoemOfTheDayTests.PoemTests testPoemShareText]' passed (0.000 seconds).
Build and Test with Bazel	Run unit tests	2025-11-28T01:28:20.1737860Z Test Case '-[PoemOfTheDayTests.PoemTests testPoemWithoutAuthor]' started.
Build and Test with Bazel	Run unit tests	2025-11-28T01:28:20.1838210Z Test Case '-[PoemOfTheDayTests.PoemTests testPoemWithoutAuthor]' passed (0.000 seconds).
Build and Test with Bazel	Run unit tests	2025-11-28T01:28:20.1938340Z Test Suite 'PoemTests' passed at 2025-11-28 01:28:08.094.
Build and Test with Bazel	Run unit tests	2025-11-28T01:28:20.2039050Z 	 Executed 8 tests, with 0 failures (0 unexpected) in 0.002 (0.002) seconds
Build and Test with Bazel	Run unit tests	2025-11-28T01:28:20.2140160Z Test Suite 'PoemViewModelTests' started at 2025-11-28 01:28:08.094.
Build and Test with Bazel	Run unit tests	2025-11-28T01:28:20.2239990Z Test Case '-[PoemOfTheDayTests.PoemViewModelTests testErrorHandling]' started.
Build and Test with Bazel	Run unit tests	2025-11-28T01:28:20.2341560Z Test Case '-[PoemOfTheDayTests.PoemViewModelTests testErrorHandling]' passed (0.004 seconds).
Build and Test with Bazel	Run unit tests	2025-11-28T01:28:20.2442110Z Test Case '-[PoemOfTheDayTests.PoemViewModelTests testGenerateCustomPoem]' started.
Build and Test with Bazel	Run unit tests	2025-11-28T01:28:20.2542770Z Test Case '-[PoemOfTheDayTests.PoemViewModelTests testGenerateCustomPoem]' passed (0.000 seconds).
Build and Test with Bazel	Run unit tests	2025-11-28T01:28:20.2643260Z Test Case '-[PoemOfTheDayTests.PoemViewModelTests testGenerateVibeBasedPoem]' started.
Build and Test with Bazel	Run unit tests	2025-11-28T01:28:20.2743940Z Test Case '-[PoemOfTheDayTests.PoemViewModelTests testGenerateVibeBasedPoem]' passed (0.000 seconds).
Build and Test with Bazel	Run unit tests	2025-11-28T01:28:20.2844250Z Test Case '-[PoemOfTheDayTests.PoemViewModelTests testInitialDataLoading]' started.
Build and Test with Bazel	Run unit tests	2025-11-28T01:28:20.2945330Z Test Case '-[PoemOfTheDayTests.PoemViewModelTests testInitialDataLoading]' passed (0.000 seconds).
Build and Test with Bazel	Run unit tests	2025-11-28T01:28:20.3047050Z Test Case '-[PoemOfTheDayTests.PoemViewModelTests testIsFavorite]' started.
Build and Test with Bazel	Run unit tests	2025-11-28T01:28:20.3147360Z Test Case '-[PoemOfTheDayTests.PoemViewModelTests testIsFavorite]' passed (0.000 seconds).
Build and Test with Bazel	Run unit tests	2025-11-28T01:28:20.3248490Z Test Case '-[PoemOfTheDayTests.PoemViewModelTests testIsNotFavorite]' started.
Build and Test with Bazel	Run unit tests	2025-11-28T01:28:20.3349010Z Test Case '-[PoemOfTheDayTests.PoemViewModelTests testIsNotFavorite]' passed (0.000 seconds).
Build and Test with Bazel	Run unit tests	2025-11-28T01:28:20.3450460Z Test Case '-[PoemOfTheDayTests.PoemViewModelTests testRefreshPoem]' started.
Build and Test with Bazel	Run unit tests	2025-11-28T01:28:20.3552190Z Test Case '-[PoemOfTheDayTests.PoemViewModelTests testRefreshPoem]' passed (0.000 seconds).
Build and Test with Bazel	Run unit tests	2025-11-28T01:28:20.3653530Z Test Case '-[PoemOfTheDayTests.PoemViewModelTests testSharePoem]' started.
Build and Test with Bazel	Run unit tests	2025-11-28T01:28:20.3754050Z Test Case '-[PoemOfTheDayTests.PoemViewModelTests testSharePoem]' passed (0.000 seconds).
Build and Test with Bazel	Run unit tests	2025-11-28T01:28:20.3854970Z Test Case '-[PoemOfTheDayTests.PoemViewModelTests testToggleFavorite_AddToFavorites]' started.
Build and Test with Bazel	Run unit tests	2025-11-28T01:28:20.3955480Z Test Case '-[PoemOfTheDayTests.PoemViewModelTests testToggleFavorite_AddToFavorites]' passed (0.000 seconds).
Build and Test with Bazel	Run unit tests	2025-11-28T01:28:20.4057390Z Test Case '-[PoemOfTheDayTests.PoemViewModelTests testToggleFavorite_RemoveFromFavorites]' started.
Build and Test with Bazel	Run unit tests	2025-11-28T01:28:20.4159020Z Test Case '-[PoemOfTheDayTests.PoemViewModelTests testToggleFavorite_RemoveFromFavorites]' passed (0.000 seconds).
Build and Test with Bazel	Run unit tests	2025-11-28T01:28:20.4260710Z Test Suite 'PoemViewModelTests' passed at 2025-11-28 01:28:08.101.
Build and Test with Bazel	Run unit tests	2025-11-28T01:28:20.4363070Z 	 Executed 10 tests, with 0 failures (0 unexpected) in 0.007 (0.007) seconds
Build and Test with Bazel	Run unit tests	2025-11-28T01:28:20.4463410Z Test Suite 'Poem_of_the_DayTests' started at 2025-11-28 01:28:08.101.
Build and Test with Bazel	Run unit tests	2025-11-28T01:28:20.4564640Z Test Case '-[PoemOfTheDayTests.Poem_of_the_DayTests testExample]' started.
Build and Test with Bazel	Run unit tests	2025-11-28T01:28:20.4664810Z Test Case '-[PoemOfTheDayTests.Poem_of_the_DayTests testExample]' passed (0.000 seconds).
Build and Test with Bazel	Run unit tests	2025-11-28T01:28:20.4766160Z Test Suite 'Poem_of_the_DayTests' passed at 2025-11-28 01:28:08.101.
Build and Test with Bazel	Run unit tests	2025-11-28T01:28:20.4867370Z 	 Executed 1 test, with 0 failures (0 unexpected) in 0.000 (0.000) seconds
Build and Test with Bazel	Run unit tests	2025-11-28T01:28:20.4968670Z Test Suite 'SecurityInputValidationTests' started at 2025-11-28 01:28:08.101.
Build and Test with Bazel	Run unit tests	2025-11-28T01:28:20.5069500Z Test Case '-[PoemOfTheDayTests.SecurityInputValidationTests testConcurrentAccessSafety]' started.
Build and Test with Bazel	Run unit tests	2025-11-28T01:28:20.5170360Z Test Case '-[PoemOfTheDayTests.SecurityInputValidationTests testConcurrentAccessSafety]' passed (0.339 seconds).
Build and Test with Bazel	Run unit tests	2025-11-28T01:28:20.5271820Z Test Case '-[PoemOfTheDayTests.SecurityInputValidationTests testExcessivelyLongInputHandling]' started.
Build and Test with Bazel	Run unit tests	2025-11-28T01:28:20.5371980Z Test Case '-[PoemOfTheDayTests.SecurityInputValidationTests testExcessivelyLongInputHandling]' passed (0.101 seconds).
Build and Test with Bazel	Run unit tests	2025-11-28T01:28:20.5472590Z Test Case '-[PoemOfTheDayTests.SecurityInputValidationTests testMaliciousHTMLInjectionProtection]' started.
Build and Test with Bazel	Run unit tests	2025-11-28T01:28:20.5573660Z Test Case '-[PoemOfTheDayTests.SecurityInputValidationTests testMaliciousHTMLInjectionProtection]' passed (0.000 seconds).
Build and Test with Bazel	Run unit tests	2025-11-28T01:28:20.5673800Z Test Case '-[PoemOfTheDayTests.SecurityInputValidationTests testNetworkTimeoutSecurity]' started.
Build and Test with Bazel	Run unit tests	2025-11-28T01:28:20.5775310Z Test Case '-[PoemOfTheDayTests.SecurityInputValidationTests testNetworkTimeoutSecurity]' passed (10.022 seconds).
Build and Test with Bazel	Run unit tests	2025-11-28T01:28:20.5876950Z Test Case '-[PoemOfTheDayTests.SecurityInputValidationTests testNumericBoundaryInputs]' started.
Build and Test with Bazel	Run unit tests	2025-11-28T01:28:20.5978440Z Test Case '-[PoemOfTheDayTests.SecurityInputValidationTests testNumericBoundaryInputs]' passed (0.001 seconds).
Build and Test with Bazel	Run unit tests	2025-11-28T01:28:20.6079870Z Test Case '-[PoemOfTheDayTests.SecurityInputValidationTests testSensitiveDataProtection]' started.
Build and Test with Bazel	Run unit tests	2025-11-28T01:28:20.6181390Z Test Case '-[PoemOfTheDayTests.SecurityInputValidationTests testSensitiveDataProtection]' passed (0.000 seconds).
Build and Test with Bazel	Run unit tests	2025-11-28T01:28:20.6282550Z Test Case '-[PoemOfTheDayTests.SecurityInputValidationTests testSpecialCharacterHandling]' started.
Build and Test with Bazel	Run unit tests	2025-11-28T01:28:20.6383280Z Test Case '-[PoemOfTheDayTests.SecurityInputValidationTests testSpecialCharacterHandling]' passed (0.000 seconds).
Build and Test with Bazel	Run unit tests	2025-11-28T01:28:20.6483990Z Test Case '-[PoemOfTheDayTests.SecurityInputValidationTests testSQLInjectionProtection]' started.
Build and Test with Bazel	Run unit tests	2025-11-28T01:28:20.6584740Z Test Case '-[PoemOfTheDayTests.SecurityInputValidationTests testSQLInjectionProtection]' passed (0.000 seconds).
Build and Test with Bazel	Run unit tests	2025-11-28T01:28:20.6685360Z Test Case '-[PoemOfTheDayTests.SecurityInputValidationTests testUserDefaultsSecurityIsolation]' started.
Build and Test with Bazel	Run unit tests	2025-11-28T01:28:20.6786050Z Test Case '-[PoemOfTheDayTests.SecurityInputValidationTests testUserDefaultsSecurityIsolation]' passed (0.007 seconds).
Build and Test with Bazel	Run unit tests	2025-11-28T01:28:20.6886930Z Test Suite 'SecurityInputValidationTests' passed at 2025-11-28 01:28:18.573.
Build and Test with Bazel	Run unit tests	2025-11-28T01:28:20.6987310Z 	 Executed 9 tests, with 0 failures (0 unexpected) in 10.471 (10.472) seconds
Build and Test with Bazel	Run unit tests	2025-11-28T01:28:20.7088940Z Test Suite 'VibeAnalyzerTests' started at 2025-11-28 01:28:18.573.
Build and Test with Bazel	Run unit tests	2025-11-28T01:28:20.7190600Z Test Case '-[PoemOfTheDayTests.VibeAnalyzerTests testAnalyzeVibeEmptyNews]' started.
Build and Test with Bazel	Run unit tests	2025-11-28T01:28:20.7291260Z Test Case '-[PoemOfTheDayTests.VibeAnalyzerTests testAnalyzeVibeEmptyNews]' passed (0.011 seconds).
Build and Test with Bazel	Run unit tests	2025-11-28T01:28:20.7392370Z Test Case '-[PoemOfTheDayTests.VibeAnalyzerTests testAnalyzeVibeFromNews]' started.
Build and Test with Bazel	Run unit tests	2025-11-28T01:28:20.7493490Z Test Case '-[PoemOfTheDayTests.VibeAnalyzerTests testAnalyzeVibeFromNews]' passed (0.003 seconds).
Build and Test with Bazel	Run unit tests	2025-11-28T01:28:20.7595650Z Test Case '-[PoemOfTheDayTests.VibeAnalyzerTests testAnalyzeVibeWithContemplativeNews]' started.
Build and Test with Bazel	Run unit tests	2025-11-28T01:28:20.7763670Z Test Case '-[PoemOfTheDayTests.VibeAnalyzerTests testAnalyzeVibeWithContemplativeNews]' passed (0.001 seconds).
Build and Test with Bazel	Run unit tests	2025-11-28T01:28:20.7866650Z Test Case '-[PoemOfTheDayTests.VibeAnalyzerTests testAnalyzeVibeWithEnergeticNews]' started.
Build and Test with Bazel	Run unit tests	2025-11-28T01:28:20.7993040Z Test Case '-[PoemOfTheDayTests.VibeAnalyzerTests testAnalyzeVibeWithEnergeticNews]' passed (0.001 seconds).
Build and Test with Bazel	Run unit tests	2025-11-28T01:28:20.8097690Z Test Case '-[PoemOfTheDayTests.VibeAnalyzerTests testAnalyzeVibeWithHopefulNews]' started.
Build and Test with Bazel	Run unit tests	2025-11-28T01:28:20.8213040Z Test Case '-[PoemOfTheDayTests.VibeAnalyzerTests testAnalyzeVibeWithHopefulNews]' passed (0.001 seconds).
Build and Test with Bazel	Run unit tests	2025-11-28T01:28:20.8314350Z Test Case '-[PoemOfTheDayTests.VibeAnalyzerTests testAnalyzeVibeWithMelancholicNews]' started.
Build and Test with Bazel	Run unit tests	2025-11-28T01:28:20.8315180Z Test Case '-[PoemOfTheDayTests.VibeAnalyzerTests testAnalyzeVibeWithMelancholicNews]' passed (0.001 seconds).
Build and Test with Bazel	Run unit tests	2025-11-28T01:28:20.8416830Z Test Case '-[PoemOfTheDayTests.VibeAnalyzerTests testAnalyzeVibeWithPeacefulNews]' started.
Build and Test with Bazel	Run unit tests	2025-11-28T01:28:20.8518020Z Test Case '-[PoemOfTheDayTests.VibeAnalyzerTests testAnalyzeVibeWithPeacefulNews]' passed (0.001 seconds).
Build and Test with Bazel	Run unit tests	2025-11-28T01:28:20.8621980Z Test Case '-[PoemOfTheDayTests.VibeAnalyzerTests testBackgroundColorIntensityCalculation]' started.
Build and Test with Bazel	Run unit tests	2025-11-28T01:28:20.8725630Z Test Case '-[PoemOfTheDayTests.VibeAnalyzerTests testBackgroundColorIntensityCalculation]' passed (0.001 seconds).
Build and Test with Bazel	Run unit tests	2025-11-28T01:28:20.8906230Z Test Case '-[PoemOfTheDayTests.VibeAnalyzerTests testBackgroundColorIntensityWithDifferentConfidenceLevels]' started.
Build and Test with Bazel	Run unit tests	2025-11-28T01:28:20.9007820Z Test Case '-[PoemOfTheDayTests.VibeAnalyzerTests testBackgroundColorIntensityWithDifferentConfidenceLevels]' passed (0.001 seconds).
Build and Test with Bazel	Run unit tests	2025-11-28T01:28:20.9109410Z Test Case '-[PoemOfTheDayTests.VibeAnalyzerTests testColorIntensityWithExtremeSentiment]' started.
Build and Test with Bazel	Run unit tests	2025-11-28T01:28:20.9211880Z Test Case '-[PoemOfTheDayTests.VibeAnalyzerTests testColorIntensityWithExtremeSentiment]' passed (0.001 seconds).
Build and Test with Bazel	Run unit tests	2025-11-28T01:28:20.9314090Z Test Case '-[PoemOfTheDayTests.VibeAnalyzerTests testColorIntensityWithHighEnergyContent]' started.
Build and Test with Bazel	Run unit tests	2025-11-28T01:28:20.9415350Z Test Case '-[PoemOfTheDayTests.VibeAnalyzerTests testColorIntensityWithHighEnergyContent]' passed (0.001 seconds).
Build and Test with Bazel	Run unit tests	2025-11-28T01:28:20.9517810Z Test Case '-[PoemOfTheDayTests.VibeAnalyzerTests testSpecificVibeBackgroundColors]' started.
Build and Test with Bazel	Run unit tests	2025-11-28T01:28:20.9619790Z Test Case '-[PoemOfTheDayTests.VibeAnalyzerTests testSpecificVibeBackgroundColors]' passed (0.003 seconds).
Build and Test with Bazel	Run unit tests	2025-11-28T01:28:20.9721580Z Test Case '-[PoemOfTheDayTests.VibeAnalyzerTests testVibeAnalysisDateTracking]' started.
Build and Test with Bazel	Run unit tests	2025-11-28T01:28:20.9823480Z Test Case '-[PoemOfTheDayTests.VibeAnalyzerTests testVibeAnalysisDateTracking]' passed (0.001 seconds).
Build and Test with Bazel	Run unit tests	2025-11-28T01:28:20.9924730Z Test Case '-[PoemOfTheDayTests.VibeAnalyzerTests testVibeBackgroundColorInfo]' started.
Build and Test with Bazel	Run unit tests	2025-11-28T01:28:21.0025970Z Test Case '-[PoemOfTheDayTests.VibeAnalyzerTests testVibeBackgroundColorInfo]' passed (0.001 seconds).
Build and Test with Bazel	Run unit tests	2025-11-28T01:28:21.0127340Z Test Case '-[PoemOfTheDayTests.VibeAnalyzerTests testVibeBackgroundColorsAllCases]' started.
Build and Test with Bazel	Run unit tests	2025-11-28T01:28:21.0228740Z Test Case '-[PoemOfTheDayTests.VibeAnalyzerTests testVibeBackgroundColorsAllCases]' passed (0.017 seconds).
Build and Test with Bazel	Run unit tests	2025-11-28T01:28:21.0329940Z Test Case '-[PoemOfTheDayTests.VibeAnalyzerTests testVibeKeywordExtraction]' started.
Build and Test with Bazel	Run unit tests	2025-11-28T01:28:21.0431440Z Test Case '-[PoemOfTheDayTests.VibeAnalyzerTests testVibeKeywordExtraction]' passed (0.001 seconds).
Build and Test with Bazel	Run unit tests	2025-11-28T01:28:21.0532560Z Test Suite 'VibeAnalyzerTests' passed at 2025-11-28 01:28:18.616.
Build and Test with Bazel	Run unit tests	2025-11-28T01:28:21.0633580Z 	 Executed 16 tests, with 0 failures (0 unexpected) in 0.042 (0.042) seconds
Build and Test with Bazel	Run unit tests	2025-11-28T01:28:21.0734740Z Test Suite 'PoemOfTheDayTests.xctest' passed at 2025-11-28 01:28:18.616.
Build and Test with Bazel	Run unit tests	2025-11-28T01:28:21.0836020Z 	 Executed 88 tests, with 0 failures (0 unexpected) in 11.259 (11.264) seconds
Build and Test with Bazel	Run unit tests	2025-11-28T01:28:21.0936350Z Test Suite 'All tests' passed at 2025-11-28 01:28:18.616.
Build and Test with Bazel	Run unit tests	2025-11-28T01:28:21.1036740Z 	 Executed 88 tests, with 0 failures (0 unexpected) in 11.259 (11.334) seconds
Build and Test with Bazel	Run unit tests	2025-11-28T01:28:21.1139960Z 🎬 Starting vibe-based poem generation...
Build and Test with Bazel	Run unit tests	2025-11-28T01:28:21.1237820Z ✅ AI service available, checking availability...
Build and Test with Bazel	Run unit tests	2025-11-28T01:28:21.1338380Z    AI Available: true
Build and Test with Bazel	Run unit tests	2025-11-28T01:28:21.1439210Z 🔄 Getting fresh vibe analysis...
Build and Test with Bazel	Run unit tests	2025-11-28T01:28:21.1540870Z 🔄 Fetching fresh news and analyzing vibe...
Build and Test with Bazel	Run unit tests	2025-11-28T01:28:21.1643080Z 📰 Fetched 3 news articles
Build and Test with Bazel	Run unit tests	2025-11-28T01:28:21.1742930Z ✅ Analyzed vibe: Hopeful (confidence: 0.85)
Build and Test with Bazel	Run unit tests	2025-11-28T01:28:21.1843620Z ✅ Vibe analysis complete: Hopeful
Build and Test with Bazel	Run unit tests	2025-11-28T01:28:21.1944560Z    Sentiment: positivity=0.8, energy=0.7
Build and Test with Bazel	Run unit tests	2025-11-28T01:28:21.2044910Z    Keywords: discovery, cooperation, breakthrough, community
Build and Test with Bazel	Run unit tests	2025-11-28T01:28:21.2145410Z 🤖 Generating poem from AI service...
Build and Test with Bazel	Run unit tests	2025-11-28T01:28:21.2247300Z ✅ Poem generated successfully!
Build and Test with Bazel	Run unit tests	2025-11-28T01:28:21.2347060Z 📄 Generated Poem Details:
Build and Test with Bazel	Run unit tests	2025-11-28T01:28:21.2447350Z    Title: 'Digital Dreams'
Build and Test with Bazel	Run unit tests	2025-11-28T01:28:21.2548450Z    Author: AI Poet
Build and Test with Bazel	Run unit tests	2025-11-28T01:28:21.2648860Z    Content length: 138 chars
Build and Test with Bazel	Run unit tests	2025-11-28T01:28:21.2749600Z    Lines count: 4
Build and Test with Bazel	Run unit tests	2025-11-28T01:28:21.2850240Z    Vibe: Hopeful
Build and Test with Bazel	Run unit tests	2025-11-28T01:28:21.2951210Z    Source: unknown
Build and Test with Bazel	Run unit tests	2025-11-28T01:28:21.3051470Z    First 150 chars: In circuits bright and screens aglow,
Build and Test with Bazel	Run unit tests	2025-11-28T01:28:21.3151950Z Where data streams and algorithms flow,
Build and Test with Bazel	Run unit tests	2025-11-28T01:28:21.3252630Z We find our hearts in silicon,
Build and Test with Bazel	Run unit tests	2025-11-28T01:28:21.3353250Z A future built, never undone.
Build and Test with Bazel	Run unit tests	2025-11-28T01:28:21.3453690Z 💾 Caching generated poem...
Build and Test with Bazel	Run unit tests	2025-11-28T01:28:21.3553940Z ✅ Poem cached successfully
Build and Test with Bazel	Run unit tests	2025-11-28T01:28:21.3654780Z 📚 Adding to history...
Build and Test with Bazel	Run unit tests	2025-11-28T01:28:21.3755200Z ✅ Added to history
Build and Test with Bazel	Run unit tests	2025-11-28T01:28:21.3855700Z 🔄 Reloading widgets...
Build and Test with Bazel	Run unit tests	2025-11-28T01:28:21.3956530Z ✅ Vibe-based poem generation complete!
Build and Test with Bazel	Run unit tests	2025-11-28T01:28:21.4056460Z 2025-11-28 01:28:18,628 Deleting simulator 79BF1F22-D729-4AFE-9C79-3D54F0218DF1 asynchronously.
Build and Test with Bazel	Run unit tests	2025-11-28T01:28:21.4156860Z 2025-11-28 01:28:18,656 Done.
Build and Test with Bazel	Run unit tests	2025-11-28T01:28:21.4257510Z ================================================================================
Build and Test with Bazel	Run unit tests	2025-11-28T01:28:21.4358060Z //PoemOfTheDayTests:PoemOfTheDayTests                                    PASSED in 19.9s
Build and Test with Bazel	Run unit tests	2025-11-28T01:28:21.4458020Z 
Build and Test with Bazel	Run unit tests	2025-11-28T01:28:21.4558850Z Executed 1 out of 1 test: 1 test passes.
Build and Test with Bazel	Run unit tests	2025-11-28T01:28:21.4659310Z There were tests whose specified size is too big. Use the --test_verbose_timeout_warnings command line option to see which ones these are.
Build and Test with Bazel	Run UI tests	﻿2025-11-28T01:28:21.4802210Z ##[group]Run cd "Poem of the Day"
Build and Test with Bazel	Run UI tests	2025-11-28T01:28:21.4802750Z [36;1mcd "Poem of the Day"[0m
Build and Test with Bazel	Run UI tests	2025-11-28T01:28:21.4803030Z [36;1mbazelisk test --config=ci //PoemOfTheDayUITests:PoemOfTheDayUITests[0m
Build and Test with Bazel	Run UI tests	2025-11-28T01:28:21.6793270Z shell: /bin/bash -e {0}
Build and Test with Bazel	Run UI tests	2025-11-28T01:28:21.6793450Z ##[endgroup]
Build and Test with Bazel	Run UI tests	2025-11-28T01:28:21.8636860Z INFO: Options provided by the client:
Build and Test with Bazel	Run UI tests	2025-11-28T01:28:21.8743750Z   Inherited 'common' options: --isatty=0 --terminal_columns=80
Build and Test with Bazel	Run UI tests	2025-11-28T01:28:21.8856400Z INFO: Reading rc options for 'test' from /Users/runner/work/Poem-of-the-Day/Poem-of-the-Day/.bazelrc:
Build and Test with Bazel	Run UI tests	2025-11-28T01:28:21.8958090Z   Inherited 'build' options: --announce_rc --verbose_failures --apple_platform_type=ios --ios_minimum_os=17.0 --apple_generate_dsym --symlink_prefix=bazel- --experimental_reuse_sandbox_directories --worker_sandboxing
Build and Test with Bazel	Run UI tests	2025-11-28T01:28:21.9059690Z INFO: Reading rc options for 'test' from /Users/runner/work/Poem-of-the-Day/Poem-of-the-Day/.bazelrc:
Build and Test with Bazel	Run UI tests	2025-11-28T01:28:21.9161230Z   'test' options: --test_output=errors --ios_multi_cpus=sim_arm64 --ios_simulator_device=iPhone 15 Pro --ios_simulator_version=26.1 --test_timeout=900 --test_env=OS_ACTIVITY_MODE=disable
Build and Test with Bazel	Run UI tests	2025-11-28T01:28:21.9264910Z INFO: Found applicable config definition test:ci in file /Users/runner/work/Poem-of-the-Day/Poem-of-the-Day/.bazelrc: --ios_simulator_version=18.6 --test_output=all
Build and Test with Bazel	Run UI tests	2025-11-28T01:28:22.0233310Z Computing main repo mapping: 
Build and Test with Bazel	Run UI tests	2025-11-28T01:28:22.1085240Z Loading: 
Build and Test with Bazel	Run UI tests	2025-11-28T01:28:22.1186910Z Loading: 0 packages loaded
Build and Test with Bazel	Run UI tests	2025-11-28T01:28:22.2114700Z Analyzing: target //PoemOfTheDayUITests:PoemOfTheDayUITests (1 packages loaded, 0 targets configured)
Build and Test with Bazel	Run UI tests	2025-11-28T01:28:22.3050590Z INFO: Analyzed target //PoemOfTheDayUITests:PoemOfTheDayUITests (1 packages loaded, 21 targets configured).
Build and Test with Bazel	Run UI tests	2025-11-28T01:28:22.3152270Z [0 / 1] checking cached actions
Build and Test with Bazel	Run UI tests	2025-11-28T01:28:24.1772560Z [93 / 102] Compiling Swift module //PoemOfTheDayUITests:UITestLib; 0s worker
Build and Test with Bazel	Run UI tests	2025-11-28T01:28:33.9623840Z INFO: From Compiling Swift module //PoemOfTheDayUITests:UITestLib:
Build and Test with Bazel	Run UI tests	2025-11-28T01:28:33.9725950Z PoemOfTheDayUITests/AIFeaturesUITests.swift:88:13: warning: initialization of immutable value 'mainPageAfterGen' was never used; consider replacing with assignment to '_' or removing it
Build and Test with Bazel	Run UI tests	2025-11-28T01:28:33.9828040Z 86 |         
Build and Test with Bazel	Run UI tests	2025-11-28T01:28:33.9932560Z 87 |         // Generate poem (should fail)
Build and Test with Bazel	Run UI tests	2025-11-28T01:28:34.0041210Z 88 |         let mainPageAfterGen = vibePage.tapGenerateButton()
Build and Test with Bazel	Run UI tests	2025-11-28T01:28:34.0144350Z    |             `- warning: initialization of immutable value 'mainPageAfterGen' was never used; consider replacing with assignment to '_' or removing it
Build and Test with Bazel	Run UI tests	2025-11-28T01:28:34.0247420Z 89 |         
Build and Test with Bazel	Run UI tests	2025-11-28T01:28:34.0358510Z 90 |         // Verify alert appears
Build and Test with Bazel	Run UI tests	2025-11-28T01:28:34.0463080Z 
Build and Test with Bazel	Run UI tests	2025-11-28T01:28:34.0564240Z PoemOfTheDayUITests/PoemUITests.swift:53:13: warning: initialization of immutable value 'initialTitle' was never used; consider replacing with assignment to '_' or removing it
Build and Test with Bazel	Run UI tests	2025-11-28T01:28:34.0666650Z  51 |         // Wait for initial poem to load
Build and Test with Bazel	Run UI tests	2025-11-28T01:28:34.0770660Z  52 |         XCTAssertTrue(mainPage.waitForPoemToLoad())
Build and Test with Bazel	Run UI tests	2025-11-28T01:28:34.0872120Z  53 |         let initialTitle = mainPage.getPoemTitle()
Build and Test with Bazel	Run UI tests	2025-11-28T01:28:34.0974750Z     |             `- warning: initialization of immutable value 'initialTitle' was never used; consider replacing with assignment to '_' or removing it
Build and Test with Bazel	Run UI tests	2025-11-28T01:28:34.1076360Z  54 |         
Build and Test with Bazel	Run UI tests	2025-11-28T01:28:34.1180070Z  55 |         // Refresh poem
Build and Test with Bazel	Run UI tests	2025-11-28T01:28:34.1281060Z 
Build and Test with Bazel	Run UI tests	2025-11-28T01:28:34.1382320Z PoemOfTheDayUITests/PoemUITests.swift:131:18: warning: result of call to 'tapShareButton()' is unused
Build and Test with Bazel	Run UI tests	2025-11-28T01:28:34.1441620Z 129 |         // Test share button
Build and Test with Bazel	Run UI tests	2025-11-28T01:28:34.1442370Z 130 |         XCTAssertTrue(mainPage.waitForElementToAppear(mainPage.shareButton))
Build and Test with Bazel	Run UI tests	2025-11-28T01:28:34.1442860Z 131 |         mainPage.tapShareButton()
Build and Test with Bazel	Run UI tests	2025-11-28T01:28:34.1443270Z     |                  `- warning: result of call to 'tapShareButton()' is unused
Build and Test with Bazel	Run UI tests	2025-11-28T01:28:34.1443710Z 132 |         
Build and Test with Bazel	Run UI tests	2025-11-28T01:28:34.1448170Z 133 |         // Verify share sheet appears
Build and Test with Bazel	Run UI tests	2025-11-28T01:28:34.1548650Z 
Build and Test with Bazel	Run UI tests	2025-11-28T01:28:34.1581010Z PoemOfTheDayUITests/VibeBackgroundColorUITests.swift:253:17: warning: initialization of immutable value 'colorIndicatorCircle' was never used; consider replacing with assignment to '_' or removing it
Build and Test with Bazel	Run UI tests	2025-11-28T01:28:34.1581780Z 251 |         if vibeIndicator.exists {
Build and Test with Bazel	Run UI tests	2025-11-28T01:28:34.1582160Z 252 |             // Verify the color intensity circle is visible
Build and Test with Bazel	Run UI tests	2025-11-28T01:28:34.1582960Z 253 |             let colorIndicatorCircle = app.otherElements.matching(NSPredicate(format: "identifier CONTAINS 'color_intensity'")).firstMatch
Build and Test with Bazel	Run UI tests	2025-11-28T01:28:34.1583790Z     |                 `- warning: initialization of immutable value 'colorIndicatorCircle' was never used; consider replacing with assignment to '_' or removing it
Build and Test with Bazel	Run UI tests	2025-11-28T01:28:34.1584370Z 254 |             
Build and Test with Bazel	Run UI tests	2025-11-28T01:28:34.1584720Z 255 |             // Since we might not have specific identifiers, check for visual elements
Build and Test with Bazel	Run UI tests	2025-11-28T01:28:34.1585130Z [94 / 102] [Prepa] Linking PoemOfTheDayUITests/libUITestLib.a
Build and Test with Bazel	Run UI tests	2025-11-28T01:28:34.6487410Z INFO: From Linking PoemOfTheDayUITests/PoemOfTheDayUITests.__internal__.__test_bundle_bin:
Build and Test with Bazel	Run UI tests	2025-11-28T01:28:34.6604560Z warning: no debug symbols in executable (-arch arm64)
Build and Test with Bazel	Run UI tests	2025-11-28T01:28:35.1441390Z [100 / 102] [Prepa] Processing and signing PoemOfTheDayUITests.__internal__.__test_bundle
Build and Test with Bazel	Run UI tests	2025-11-28T01:28:36.5976600Z [102 / 103] Testing //PoemOfTheDayUITests:PoemOfTheDayUITests; 0s darwin-sandbox
Build and Test with Bazel	Run UI tests	2025-11-28T01:28:53.1916120Z [102 / 103] Testing //PoemOfTheDayUITests:PoemOfTheDayUITests; 14s darwin-sandbox
Build and Test with Bazel	Run UI tests	2025-11-28T01:29:28.3126190Z [102 / 103] Testing //PoemOfTheDayUITests:PoemOfTheDayUITests; 52s darwin-sandbox
Build and Test with Bazel	Run UI tests	2025-11-28T01:30:55.7411840Z [102 / 103] Testing //PoemOfTheDayUITests:PoemOfTheDayUITests; 137s darwin-sandbox
Build and Test with Bazel	Run UI tests	2025-11-28T01:32:07.9120700Z [102 / 103] Testing //PoemOfTheDayUITests:PoemOfTheDayUITests; 212s darwin-sandbox
Build and Test with Bazel	Run UI tests	2025-11-28T01:33:17.6871970Z [102 / 103] Testing //PoemOfTheDayUITests:PoemOfTheDayUITests; 281s darwin-sandbox
Build and Test with Bazel	Run UI tests	2025-11-28T01:34:30.4968470Z [102 / 103] Testing //PoemOfTheDayUITests:PoemOfTheDayUITests; 354s darwin-sandbox
Build and Test with Bazel	Run UI tests	2025-11-28T01:35:39.0230420Z [102 / 103] Testing //PoemOfTheDayUITests:PoemOfTheDayUITests; 423s darwin-sandbox
Build and Test with Bazel	Run UI tests	2025-11-28T01:36:45.6894140Z [102 / 103] Testing //PoemOfTheDayUITests:PoemOfTheDayUITests; 489s darwin-sandbox
Build and Test with Bazel	Run UI tests	2025-11-28T01:37:52.2788090Z [102 / 103] Testing //PoemOfTheDayUITests:PoemOfTheDayUITests; 556s darwin-sandbox
Build and Test with Bazel	Run UI tests	2025-11-28T01:38:59.9021120Z [102 / 103] Testing //PoemOfTheDayUITests:PoemOfTheDayUITests; 623s darwin-sandbox
Build and Test with Bazel	Run UI tests	2025-11-28T01:39:40.9911760Z [102 / 103] Testing //PoemOfTheDayUITests:PoemOfTheDayUITests; 665s darwin-sandbox
Build and Test with Bazel	Run UI tests	2025-11-28T01:39:41.3877640Z FAIL: //PoemOfTheDayUITests:PoemOfTheDayUITests (Exit 11) (see /private/var/tmp/_bazel_runner/fe2d0117d2d9b33eff91f94ca60a61fc/execroot/_main/bazel-out/darwin_arm64-fastbuild/testlogs/PoemOfTheDayUITests/PoemOfTheDayUITests/test.log)
Build and Test with Bazel	Run UI tests	2025-11-28T01:39:41.3996830Z INFO: From Testing //PoemOfTheDayUITests:PoemOfTheDayUITests:
Build and Test with Bazel	Run UI tests	2025-11-28T01:39:41.3997520Z ==================== Test output for //PoemOfTheDayUITests:PoemOfTheDayUITests:
Build and Test with Bazel	Run UI tests	2025-11-28T01:39:41.4145090Z 2025-11-28 01:28:37,711 Creating a new simulator:
Build and Test with Bazel	Run UI tests	2025-11-28T01:39:41.4296250Z Name: New-iPhone 15 Pro-18.6
Build and Test with Bazel	Run UI tests	2025-11-28T01:39:41.4413990Z OS: iOS 18.6
Build and Test with Bazel	Run UI tests	2025-11-28T01:39:41.4414510Z Type: iPhone 15 Pro
Build and Test with Bazel	Run UI tests	2025-11-28T01:39:41.4529290Z 2025-11-28 01:28:38,999 Created new simulator 26B9AAE4-0476-4FCD-BF81-AFC883AC4CC7.
Build and Test with Bazel	Run UI tests	2025-11-28T01:39:41.4678010Z 2025-11-28 01:28:41,903 The simulator 26B9AAE4-0476-4FCD-BF81-AFC883AC4CC7 is booted.
Build and Test with Bazel	Run UI tests	2025-11-28T01:39:41.4792010Z 2025-11-28 01:28:41,982 Generating xctestrun file.
Build and Test with Bazel	Run UI tests	2025-11-28T01:39:41.4904960Z 2025-11-28 01:31:43,447 The simulator 26B9AAE4-0476-4FCD-BF81-AFC883AC4CC7 could not be booted in 60s. Will try to run test directly.
Build and Test with Bazel	Run UI tests	2025-11-28T01:39:41.5008240Z 2025-11-28 01:31:43,548 Running test-without-building with device 26B9AAE4-0476-4FCD-BF81-AFC883AC4CC7
Build and Test with Bazel	Run UI tests	2025-11-28T01:39:41.5135220Z Command line invocation:
Build and Test with Bazel	Run UI tests	2025-11-28T01:39:41.5239350Z     /Applications/Xcode_16.4.app/Contents/Developer/usr/bin/xcodebuild test-without-building -xctestrun /private/var/tmp/_bazel_runner/fe2d0117d2d9b33eff91f94ca60a61fc/sandbox/darwin-sandbox/67/execroot/_main/_tmp/0e207e07b1114ab625714b143e1a3643/test_runner_work_dir.Hm7ST6/TEST_ROOT/test.xctestrun -destination id=26B9AAE4-0476-4FCD-BF81-AFC883AC4CC7 -derivedDataPath /private/var/tmp/_bazel_runner/fe2d0117d2d9b33eff91f94ca60a61fc/sandbox/darwin-sandbox/67/execroot/_main/bazel-out/darwin_arm64-fastbuild/testlogs/PoemOfTheDayUITests/PoemOfTheDayUITests/test.outputs -resultBundlePath /private/var/tmp/_bazel_runner/fe2d0117d2d9b33eff91f94ca60a61fc/sandbox/darwin-sandbox/67/execroot/_main/bazel-out/darwin_arm64-fastbuild/testlogs/PoemOfTheDayUITests/PoemOfTheDayUITests/test.outputs/test.xcresult -collect-test-diagnostics=never
Build and Test with Bazel	Run UI tests	2025-11-28T01:39:41.5353720Z 
Build and Test with Bazel	Run UI tests	2025-11-28T01:39:41.5455410Z Writing result bundle at path:
Build and Test with Bazel	Run UI tests	2025-11-28T01:39:41.5558500Z 	/private/var/tmp/_bazel_runner/fe2d0117d2d9b33eff91f94ca60a61fc/sandbox/darwin-sandbox/67/execroot/_main/bazel-out/darwin_arm64-fastbuild/testlogs/PoemOfTheDayUITests/PoemOfTheDayUITests/test.outputs/test.xcresult
Build and Test with Bazel	Run UI tests	2025-11-28T01:39:41.5692450Z 
Build and Test with Bazel	Run UI tests	2025-11-28T01:39:41.5805220Z --- xcodebuild: WARNING: Using the first of multiple matching destinations:
Build and Test with Bazel	Run UI tests	2025-11-28T01:39:41.5908820Z { platform:iOS Simulator, arch:arm64, id:26B9AAE4-0476-4FCD-BF81-AFC883AC4CC7, OS:18.6, name:New-iPhone 15 Pro-18.6 }
Build and Test with Bazel	Run UI tests	2025-11-28T01:39:41.6011070Z { platform:iOS Simulator, arch:x86_64, id:26B9AAE4-0476-4FCD-BF81-AFC883AC4CC7, OS:18.6, name:New-iPhone 15 Pro-18.6 }
Build and Test with Bazel	Run UI tests	2025-11-28T01:39:41.6114780Z Testing started
Build and Test with Bazel	Run UI tests	2025-11-28T01:39:41.6140280Z     t =      nans Interface orientation changed to Portrait
Build and Test with Bazel	Run UI tests	2025-11-28T01:39:41.6261050Z Test Suite 'All tests' started at 2025-11-28 01:32:56.468.
Build and Test with Bazel	Run UI tests	2025-11-28T01:39:41.6366010Z Test Suite 'PoemOfTheDayUITests.xctest' started at 2025-11-28 01:32:56.486.
Build and Test with Bazel	Run UI tests	2025-11-28T01:39:41.6473130Z Test Suite 'AIFeaturesUITests' started at 2025-11-28 01:32:56.486.
Build and Test with Bazel	Run UI tests	2025-11-28T01:39:41.6599820Z Test Case '-[PoemOfTheDayUITests.AIFeaturesUITests testAIGenerationErrorShowsAlert]' started.
Build and Test with Bazel	Run UI tests	2025-11-28T01:39:41.6707350Z     t =     0.00s Start Test at 2025-11-28 01:32:56.487
Build and Test with Bazel	Run UI tests	2025-11-28T01:39:41.6809490Z     t =     0.00s Set Up
Build and Test with Bazel	Run UI tests	2025-11-28T01:39:41.6978290Z     t =     0.01s     Open Stevereitz.Poem-of-the-Day
Build and Test with Bazel	Run UI tests	2025-11-28T01:39:41.7091450Z     t =     0.01s         Launch Stevereitz.Poem-of-the-Day
Build and Test with Bazel	Run UI tests	2025-11-28T01:39:41.7194860Z     t =     5.16s             Setting up automation session
Build and Test with Bazel	Run UI tests	2025-11-28T01:39:41.7196630Z     t =     6.54s             Wait for Stevereitz.Poem-of-the-Day to idle
Build and Test with Bazel	Run UI tests	2025-11-28T01:39:41.7321720Z     t =     9.44s Terminate Stevereitz.Poem-of-the-Day:8117
Build and Test with Bazel	Run UI tests	2025-11-28T01:39:41.7444750Z     t =    10.50s Open Stevereitz.Poem-of-the-Day
Build and Test with Bazel	Run UI tests	2025-11-28T01:39:41.7654550Z     t =    10.50s     Launch Stevereitz.Poem-of-the-Day
Build and Test with Bazel	Run UI tests	2025-11-28T01:39:41.7786760Z     t =    11.33s         Setting up automation session
Build and Test with Bazel	Run UI tests	2025-11-28T01:39:41.7944340Z     t =    12.12s         Wait for Stevereitz.Poem-of-the-Day to idle
Build and Test with Bazel	Run UI tests	2025-11-28T01:39:41.8059030Z     t =    14.76s Checking `Expect predicate `exists == 1` for object "Poem of the Day" StaticText`
Build and Test with Bazel	Run UI tests	2025-11-28T01:39:41.8173110Z     t =    14.77s     Checking existence of `"Poem of the Day" StaticText`
Build and Test with Bazel	Run UI tests	2025-11-28T01:39:41.8315210Z     t =    16.10s Checking `Expect predicate `exists == 1` for object "top_vibe_poem_button" Button`
Build and Test with Bazel	Run UI tests	2025-11-28T01:39:41.8430400Z     t =    16.10s     Checking existence of `"top_vibe_poem_button" Button`
Build and Test with Bazel	Run UI tests	2025-11-28T01:39:41.8562830Z     t =    17.19s Checking `Expect predicate `exists == 1` for object "top_vibe_poem_button" Button`
Build and Test with Bazel	Run UI tests	2025-11-28T01:39:41.8664840Z     t =    17.19s     Checking existence of `"top_vibe_poem_button" Button`
Build and Test with Bazel	Run UI tests	2025-11-28T01:39:41.8767710Z     t =    17.26s Tap "top_vibe_poem_button" Button
Build and Test with Bazel	Run UI tests	2025-11-28T01:39:41.8887420Z     t =    17.26s     Wait for Stevereitz.Poem-of-the-Day to idle
Build and Test with Bazel	Run UI tests	2025-11-28T01:39:41.8990710Z     t =    17.27s     Find the "top_vibe_poem_button" Button
Build and Test with Bazel	Run UI tests	2025-11-28T01:39:41.9131420Z     t =    17.34s     Check for interrupting elements affecting "top_vibe_poem_button" Button
Build and Test with Bazel	Run UI tests	2025-11-28T01:39:41.9234530Z     t =    17.41s     Synthesize event
Build and Test with Bazel	Run UI tests	2025-11-28T01:39:41.9337080Z     t =    17.87s     Wait for Stevereitz.Poem-of-the-Day to idle
Build and Test with Bazel	Run UI tests	2025-11-28T01:39:41.9441520Z     t =    19.10s Checking `Expect predicate `exists == 1` for object "current_vibe" StaticText`
Build and Test with Bazel	Run UI tests	2025-11-28T01:39:41.9543980Z     t =    19.10s     Checking existence of `"current_vibe" StaticText`
Build and Test with Bazel	Run UI tests	2025-11-28T01:39:41.9646940Z     t =    19.35s Tap "generate_vibe_poem_button" Button
Build and Test with Bazel	Run UI tests	2025-11-28T01:39:41.9749220Z     t =    19.35s     Wait for Stevereitz.Poem-of-the-Day to idle
Build and Test with Bazel	Run UI tests	2025-11-28T01:39:41.9854010Z     t =    19.36s     Find the "generate_vibe_poem_button" Button
Build and Test with Bazel	Run UI tests	2025-11-28T01:39:41.9957860Z     t =    19.56s     Check for interrupting elements affecting "generate_vibe_poem_button" Button
Build and Test with Bazel	Run UI tests	2025-11-28T01:39:42.0075920Z     t =    19.64s     Synthesize event
Build and Test with Bazel	Run UI tests	2025-11-28T01:39:42.0200290Z     t =    19.95s     Wait for Stevereitz.Poem-of-the-Day to idle
Build and Test with Bazel	Run UI tests	2025-11-28T01:39:42.0303450Z     t =    20.92s Waiting 5.0s for "Error" Alert to exist
Build and Test with Bazel	Run UI tests	2025-11-28T01:39:42.0416620Z     t =    21.98s     Checking `Expect predicate `existsNoRetry == 1` for object "Error" Alert`
Build and Test with Bazel	Run UI tests	2025-11-28T01:39:42.0532910Z     t =    21.98s         Checking existence of `"Error" Alert`
Build and Test with Bazel	Run UI tests	2025-11-28T01:39:42.0638610Z     t =    22.08s Tap "OK" Button
Build and Test with Bazel	Run UI tests	2025-11-28T01:39:42.0757590Z     t =    22.08s     Wait for Stevereitz.Poem-of-the-Day to idle
Build and Test with Bazel	Run UI tests	2025-11-28T01:39:42.0881630Z     t =    22.09s     Find the "OK" Button
Build and Test with Bazel	Run UI tests	2025-11-28T01:39:42.1022250Z     t =    22.18s     Check for interrupting elements affecting "OK" Button
Build and Test with Bazel	Run UI tests	2025-11-28T01:39:42.1149860Z     t =    22.26s     Synthesize event
Build and Test with Bazel	Run UI tests	2025-11-28T01:39:42.1257550Z     t =    22.58s     Wait for Stevereitz.Poem-of-the-Day to idle
Build and Test with Bazel	Run UI tests	2025-11-28T01:39:42.1359980Z     t =    22.85s Tear Down
Build and Test with Bazel	Run UI tests	2025-11-28T01:39:42.1468870Z Test Case '-[PoemOfTheDayUITests.AIFeaturesUITests testAIGenerationErrorShowsAlert]' passed (23.060 seconds).
Build and Test with Bazel	Run UI tests	2025-11-28T01:39:42.1571090Z Test Case '-[PoemOfTheDayUITests.AIFeaturesUITests testCustomPromptEmptyDisablesGenerate]' started.
Build and Test with Bazel	Run UI tests	2025-11-28T01:39:42.1674250Z     t =     0.00s Start Test at 2025-11-28 01:33:19.547
Build and Test with Bazel	Run UI tests	2025-11-28T01:39:42.1778330Z     t =     0.00s Set Up
Build and Test with Bazel	Run UI tests	2025-11-28T01:39:42.1882670Z     t =     0.01s     Open Stevereitz.Poem-of-the-Day
Build and Test with Bazel	Run UI tests	2025-11-28T01:39:42.2017030Z     t =     0.01s         Launch Stevereitz.Poem-of-the-Day
Build and Test with Bazel	Run UI tests	2025-11-28T01:39:42.2122150Z     t =     0.01s             Terminate Stevereitz.Poem-of-the-Day:8160
Build and Test with Bazel	Run UI tests	2025-11-28T01:39:42.2225460Z     t =     1.83s             Setting up automation session
Build and Test with Bazel	Run UI tests	2025-11-28T01:39:42.2341110Z     t =     2.45s             Wait for Stevereitz.Poem-of-the-Day to idle
Build and Test with Bazel	Run UI tests	2025-11-28T01:39:42.2444620Z     t =     5.12s Checking `Expect predicate `exists == 1` for object "Poem of the Day" StaticText`
Build and Test with Bazel	Run UI tests	2025-11-28T01:39:42.2551940Z     t =     5.12s     Checking existence of `"Poem of the Day" StaticText`
Build and Test with Bazel	Run UI tests	2025-11-28T01:39:42.2660500Z     t =     6.31s Checking `Expect predicate `exists == 1` for object "top_custom_poem_button" Button`
Build and Test with Bazel	Run UI tests	2025-11-28T01:39:42.2778040Z     t =     6.31s     Checking existence of `"top_custom_poem_button" Button`
Build and Test with Bazel	Run UI tests	2025-11-28T01:39:42.2779780Z     t =     7.37s Checking `Expect predicate `exists == 1` for object "top_custom_poem_button" Button`
Build and Test with Bazel	Run UI tests	2025-11-28T01:39:42.2781030Z     t =     7.38s     Checking existence of `"top_custom_poem_button" Button`
Build and Test with Bazel	Run UI tests	2025-11-28T01:39:42.2782820Z     t =     7.48s Tap "top_custom_poem_button" Button
Build and Test with Bazel	Run UI tests	2025-11-28T01:39:42.2783690Z     t =     7.48s     Wait for Stevereitz.Poem-of-the-Day to idle
Build and Test with Bazel	Run UI tests	2025-11-28T01:39:42.2785860Z     t =     7.48s     Find the "top_custom_poem_button" Button
Build and Test with Bazel	Run UI tests	2025-11-28T01:39:42.2787320Z     t =     7.55s     Check for interrupting elements affecting "top_custom_poem_button" Button
Build and Test with Bazel	Run UI tests	2025-11-28T01:39:42.2789640Z     t =     7.61s     Synthesize event
Build and Test with Bazel	Run UI tests	2025-11-28T01:39:42.2790060Z     t =     7.96s     Wait for Stevereitz.Poem-of-the-Day to idle
Build and Test with Bazel	Run UI tests	2025-11-28T01:39:42.2791120Z     t =     9.24s Checking `Expect predicate `exists == 1` for object "custom_prompt_text_field" TextView`
Build and Test with Bazel	Run UI tests	2025-11-28T01:39:42.2792020Z     t =     9.24s     Checking existence of `"custom_prompt_text_field" TextView`
Build and Test with Bazel	Run UI tests	2025-11-28T01:39:42.2792390Z     t =     9.72s Find the "custom_prompt_text_field" TextView
Build and Test with Bazel	Run UI tests	2025-11-28T01:39:42.2792850Z     t =     9.88s Find the "generate_custom_poem_button" Button
Build and Test with Bazel	Run UI tests	2025-11-28T01:39:42.2793390Z     t =    10.02s Tap "custom_prompt_text_field" TextView
Build and Test with Bazel	Run UI tests	2025-11-28T01:39:42.2793790Z     t =    10.02s     Wait for Stevereitz.Poem-of-the-Day to idle
Build and Test with Bazel	Run UI tests	2025-11-28T01:39:42.2794130Z     t =    10.03s     Find the "custom_prompt_text_field" TextView
Build and Test with Bazel	Run UI tests	2025-11-28T01:39:42.2794620Z     t =    10.16s     Check for interrupting elements affecting "custom_prompt_text_field" TextView
Build and Test with Bazel	Run UI tests	2025-11-28T01:39:42.2795420Z     t =    10.26s     Synthesize event
Build and Test with Bazel	Run UI tests	2025-11-28T01:39:42.2795870Z     t =    10.57s     Wait for Stevereitz.Poem-of-the-Day to idle
Build and Test with Bazel	Run UI tests	2025-11-28T01:39:42.2798890Z     t =    13.10s Type 'A poem about coding' into "custom_prompt_text_field" TextView
Build and Test with Bazel	Run UI tests	2025-11-28T01:39:42.2799460Z     t =    13.10s     Wait for Stevereitz.Poem-of-the-Day to idle
Build and Test with Bazel	Run UI tests	2025-11-28T01:39:42.2799840Z     t =    13.45s     Find the "custom_prompt_text_field" TextView
Build and Test with Bazel	Run UI tests	2025-11-28T01:39:42.2800690Z     t =    17.25s     Check for interrupting elements affecting "custom_prompt_text_field" TextView
Build and Test with Bazel	Run UI tests	2025-11-28T01:39:42.2903750Z     t =    17.47s     Synthesize event
Build and Test with Bazel	Run UI tests	2025-11-28T01:39:42.3005820Z     t =    18.00s     Wait for Stevereitz.Poem-of-the-Day to idle
Build and Test with Bazel	Run UI tests	2025-11-28T01:39:42.3107100Z     t =    18.01s Find the "generate_custom_poem_button" Button
Build and Test with Bazel	Run UI tests	2025-11-28T01:39:42.3209520Z     t =    20.06s Tap "Clear" Button
Build and Test with Bazel	Run UI tests	2025-11-28T01:39:42.3311290Z     t =    20.06s     Wait for Stevereitz.Poem-of-the-Day to idle
Build and Test with Bazel	Run UI tests	2025-11-28T01:39:42.3413320Z     t =    20.08s     Find the "Clear" Button
Build and Test with Bazel	Run UI tests	2025-11-28T01:39:42.3594300Z     t =    21.48s         Find the "Clear" Button (retry 1)
Build and Test with Bazel	Run UI tests	2025-11-28T01:39:42.3746700Z     t =    24.36s         Find the "Clear" Button (retry 2)
Build and Test with Bazel	Run UI tests	2025-11-28T01:39:42.3897540Z     t =    27.02s Requesting snapshot of accessibility hierarchy for app with pid 8324
Build and Test with Bazel	Run UI tests	2025-11-28T01:39:42.4003050Z INFO: Found 1 test target...
Build and Test with Bazel	Run UI tests	2025-11-28T01:39:42.4004000Z <unknown>:0: error: -[PoemOfTheDayUITests.AIFeaturesUITests testCustomPromptEmptyDisablesGenerate] : Failed to tap "Clear" Button: No matches found for Elements matching predicate '"Clear" IN identifiers' from input {(
Build and Test with Bazel	Run UI tests	2025-11-28T01:39:42.4123200Z Target //PoemOfTheDayUITests:PoemOfTheDayUITests up-to-date:
Build and Test with Bazel	Run UI tests	2025-11-28T01:39:42.4130590Z     Button, label: 'Emoji',
Build and Test with Bazel	Run UI tests	2025-11-28T01:39:42.4236840Z   bazel-out/ios_sim_arm64-fastbuild-ios-sim_arm64-min17.0-applebin_ios-ST-f3259bc0b2ed/bin/PoemOfTheDayUITests/PoemOfTheDayUITests.xctest.dSYM/Contents/Resources/DWARF/PoemOfTheDayUITests
Build and Test with Bazel	Run UI tests	2025-11-28T01:39:42.4238420Z     Button, identifier: 'dictation', label: 'Dictate',
Build and Test with Bazel	Run UI tests	2025-11-28T01:39:42.4377020Z   bazel-out/ios_sim_arm64-fastbuild-ios-sim_arm64-min17.0-applebin_ios-ST-f3259bc0b2ed/bin/PoemOfTheDayUITests/PoemOfTheDayUITests.xctest.dSYM/Contents/Info.plist
Build and Test with Bazel	Run UI tests	2025-11-28T01:39:42.4377970Z     Button, identifier: 'favorites_button', label: 'Favorite Poems',
Build and Test with Bazel	Run UI tests	2025-11-28T01:39:42.4479450Z   bazel-bin/PoemOfTheDayUITests/PoemOfTheDayUITests
Build and Test with Bazel	Run UI tests	2025-11-28T01:39:42.4479910Z     Button, identifier: 'shift', label: 'shift', Selected,
Build and Test with Bazel	Run UI tests	2025-11-28T01:39:42.4589700Z   bazel-out/ios_sim_arm64-fastbuild-ios-sim_arm64-min17.0-applebin_ios-ST-f3259bc0b2ed/bin/PoemOfTheDayUITests/PoemOfTheDayUITests.zip
Build and Test with Bazel	Run UI tests	2025-11-28T01:39:42.4590550Z     Button, identifier: 'Return', label: 'return',
Build and Test with Bazel	Run UI tests	2025-11-28T01:39:42.4591010Z     Button, identifier: 'menu_button', label: 'Menu',
Build and Test with Bazel	Run UI tests	2025-11-28T01:39:42.4704290Z     Button,
Build and Test with Bazel	Run UI tests	2025-11-28T01:39:42.4836120Z     Button, identifier: 'cancel_button', label: 'Cancel',
Build and Test with Bazel	Run UI tests	2025-11-28T01:39:42.4980700Z     Button, identifier: 'top_vibe_poem_button', label: 'Generate vibe-based poem',
Build and Test with Bazel	Run UI tests	2025-11-28T01:39:42.5124060Z     Button, identifier: 'top_custom_poem_button', label: 'Create custom poem',
Build and Test with Bazel	Run UI tests	2025-11-28T01:39:42.5267560Z     Button, identifier: 'refresh_button', label: 'Get a new poem',
Build and Test with Bazel	Run UI tests	2025-11-28T01:39:42.5389790Z     Button, identifier: 'vibe_poem_button', label: 'Generate AI poem based on today's news vibe',
Build and Test with Bazel	Run UI tests	2025-11-28T01:39:42.5526010Z     Button, identifier: 'custom_poem_button', label: 'Create custom AI poem',
Build and Test with Bazel	Run UI tests	2025-11-28T01:39:42.5632860Z INFO: Elapsed time: 680.238s, Critical Path: 678.72s
Build and Test with Bazel	Run UI tests	2025-11-28T01:39:42.5634800Z     Button, identifier: 'generate_custom_poem_button', label: 'Generate Poem',
Build and Test with Bazel	Run UI tests	2025-11-28T01:39:42.5767970Z INFO: 23 processes: 20 action cache hit, 13 internal, 8 darwin-sandbox, 1 local, 1 worker.
Build and Test with Bazel	Run UI tests	2025-11-28T01:39:42.5768820Z     Button, identifier: 'favorite_button', label: 'Add to favorites',
Build and Test with Bazel	Run UI tests	2025-11-28T01:39:42.5879580Z INFO: Build completed, 1 test FAILED, 23 total actions
Build and Test with Bazel	Run UI tests	2025-11-28T01:39:42.5880690Z     Button, identifier: 'share_button', label: 'Share poem'
Build and Test with Bazel	Run UI tests	2025-11-28T01:39:42.5884310Z )}
Build and Test with Bazel	Run UI tests	2025-11-28T01:39:42.5986710Z Possibly caused by runtime issues:
Build and Test with Bazel	Run UI tests	2025-11-28T01:39:42.6100970Z Automation type mismatch: computed Button from legacy attributes vs PopUpButton from modern attribute. Input attributes and values: {
Build and Test with Bazel	Run UI tests	2025-11-28T01:39:42.6226930Z     "XC_kAXXCAttributeAutomationType" = 14;
Build and Test with Bazel	Run UI tests	2025-11-28T01:39:42.6345380Z     "XC_kAXXCAttributeElementBaseType" = UIResponder;
Build and Test with Bazel	Run UI tests	2025-11-28T01:39:42.6462450Z     "XC_kAXXCAttributeElementType" = "SwiftUI.AccessibilityNode";
Build and Test with Bazel	Run UI tests	2025-11-28T01:39:42.6601870Z     "XC_kAXXCAttributeTraits" = 1108101562369;
Build and Test with Bazel	Run UI tests	2025-11-28T01:39:42.6710330Z }
Build and Test with Bazel	Run UI tests	2025-11-28T01:39:42.6834140Z Automation type mismatch: computed Button from legacy attributes vs Key from modern attribute. Input attributes and values: {
Build and Test with Bazel	Run UI tests	2025-11-28T01:39:42.6937460Z     "XC_kAXXCAttributeAutomationType" = 20;
Build and Test with Bazel	Run UI tests	2025-11-28T01:39:42.7039120Z     "XC_kAXXCAttributeElementBaseType" = UIAccessibilityElement;
Build and Test with Bazel	Run UI tests	2025-11-28T01:39:42.7140800Z     "XC_kAXXCAttributeElementType" = UIAccessibilityElementKBKey;
Build and Test with Bazel	Run UI tests	2025-11-28T01:39:42.7244570Z     "XC_kAXXCAttributeTraits" = 8589934649;
Build and Test with Bazel	Run UI tests	2025-11-28T01:39:42.7347050Z }
Build and Test with Bazel	Run UI tests	2025-11-28T01:39:42.7467310Z Automation type mismatch: computed Button from legacy attributes vs Key from modern attribute. Input attributes and values: {
Build and Test with Bazel	Run UI tests	2025-11-28T01:39:42.7677990Z     "XC_kAXXCAttributeAutomationType" = 20;
Build and Test with Bazel	Run UI tests	2025-11-28T01:39:42.7790940Z     "XC_kAXXCAttributeElementBaseType" = UIAccessibilityElement;
Build and Test with Bazel	Run UI tests	2025-11-28T01:39:42.7894330Z     "XC_kAXXCAttributeElementType" = UIAccessibilityElementKBKey;
Build and Test with Bazel	Run UI tests	2025-11-28T01:39:42.7999090Z     "XC_kAXXCAttributeTraits" = 8589934641;
Build and Test with Bazel	Run UI tests	2025-11-28T01:39:42.8102370Z }
Build and Test with Bazel	Run UI tests	2025-11-28T01:39:42.8220630Z See test report attachments for more detail.
Build and Test with Bazel	Run UI tests	2025-11-28T01:39:42.8328030Z     t =    28.60s Tear Down
Build and Test with Bazel	Run UI tests	2025-11-28T01:39:42.8428960Z Test Case '-[PoemOfTheDayUITests.AIFeaturesUITests testCustomPromptEmptyDisablesGenerate]' failed (28.817 seconds).
Build and Test with Bazel	Run UI tests	2025-11-28T01:39:42.8530940Z Test Case '-[PoemOfTheDayUITests.AIFeaturesUITests testVibeGenerationHappyPath]' started.
Build and Test with Bazel	Run UI tests	2025-11-28T01:39:42.8632340Z     t =     0.00s Start Test at 2025-11-28 01:33:48.365
Build and Test with Bazel	Run UI tests	2025-11-28T01:39:42.8733880Z     t =     0.00s Set Up
Build and Test with Bazel	Run UI tests	2025-11-28T01:39:42.8835370Z     t =     0.00s     Open Stevereitz.Poem-of-the-Day
Build and Test with Bazel	Run UI tests	2025-11-28T01:39:42.8936730Z     t =     0.00s         Launch Stevereitz.Poem-of-the-Day
Build and Test with Bazel	Run UI tests	2025-11-28T01:39:42.9038310Z     t =     0.01s             Terminate Stevereitz.Poem-of-the-Day:8324
Build and Test with Bazel	Run UI tests	2025-11-28T01:39:42.9142970Z     t =     5.26s             Setting up automation session
Build and Test with Bazel	Run UI tests	2025-11-28T01:39:42.9246550Z     t =     5.37s             Wait for Stevereitz.Poem-of-the-Day to idle
Build and Test with Bazel	Run UI tests	2025-11-28T01:39:42.9348600Z     t =     8.82s Checking `Expect predicate `exists == 1` for object "Poem of the Day" StaticText`
Build and Test with Bazel	Run UI tests	2025-11-28T01:39:42.9451880Z     t =     8.83s     Checking existence of `"Poem of the Day" StaticText`
Build and Test with Bazel	Run UI tests	2025-11-28T01:39:42.9555200Z     t =    10.10s Checking `Expect predicate `exists == 1` for object "top_vibe_poem_button" Button`
Build and Test with Bazel	Run UI tests	2025-11-28T01:39:42.9657470Z     t =    10.10s     Checking existence of `"top_vibe_poem_button" Button`
Build and Test with Bazel	Run UI tests	2025-11-28T01:39:42.9765880Z     t =    11.35s Checking `Expect predicate `exists == 1` for object "top_vibe_poem_button" Button`
Build and Test with Bazel	Run UI tests	2025-11-28T01:39:42.9867830Z     t =    11.35s     Checking existence of `"top_vibe_poem_button" Button`
Build and Test with Bazel	Run UI tests	2025-11-28T01:39:42.9969380Z     t =    11.40s Tap "top_vibe_poem_button" Button
Build and Test with Bazel	Run UI tests	2025-11-28T01:39:43.0093390Z     t =    11.40s     Wait for Stevereitz.Poem-of-the-Day to idle
Build and Test with Bazel	Run UI tests	2025-11-28T01:39:43.0194730Z     t =    11.40s     Find the "top_vibe_poem_button" Button
Build and Test with Bazel	Run UI tests	2025-11-28T01:39:43.0304700Z     t =    11.50s     Check for interrupting elements affecting "top_vibe_poem_button" Button
Build and Test with Bazel	Run UI tests	2025-11-28T01:39:43.0408460Z     t =    11.59s     Synthesize event
Build and Test with Bazel	Run UI tests	2025-11-28T01:39:43.0512120Z     t =    12.15s     Wait for Stevereitz.Poem-of-the-Day to idle
Build and Test with Bazel	Run UI tests	2025-11-28T01:39:43.0613830Z     t =    13.35s Checking `Expect predicate `exists == 1` for object "current_vibe" StaticText`
Build and Test with Bazel	Run UI tests	2025-11-28T01:39:43.0715320Z     t =    13.35s     Checking existence of `"current_vibe" StaticText`
Build and Test with Bazel	Run UI tests	2025-11-28T01:39:43.0815860Z     t =    14.49s Find the "current_vibe" StaticText
Build and Test with Bazel	Run UI tests	2025-11-28T01:39:43.0979190Z     t =    15.27s Find the "generate_vibe_poem_button" Button
Build and Test with Bazel	Run UI tests	2025-11-28T01:39:43.1081240Z     t =    16.27s Tap "generate_vibe_poem_button" Button
Build and Test with Bazel	Run UI tests	2025-11-28T01:39:43.1183450Z     t =    16.27s     Wait for Stevereitz.Poem-of-the-Day to idle
Build and Test with Bazel	Run UI tests	2025-11-28T01:39:43.1185340Z     t =    16.28s     Find the "generate_vibe_poem_button" Button
Build and Test with Bazel	Run UI tests	2025-11-28T01:39:43.1287220Z     t =    17.36s     Check for interrupting elements affecting "generate_vibe_poem_button" Button
Build and Test with Bazel	Run UI tests	2025-11-28T01:39:43.1389050Z     t =    17.46s     Synthesize event
Build and Test with Bazel	Run UI tests	2025-11-28T01:39:43.1490890Z     t =    17.85s     Wait for Stevereitz.Poem-of-the-Day to idle
Build and Test with Bazel	Run UI tests	2025-11-28T01:39:43.1705610Z     t =    19.97s Checking `Expect predicate `exists == 1` for object "Poem of the Day" StaticText`
Build and Test with Bazel	Run UI tests	2025-11-28T01:39:43.1747030Z     t =    19.97s     Checking existence of `"Poem of the Day" StaticText`
Build and Test with Bazel	Run UI tests	2025-11-28T01:39:43.1747780Z     t =    20.13s Tear Down
Build and Test with Bazel	Run UI tests	2025-11-28T01:39:43.1748720Z Test Case '-[PoemOfTheDayUITests.AIFeaturesUITests testVibeGenerationHappyPath]' passed (20.337 seconds).
Build and Test with Bazel	Run UI tests	2025-11-28T01:39:43.1749400Z Test Suite 'AIFeaturesUITests' failed at 2025-11-28 01:34:08.703.
Build and Test with Bazel	Run UI tests	2025-11-28T01:39:43.1750110Z 	 Executed 3 tests, with 1 failure (0 unexpected) in 72.214 (72.216) seconds
Build and Test with Bazel	Run UI tests	2025-11-28T01:39:43.1751330Z Test Suite 'NavigationUITests' started at 2025-11-28 01:34:08.704.
Build and Test with Bazel	Run UI tests	2025-11-28T01:39:43.1752070Z Test Case '-[PoemOfTheDayUITests.NavigationUITests testHistoryNavigation]' started.
Build and Test with Bazel	Run UI tests	2025-11-28T01:39:43.1752680Z     t =     0.00s Start Test at 2025-11-28 01:34:08.706
Build and Test with Bazel	Run UI tests	2025-11-28T01:39:43.1757140Z     t =     0.01s Set Up
Build and Test with Bazel	Run UI tests	2025-11-28T01:39:43.1757880Z     t =     0.01s     Open Stevereitz.Poem-of-the-Day
Build and Test with Bazel	Run UI tests	2025-11-28T01:39:43.1758350Z     t =     0.01s         Launch Stevereitz.Poem-of-the-Day
Build and Test with Bazel	Run UI tests	2025-11-28T01:39:43.1758830Z     t =     0.01s             Terminate Stevereitz.Poem-of-the-Day:8470
Build and Test with Bazel	Run UI tests	2025-11-28T01:39:43.1759530Z     t =     2.09s             Setting up automation session
Build and Test with Bazel	Run UI tests	2025-11-28T01:39:43.1760070Z     t =     2.98s             Wait for Stevereitz.Poem-of-the-Day to idle
Build and Test with Bazel	Run UI tests	2025-11-28T01:39:43.1760650Z     t =     5.95s Checking `Expect predicate `exists == 1` for object "poem_title" StaticText`
Build and Test with Bazel	Run UI tests	2025-11-28T01:39:43.1761480Z     t =     5.95s     Checking existence of `"poem_title" StaticText`
Build and Test with Bazel	Run UI tests	2025-11-28T01:39:43.1762180Z     t =     7.16s Checking `Expect predicate `exists == 1` for object "menu_button" Button`
Build and Test with Bazel	Run UI tests	2025-11-28T01:39:43.1762880Z     t =     7.16s     Checking existence of `"menu_button" Button`
Build and Test with Bazel	Run UI tests	2025-11-28T01:39:43.1763410Z     t =     7.32s Tap "menu_button" Button
Build and Test with Bazel	Run UI tests	2025-11-28T01:39:43.1763900Z     t =     7.32s     Wait for Stevereitz.Poem-of-the-Day to idle
Build and Test with Bazel	Run UI tests	2025-11-28T01:39:43.1767550Z     t =     7.33s     Find the "menu_button" Button
Build and Test with Bazel	Run UI tests	2025-11-28T01:39:43.1768330Z     t =     7.41s     Check for interrupting elements affecting "menu_button" Button
Build and Test with Bazel	Run UI tests	2025-11-28T01:39:43.1770600Z     t =     7.55s     Synthesize event
Build and Test with Bazel	Run UI tests	2025-11-28T01:39:43.1774620Z     t =     7.64s         Scroll element to visible
Build and Test with Bazel	Run UI tests	2025-11-28T01:39:43.1775860Z     t =     7.65s         Find the "menu_button" Button
Build and Test with Bazel	Run UI tests	2025-11-28T01:39:43.1779740Z     t =     7.80s         Computed hit point {-1, -1} after scrolling to visible
Build and Test with Bazel	Run UI tests	2025-11-28T01:39:43.1788420Z     t =     7.80s         Failed: Failed to scroll to visible (by AX action) Button, {{16.0, 64.3}, {35.0, 23.0}}, identifier: 'menu_button', label: 'Menu', error: Error kAXErrorCannotComplete performing AXAction kAXScrollToVisibleAction on element AX element pid: 9027, elementOrHash.elementID: 105553169750912.17
Build and Test with Bazel	Run UI tests	2025-11-28T01:39:43.1789910Z     t =     8.82s     Retrying `Tap "menu_button" Button` (attempt #2)
Build and Test with Bazel	Run UI tests	2025-11-28T01:39:43.1790340Z     t =     8.82s         Wait for Stevereitz.Poem-of-the-Day to idle
Build and Test with Bazel	Run UI tests	2025-11-28T01:39:43.1790920Z     t =     8.85s         Find the "menu_button" Button
Build and Test with Bazel	Run UI tests	2025-11-28T01:39:43.1791630Z     t =     8.99s         Check for interrupting elements affecting "menu_button" Button
Build and Test with Bazel	Run UI tests	2025-11-28T01:39:43.1792180Z     t =     9.07s         Synthesize event
Build and Test with Bazel	Run UI tests	2025-11-28T01:39:43.1792530Z     t =     9.11s             Scroll element to visible
Build and Test with Bazel	Run UI tests	2025-11-28T01:39:43.1793050Z     t =     9.11s             Find the "menu_button" Button
Build and Test with Bazel	Run UI tests	2025-11-28T01:39:43.1793450Z     t =     9.35s             Computed hit point {-1, -1} after scrolling to visible
Build and Test with Bazel	Run UI tests	2025-11-28T01:39:43.1797040Z     t =     9.35s             Failed: Failed to scroll to visible (by AX action) Button, {{16.0, 64.3}, {35.0, 23.0}}, identifier: 'menu_button', label: 'Menu', error: Error kAXErrorCannotComplete performing AXAction kAXScrollToVisibleAction on element AX element pid: 9027, elementOrHash.elementID: 105553169750912.17
Build and Test with Bazel	Run UI tests	2025-11-28T01:39:43.1798060Z     t =    10.35s     Retrying `Tap "menu_button" Button` (attempt #3)
Build and Test with Bazel	Run UI tests	2025-11-28T01:39:43.1798790Z     t =    10.36s         Wait for Stevereitz.Poem-of-the-Day to idle
Build and Test with Bazel	Run UI tests	2025-11-28T01:39:43.1799230Z     t =    10.41s         Find the "menu_button" Button
Build and Test with Bazel	Run UI tests	2025-11-28T01:39:43.1799730Z     t =    10.53s         Check for interrupting elements affecting "menu_button" Button
Build and Test with Bazel	Run UI tests	2025-11-28T01:39:43.2399110Z     t =    10.77s         Synthesize event
Build and Test with Bazel	Run UI tests	2025-11-28T01:39:43.2399970Z     t =    10.88s             Scroll element to visible
Build and Test with Bazel	Run UI tests	2025-11-28T01:39:43.2400930Z     t =    10.89s             Find the "menu_button" Button
Build and Test with Bazel	Run UI tests	2025-11-28T01:39:43.2402530Z     t =    11.25s             Computed hit point {-1, -1} after scrolling to visible
Build and Test with Bazel	Run UI tests	2025-11-28T01:39:43.2404610Z     t =    11.25s             Failed: Failed to scroll to visible (by AX action) Button, {{16.0, 64.3}, {35.0, 23.0}}, identifier: 'menu_button', label: 'Menu', error: Error kAXErrorCannotComplete performing AXAction kAXScrollToVisibleAction on element AX element pid: 9027, elementOrHash.elementID: 105553169750912.17
Build and Test with Bazel	Run UI tests	2025-11-28T01:39:43.2405660Z     t =    11.26s Requesting snapshot of accessibility hierarchy for app with pid 9027
Build and Test with Bazel	Run UI tests	2025-11-28T01:39:43.2407620Z <unknown>:0: error: -[PoemOfTheDayUITests.NavigationUITests testHistoryNavigation] : Failed to failed to scroll to visible (by AX action) Button, {{16.0, 64.3}, {35.0, 23.0}}, identifier: 'menu_button', label: 'Menu', error: Error kAXErrorCannotComplete performing AXAction kAXScrollToVisibleAction on element AX element pid: 9027, elementOrHash.elementID: 105553169750912.17. (Underlying Error: Error kAXErrorCannotComplete performing AXAction kAXScrollToVisibleAction on element AX element pid: 9027, elementOrHash.elementID: 105553169750912.17)
Build and Test with Bazel	Run UI tests	2025-11-28T01:39:43.2410000Z     t =    11.41s Tear Down
Build and Test with Bazel	Run UI tests	2025-11-28T01:39:43.2411710Z Test Case '-[PoemOfTheDayUITests.NavigationUITests testHistoryNavigation]' failed (11.617 seconds).
Build and Test with Bazel	Run UI tests	2025-11-28T01:39:43.2412430Z Test Case '-[PoemOfTheDayUITests.NavigationUITests testSettingsNavigation]' started.
Build and Test with Bazel	Run UI tests	2025-11-28T01:39:43.2414260Z     t =     0.00s Start Test at 2025-11-28 01:34:20.321
Build and Test with Bazel	Run UI tests	2025-11-28T01:39:43.2416840Z     t =     0.00s Set Up
Build and Test with Bazel	Run UI tests	2025-11-28T01:39:43.2417690Z     t =     0.01s     Open Stevereitz.Poem-of-the-Day
Build and Test with Bazel	Run UI tests	2025-11-28T01:39:43.2418620Z     t =     0.01s         Launch Stevereitz.Poem-of-the-Day
Build and Test with Bazel	Run UI tests	2025-11-28T01:39:43.2420400Z     t =     0.01s             Terminate Stevereitz.Poem-of-the-Day:9027
Build and Test with Bazel	Run UI tests	2025-11-28T01:39:43.2421300Z     t =     1.96s             Setting up automation session
Build and Test with Bazel	Run UI tests	2025-11-28T01:39:43.2422160Z     t =     2.48s             Wait for Stevereitz.Poem-of-the-Day to idle
Build and Test with Bazel	Run UI tests	2025-11-28T01:39:43.2423230Z     t =     5.06s Checking `Expect predicate `exists == 1` for object "poem_title" StaticText`
Build and Test with Bazel	Run UI tests	2025-11-28T01:39:43.2424330Z     t =     5.07s     Checking existence of `"poem_title" StaticText`
Build and Test with Bazel	Run UI tests	2025-11-28T01:39:43.2425290Z     t =     6.26s Checking `Expect predicate `exists == 1` for object "menu_button" Button`
Build and Test with Bazel	Run UI tests	2025-11-28T01:39:43.2426670Z     t =     6.26s     Checking existence of `"menu_button" Button`
Build and Test with Bazel	Run UI tests	2025-11-28T01:39:43.2427510Z     t =     6.29s Tap "menu_button" Button
Build and Test with Bazel	Run UI tests	2025-11-28T01:39:43.2428170Z     t =     6.29s     Wait for Stevereitz.Poem-of-the-Day to idle
Build and Test with Bazel	Run UI tests	2025-11-28T01:39:43.2429040Z     t =     6.29s     Find the "menu_button" Button
Build and Test with Bazel	Run UI tests	2025-11-28T01:39:43.2429860Z     t =     6.33s     Check for interrupting elements affecting "menu_button" Button
Build and Test with Bazel	Run UI tests	2025-11-28T01:39:43.2430770Z     t =     6.39s     Synthesize event
Build and Test with Bazel	Run UI tests	2025-11-28T01:39:43.2431340Z     t =     6.45s         Scroll element to visible
Build and Test with Bazel	Run UI tests	2025-11-28T01:39:43.2432010Z     t =     6.46s         Find the "menu_button" Button
Build and Test with Bazel	Run UI tests	2025-11-28T01:39:43.2432720Z     t =     6.55s         Computed hit point {-1, -1} after scrolling to visible
Build and Test with Bazel	Run UI tests	2025-11-28T01:39:43.2435130Z     t =     6.55s         Failed: Failed to scroll to visible (by AX action) Button, {{16.0, 64.3}, {35.0, 23.0}}, identifier: 'menu_button', label: 'Menu', error: Error kAXErrorCannotComplete performing AXAction kAXScrollToVisibleAction on element AX element pid: 9267, elementOrHash.elementID: 105553169799424.17
Build and Test with Bazel	Run UI tests	2025-11-28T01:39:43.2437380Z     t =     7.56s     Retrying `Tap "menu_button" Button` (attempt #2)
Build and Test with Bazel	Run UI tests	2025-11-28T01:39:43.2438190Z     t =     7.56s         Wait for Stevereitz.Poem-of-the-Day to idle
Build and Test with Bazel	Run UI tests	2025-11-28T01:39:43.2438930Z     t =     7.57s         Find the "menu_button" Button
Build and Test with Bazel	Run UI tests	2025-11-28T01:39:43.2439810Z     t =     7.63s         Check for interrupting elements affecting "menu_button" Button
Build and Test with Bazel	Run UI tests	2025-11-28T01:39:43.2440730Z     t =     7.68s         Synthesize event
Build and Test with Bazel	Run UI tests	2025-11-28T01:39:43.2441380Z     t =     7.71s             Scroll element to visible
Build and Test with Bazel	Run UI tests	2025-11-28T01:39:43.2442060Z     t =     7.72s             Find the "menu_button" Button
Build and Test with Bazel	Run UI tests	2025-11-28T01:39:43.2443580Z     t =     7.78s             Computed hit point {-1, -1} after scrolling to visible
Build and Test with Bazel	Run UI tests	2025-11-28T01:39:43.2446070Z     t =     7.78s             Failed: Failed to scroll to visible (by AX action) Button, {{16.0, 64.3}, {35.0, 23.0}}, identifier: 'menu_button', label: 'Menu', error: Error kAXErrorCannotComplete performing AXAction kAXScrollToVisibleAction on element AX element pid: 9267, elementOrHash.elementID: 105553169799424.17
Build and Test with Bazel	Run UI tests	2025-11-28T01:39:43.2448870Z     t =     8.79s     Retrying `Tap "menu_button" Button` (attempt #3)
Build and Test with Bazel	Run UI tests	2025-11-28T01:39:43.2449700Z     t =     8.79s         Wait for Stevereitz.Poem-of-the-Day to idle
Build and Test with Bazel	Run UI tests	2025-11-28T01:39:43.2450680Z     t =     8.83s         Find the "menu_button" Button
Build and Test with Bazel	Run UI tests	2025-11-28T01:39:43.2451420Z     t =     8.87s         Check for interrupting elements affecting "menu_button" Button
Build and Test with Bazel	Run UI tests	2025-11-28T01:39:43.2452330Z     t =     8.91s         Synthesize event
Build and Test with Bazel	Run UI tests	2025-11-28T01:39:43.2452920Z     t =     8.93s             Scroll element to visible
Build and Test with Bazel	Run UI tests	2025-11-28T01:39:43.2453640Z     t =     8.94s             Find the "menu_button" Button
Build and Test with Bazel	Run UI tests	2025-11-28T01:39:43.2454320Z     t =     9.02s             Computed hit point {-1, -1} after scrolling to visible
Build and Test with Bazel	Run UI tests	2025-11-28T01:39:43.2456450Z     t =     9.02s             Failed: Failed to scroll to visible (by AX action) Button, {{16.0, 64.3}, {35.0, 23.0}}, identifier: 'menu_button', label: 'Menu', error: Error kAXErrorCannotComplete performing AXAction kAXScrollToVisibleAction on element AX element pid: 9267, elementOrHash.elementID: 105553169799424.17
Build and Test with Bazel	Run UI tests	2025-11-28T01:39:43.2460070Z     t =     9.03s Requesting snapshot of accessibility hierarchy for app with pid 9267
Build and Test with Bazel	Run UI tests	2025-11-28T01:39:43.2464460Z <unknown>:0: error: -[PoemOfTheDayUITests.NavigationUITests testSettingsNavigation] : Failed to failed to scroll to visible (by AX action) Button, {{16.0, 64.3}, {35.0, 23.0}}, identifier: 'menu_button', label: 'Menu', error: Error kAXErrorCannotComplete performing AXAction kAXScrollToVisibleAction on element AX element pid: 9267, elementOrHash.elementID: 105553169799424.17. (Underlying Error: Error kAXErrorCannotComplete performing AXAction kAXScrollToVisibleAction on element AX element pid: 9267, elementOrHash.elementID: 105553169799424.17)
Build and Test with Bazel	Run UI tests	2025-11-28T01:39:43.2466050Z     t =     9.08s Tear Down
Build and Test with Bazel	Run UI tests	2025-11-28T01:39:43.2466400Z Test Case '-[PoemOfTheDayUITests.NavigationUITests testSettingsNavigation]' failed (9.283 seconds).
Build and Test with Bazel	Run UI tests	2025-11-28T01:39:43.2466840Z Test Suite 'NavigationUITests' failed at 2025-11-28 01:34:29.604.
Build and Test with Bazel	Run UI tests	2025-11-28T01:39:43.2467170Z 	 Executed 2 tests, with 2 failures (0 unexpected) in 20.899 (20.900) seconds
Build and Test with Bazel	Run UI tests	2025-11-28T01:39:43.2467530Z Test Suite 'PoemUITests' started at 2025-11-28 01:34:29.604.
Build and Test with Bazel	Run UI tests	2025-11-28T01:39:43.2467870Z Test Case '-[PoemOfTheDayUITests.PoemUITests testAccessibility]' started.
Build and Test with Bazel	Run UI tests	2025-11-28T01:39:43.2468940Z     t =     0.00s Start Test at 2025-11-28 01:34:29.604
Build and Test with Bazel	Run UI tests	2025-11-28T01:39:43.2469470Z     t =     0.00s Set Up
Build and Test with Bazel	Run UI tests	2025-11-28T01:39:43.2470650Z 2025-11-28 01:34:29.639 PoemOfTheDayUITests-Runner[7932:36726] PoemUITests: Launching app with arguments: ["--ui-testing", "-UITESTING", "1"]
Build and Test with Bazel	Run UI tests	2025-11-28T01:39:43.2478790Z 2025-11-28 01:34:29.640 PoemOfTheDayUITests-Runner[7932:36726] PoemUITests: Launching app with environment: ["UITESTING": "1", "AI_AVAILABLE": "false", "ENABLE_TELEMETRY": "true"]
Build and Test with Bazel	Run UI tests	2025-11-28T01:39:43.2479350Z     t =     0.04s     Open Stevereitz.Poem-of-the-Day
Build and Test with Bazel	Run UI tests	2025-11-28T01:39:43.2480010Z     t =     0.04s         Launch Stevereitz.Poem-of-the-Day
Build and Test with Bazel	Run UI tests	2025-11-28T01:39:43.2480650Z     t =     0.04s             Terminate Stevereitz.Poem-of-the-Day:9267
Build and Test with Bazel	Run UI tests	2025-11-28T01:39:43.2481180Z     t =     1.70s             Setting up automation session
Build and Test with Bazel	Run UI tests	2025-11-28T01:39:43.2483120Z     t =     2.56s             Wait for Stevereitz.Poem-of-the-Day to idle
Build and Test with Bazel	Run UI tests	2025-11-28T01:39:43.2484180Z     t =     4.14s Waiting 5.0s for "poem_title" StaticText to exist
Build and Test with Bazel	Run UI tests	2025-11-28T01:39:43.2485880Z     t =     5.18s     Checking `Expect predicate `existsNoRetry == 1` for object "poem_title" StaticText`
Build and Test with Bazel	Run UI tests	2025-11-28T01:39:43.2489170Z     t =     5.19s         Checking existence of `"poem_title" StaticText`
Build and Test with Bazel	Run UI tests	2025-11-28T01:39:43.2491260Z     t =     5.39s Checking existence of `"favorite_button" Button`
Build and Test with Bazel	Run UI tests	2025-11-28T01:39:43.2491700Z     t =     5.65s Checking existence of `"share_button" Button`
Build and Test with Bazel	Run UI tests	2025-11-28T01:39:43.2491970Z     t =     5.72s Checking existence of `"refresh_button" Button`
Build and Test with Bazel	Run UI tests	2025-11-28T01:39:43.2492240Z     t =     5.76s Checking existence of `"favorites_button" Button`
Build and Test with Bazel	Run UI tests	2025-11-28T01:39:43.2492480Z     t =     5.77s Tear Down
Build and Test with Bazel	Run UI tests	2025-11-28T01:39:43.2492780Z Test Case '-[PoemOfTheDayUITests.PoemUITests testAccessibility]' passed (5.979 seconds).
Build and Test with Bazel	Run UI tests	2025-11-28T01:39:43.2493390Z Test Case '-[PoemOfTheDayUITests.PoemUITests testConcurrentActions]' started.
Build and Test with Bazel	Run UI tests	2025-11-28T01:39:43.2493710Z     t =     0.00s Start Test at 2025-11-28 01:34:35.584
Build and Test with Bazel	Run UI tests	2025-11-28T01:39:43.2493900Z     t =     0.00s Set Up
Build and Test with Bazel	Run UI tests	2025-11-28T01:39:43.2494320Z 2025-11-28 01:34:35.589 PoemOfTheDayUITests-Runner[7932:36726] PoemUITests: Launching app with arguments: ["--ui-testing", "-UITESTING", "1"]
Build and Test with Bazel	Run UI tests	2025-11-28T01:39:43.2495210Z 2025-11-28 01:34:35.589 PoemOfTheDayUITests-Runner[7932:36726] PoemUITests: Launching app with environment: ["AI_AVAILABLE": "false", "ENABLE_TELEMETRY": "true", "UITESTING": "1"]
Build and Test with Bazel	Run UI tests	2025-11-28T01:39:43.2495840Z     t =     0.01s     Open Stevereitz.Poem-of-the-Day
Build and Test with Bazel	Run UI tests	2025-11-28T01:39:43.2496070Z     t =     0.01s         Launch Stevereitz.Poem-of-the-Day
Build and Test with Bazel	Run UI tests	2025-11-28T01:39:43.2498560Z     t =     0.01s             Terminate Stevereitz.Poem-of-the-Day:9421
Build and Test with Bazel	Run UI tests	2025-11-28T01:39:43.2499660Z     t =     1.84s             Setting up automation session
Build and Test with Bazel	Run UI tests	2025-11-28T01:39:43.2500910Z     t =     2.86s             Wait for Stevereitz.Poem-of-the-Day to idle
Build and Test with Bazel	Run UI tests	2025-11-28T01:39:43.2503560Z     t =     4.48s Waiting 5.0s for "poem_title" StaticText to exist
Build and Test with Bazel	Run UI tests	2025-11-28T01:39:43.2505040Z     t =     5.54s     Checking `Expect predicate `existsNoRetry == 1` for object "poem_title" StaticText`
Build and Test with Bazel	Run UI tests	2025-11-28T01:39:43.2506340Z     t =     5.54s         Checking existence of `"poem_title" StaticText`
Build and Test with Bazel	Run UI tests	2025-11-28T01:39:43.2507280Z     t =     5.66s Tap "favorite_button" Button
Build and Test with Bazel	Run UI tests	2025-11-28T01:39:43.2508330Z     t =     5.66s     Wait for Stevereitz.Poem-of-the-Day to idle
Build and Test with Bazel	Run UI tests	2025-11-28T01:39:43.2508610Z     t =     5.67s     Find the "favorite_button" Button
Build and Test with Bazel	Run UI tests	2025-11-28T01:39:43.2508960Z     t =     5.79s     Check for interrupting elements affecting "favorite_button" Button
Build and Test with Bazel	Run UI tests	2025-11-28T01:39:43.2509240Z     t =     5.88s     Synthesize event
Build and Test with Bazel	Run UI tests	2025-11-28T01:39:43.2509460Z     t =     6.22s     Wait for Stevereitz.Poem-of-the-Day to idle
Build and Test with Bazel	Run UI tests	2025-11-28T01:39:43.2509690Z     t =     6.23s Tap "refresh_button" Button
Build and Test with Bazel	Run UI tests	2025-11-28T01:39:43.2509910Z     t =     6.23s     Wait for Stevereitz.Poem-of-the-Day to idle
Build and Test with Bazel	Run UI tests	2025-11-28T01:39:43.2510150Z     t =     6.24s     Find the "refresh_button" Button
Build and Test with Bazel	Run UI tests	2025-11-28T01:39:43.2510500Z     t =     6.29s     Check for interrupting elements affecting "refresh_button" Button
Build and Test with Bazel	Run UI tests	2025-11-28T01:39:43.2510770Z     t =     6.34s     Synthesize event
Build and Test with Bazel	Run UI tests	2025-11-28T01:39:43.2510990Z     t =     6.65s     Wait for Stevereitz.Poem-of-the-Day to idle
Build and Test with Bazel	Run UI tests	2025-11-28T01:39:43.2511250Z     t =     8.66s Waiting 5.0s for "poem_title" StaticText to exist
Build and Test with Bazel	Run UI tests	2025-11-28T01:39:43.2511880Z     t =     9.67s     Checking `Expect predicate `existsNoRetry == 1` for object "poem_title" StaticText`
Build and Test with Bazel	Run UI tests	2025-11-28T01:39:43.2512240Z     t =     9.67s         Checking existence of `"poem_title" StaticText`
Build and Test with Bazel	Run UI tests	2025-11-28T01:39:43.2512460Z     t =     9.74s Tear Down
Build and Test with Bazel	Run UI tests	2025-11-28T01:39:43.2512760Z Test Case '-[PoemOfTheDayUITests.PoemUITests testConcurrentActions]' passed (9.944 seconds).
Build and Test with Bazel	Run UI tests	2025-11-28T01:39:43.2513230Z Test Case '-[PoemOfTheDayUITests.PoemUITests testEmptyFavorites]' started.
Build and Test with Bazel	Run UI tests	2025-11-28T01:39:43.2513530Z     t =     0.00s Start Test at 2025-11-28 01:34:45.528
Build and Test with Bazel	Run UI tests	2025-11-28T01:39:43.2513770Z     t =     0.00s Set Up
Build and Test with Bazel	Run UI tests	2025-11-28T01:39:43.2514190Z 2025-11-28 01:34:45.529 PoemOfTheDayUITests-Runner[7932:36726] PoemUITests: Launching app with arguments: ["--ui-testing", "-UITESTING", "1"]
Build and Test with Bazel	Run UI tests	2025-11-28T01:39:43.2515560Z 2025-11-28 01:34:45.529 PoemOfTheDayUITests-Runner[7932:36726] PoemUITests: Launching app with environment: ["AI_AVAILABLE": "false", "ENABLE_TELEMETRY": "true", "UITESTING": "1"]
Build and Test with Bazel	Run UI tests	2025-11-28T01:39:43.2516070Z     t =     0.00s     Open Stevereitz.Poem-of-the-Day
Build and Test with Bazel	Run UI tests	2025-11-28T01:39:43.2516360Z     t =     0.00s         Launch Stevereitz.Poem-of-the-Day
Build and Test with Bazel	Run UI tests	2025-11-28T01:39:43.2516670Z     t =     0.00s             Terminate Stevereitz.Poem-of-the-Day:9462
Build and Test with Bazel	Run UI tests	2025-11-28T01:39:43.2516930Z     t =     1.51s             Setting up automation session
Build and Test with Bazel	Run UI tests	2025-11-28T01:39:43.2517170Z     t =     2.32s             Wait for Stevereitz.Poem-of-the-Day to idle
Build and Test with Bazel	Run UI tests	2025-11-28T01:39:43.2517510Z     t =     4.83s Checking `Expect predicate `exists == 1` for object "favorites_button" Button`
Build and Test with Bazel	Run UI tests	2025-11-28T01:39:43.2517880Z     t =     4.83s     Checking existence of `"favorites_button" Button`
Build and Test with Bazel	Run UI tests	2025-11-28T01:39:43.2518170Z     t =     4.93s Tap "favorites_button" Button
Build and Test with Bazel	Run UI tests	2025-11-28T01:39:43.2518400Z     t =     4.93s     Wait for Stevereitz.Poem-of-the-Day to idle
Build and Test with Bazel	Run UI tests	2025-11-28T01:39:43.2518640Z     t =     4.93s     Find the "favorites_button" Button
Build and Test with Bazel	Run UI tests	2025-11-28T01:39:43.2518920Z     t =     4.96s     Check for interrupting elements affecting "favorites_button" Button
Build and Test with Bazel	Run UI tests	2025-11-28T01:39:43.2519210Z     t =     5.01s     Synthesize event
Build and Test with Bazel	Run UI tests	2025-11-28T01:39:43.2519430Z     t =     5.31s     Wait for Stevereitz.Poem-of-the-Day to idle
Build and Test with Bazel	Run UI tests	2025-11-28T01:39:43.2550370Z     t =     6.81s Checking `Expect predicate `exists == 1` for object "Favorite Poems" NavigationBar`
Build and Test with Bazel	Run UI tests	2025-11-28T01:39:43.2550790Z     t =     6.81s     Checking existence of `"Favorite Poems" NavigationBar`
Build and Test with Bazel	Run UI tests	2025-11-28T01:39:43.2551090Z     t =     6.89s Get number of matches for: Descendants matching type Cell
Build and Test with Bazel	Run UI tests	2025-11-28T01:39:43.2551710Z     t =     7.00s Checking existence of `"favorites_empty_state" Other`
Build and Test with Bazel	Run UI tests	2025-11-28T01:39:43.2552200Z /PoemOfTheDayUITests/PoemUITests.swift:167: error: -[PoemOfTheDayUITests.PoemUITests testEmptyFavorites] : XCTAssertTrue failed
Build and Test with Bazel	Run UI tests	2025-11-28T01:39:43.2552680Z     t =     7.05s Tear Down
Build and Test with Bazel	Run UI tests	2025-11-28T01:39:43.2553010Z Test Case '-[PoemOfTheDayUITests.PoemUITests testEmptyFavorites]' failed (7.257 seconds).
Build and Test with Bazel	Run UI tests	2025-11-28T01:39:43.2553480Z Test Case '-[PoemOfTheDayUITests.PoemUITests testErrorHandling]' started.
Build and Test with Bazel	Run UI tests	2025-11-28T01:39:43.2553770Z     t =     0.00s Start Test at 2025-11-28 01:34:52.786
Build and Test with Bazel	Run UI tests	2025-11-28T01:39:43.2553950Z     t =     0.00s Set Up
Build and Test with Bazel	Run UI tests	2025-11-28T01:39:43.2554340Z 2025-11-28 01:34:52.789 PoemOfTheDayUITests-Runner[7932:36726] PoemUITests: Launching app with arguments: ["--ui-testing", "-UITESTING", "1"]
Build and Test with Bazel	Run UI tests	2025-11-28T01:39:43.2555060Z 2025-11-28 01:34:52.789 PoemOfTheDayUITests-Runner[7932:36726] PoemUITests: Launching app with environment: ["UITESTING": "1", "AI_AVAILABLE": "false", "ENABLE_TELEMETRY": "true"]
Build and Test with Bazel	Run UI tests	2025-11-28T01:39:43.2555580Z     t =     0.00s     Open Stevereitz.Poem-of-the-Day
Build and Test with Bazel	Run UI tests	2025-11-28T01:39:43.2555810Z     t =     0.01s         Launch Stevereitz.Poem-of-the-Day
Build and Test with Bazel	Run UI tests	2025-11-28T01:39:43.2556060Z     t =     0.01s             Terminate Stevereitz.Poem-of-the-Day:9594
Build and Test with Bazel	Run UI tests	2025-11-28T01:39:43.2556320Z     t =     1.52s             Setting up automation session
Build and Test with Bazel	Run UI tests	2025-11-28T01:39:43.2556570Z     t =     2.64s             Wait for Stevereitz.Poem-of-the-Day to idle
Build and Test with Bazel	Run UI tests	2025-11-28T01:39:43.2556820Z     t =     4.18s Terminate Stevereitz.Poem-of-the-Day:9676
Build and Test with Bazel	Run UI tests	2025-11-28T01:39:43.2557050Z     t =     5.27s Open Stevereitz.Poem-of-the-Day
Build and Test with Bazel	Run UI tests	2025-11-28T01:39:43.2557270Z     t =     5.27s     Launch Stevereitz.Poem-of-the-Day
Build and Test with Bazel	Run UI tests	2025-11-28T01:39:43.2557540Z     t =     6.58s         Setting up automation session
Build and Test with Bazel	Run UI tests	2025-11-28T01:39:43.2557790Z     t =     7.58s         Wait for Stevereitz.Poem-of-the-Day to idle
Build and Test with Bazel	Run UI tests	2025-11-28T01:39:43.2558110Z     t =    10.51s Checking `Expect predicate `exists == 1` for object "refresh_button" Button`
Build and Test with Bazel	Run UI tests	2025-11-28T01:39:43.2558480Z     t =    10.51s     Checking existence of `"refresh_button" Button`
Build and Test with Bazel	Run UI tests	2025-11-28T01:39:43.2558810Z     t =    11.82s Checking `Expect predicate `exists == 1` for object "refresh_button" Button`
Build and Test with Bazel	Run UI tests	2025-11-28T01:39:43.2559410Z     t =    11.82s     Checking existence of `"refresh_button" Button`
Build and Test with Bazel	Run UI tests	2025-11-28T01:39:43.2559640Z     t =    11.90s Tap "refresh_button" Button
Build and Test with Bazel	Run UI tests	2025-11-28T01:39:43.2559870Z     t =    11.90s     Wait for Stevereitz.Poem-of-the-Day to idle
Build and Test with Bazel	Run UI tests	2025-11-28T01:39:43.2560100Z     t =    11.91s     Find the "refresh_button" Button
Build and Test with Bazel	Run UI tests	2025-11-28T01:39:43.2560380Z     t =    12.02s     Check for interrupting elements affecting "refresh_button" Button
Build and Test with Bazel	Run UI tests	2025-11-28T01:39:43.2560640Z     t =    12.08s     Synthesize event
Build and Test with Bazel	Run UI tests	2025-11-28T01:39:43.2560850Z     t =    12.44s     Wait for Stevereitz.Poem-of-the-Day to idle
Build and Test with Bazel	Run UI tests	2025-11-28T01:39:43.2561090Z     t =    12.44s Waiting 5.0s for Alert (First Match) to exist
Build and Test with Bazel	Run UI tests	2025-11-28T01:39:43.2561420Z     t =    13.47s     Checking `Expect predicate `existsNoRetry == 1` for object Alert (First Match)`
Build and Test with Bazel	Run UI tests	2025-11-28T01:39:43.2561750Z     t =    13.47s         Checking existence of `Alert (First Match)`
Build and Test with Bazel	Run UI tests	2025-11-28T01:39:43.2561990Z     t =    13.94s         Capturing element debug description
Build and Test with Bazel	Run UI tests	2025-11-28T01:39:43.2562310Z     t =    14.46s     Checking `Expect predicate `existsNoRetry == 1` for object Alert (First Match)`
Build and Test with Bazel	Run UI tests	2025-11-28T01:39:43.2562640Z     t =    14.46s         Checking existence of `Alert (First Match)`
Build and Test with Bazel	Run UI tests	2025-11-28T01:39:43.2562870Z     t =    14.60s         Capturing element debug description
Build and Test with Bazel	Run UI tests	2025-11-28T01:39:43.2563180Z     t =    15.45s     Checking `Expect predicate `existsNoRetry == 1` for object Alert (First Match)`
Build and Test with Bazel	Run UI tests	2025-11-28T01:39:43.2563510Z     t =    15.45s         Checking existence of `Alert (First Match)`
Build and Test with Bazel	Run UI tests	2025-11-28T01:39:43.2563750Z     t =    15.59s         Capturing element debug description
Build and Test with Bazel	Run UI tests	2025-11-28T01:39:43.2564060Z     t =    16.49s     Checking `Expect predicate `existsNoRetry == 1` for object Alert (First Match)`
Build and Test with Bazel	Run UI tests	2025-11-28T01:39:43.2564530Z     t =    16.49s         Checking existence of `Alert (First Match)`
Build and Test with Bazel	Run UI tests	2025-11-28T01:39:43.2564770Z     t =    16.65s         Capturing element debug description
Build and Test with Bazel	Run UI tests	2025-11-28T01:39:43.2565090Z     t =    17.45s     Checking `Expect predicate `existsNoRetry == 1` for object Alert (First Match)`
Build and Test with Bazel	Run UI tests	2025-11-28T01:39:43.2565430Z     t =    17.45s         Checking existence of `Alert (First Match)`
Build and Test with Bazel	Run UI tests	2025-11-28T01:39:43.2565670Z     t =    17.70s         Capturing element debug description
Build and Test with Bazel	Run UI tests	2025-11-28T01:39:43.2565910Z     t =    17.70s     Checking existence of `Alert (First Match)`
Build and Test with Bazel	Run UI tests	2025-11-28T01:39:43.2566190Z     t =    17.85s Collecting debug information to assist test failure triage
Build and Test with Bazel	Run UI tests	2025-11-28T01:39:43.2566560Z     t =    17.85s     Requesting snapshot of accessibility hierarchy for app with pid 9712
Build and Test with Bazel	Run UI tests	2025-11-28T01:39:43.2566940Z     t =    18.96s Checking `Expect predicate `exists == 1` for object "Poem of the Day" StaticText`
Build and Test with Bazel	Run UI tests	2025-11-28T01:39:43.2567290Z     t =    18.96s     Checking existence of `"Poem of the Day" StaticText`
Build and Test with Bazel	Run UI tests	2025-11-28T01:39:43.2567520Z     t =    19.01s Tear Down
Build and Test with Bazel	Run UI tests	2025-11-28T01:39:43.2567800Z Test Case '-[PoemOfTheDayUITests.PoemUITests testErrorHandling]' passed (19.221 seconds).
Build and Test with Bazel	Run UI tests	2025-11-28T01:39:43.2568250Z Test Case '-[PoemOfTheDayUITests.PoemUITests testFavoriteFunctionality]' started.
Build and Test with Bazel	Run UI tests	2025-11-28T01:39:43.2569190Z     t =     0.00s Start Test at 2025-11-28 01:35:12.007
Build and Test with Bazel	Run UI tests	2025-11-28T01:39:43.2569410Z     t =     0.00s Set Up
Build and Test with Bazel	Run UI tests	2025-11-28T01:39:43.2569800Z 2025-11-28 01:35:12.010 PoemOfTheDayUITests-Runner[7932:36726] PoemUITests: Launching app with arguments: ["--ui-testing", "-UITESTING", "1"]
Build and Test with Bazel	Run UI tests	2025-11-28T01:39:43.2570520Z 2025-11-28 01:35:12.010 PoemOfTheDayUITests-Runner[7932:36726] PoemUITests: Launching app with environment: ["AI_AVAILABLE": "false", "UITESTING": "1", "ENABLE_TELEMETRY": "true"]
Build and Test with Bazel	Run UI tests	2025-11-28T01:39:43.2571050Z     t =     0.00s     Open Stevereitz.Poem-of-the-Day
Build and Test with Bazel	Run UI tests	2025-11-28T01:39:43.2571300Z     t =     0.00s         Launch Stevereitz.Poem-of-the-Day
Build and Test with Bazel	Run UI tests	2025-11-28T01:39:43.2571560Z     t =     0.00s             Terminate Stevereitz.Poem-of-the-Day:9712
Build and Test with Bazel	Run UI tests	2025-11-28T01:39:43.2571810Z     t =     1.73s             Setting up automation session
Build and Test with Bazel	Run UI tests	2025-11-28T01:39:43.2572060Z     t =     2.77s             Wait for Stevereitz.Poem-of-the-Day to idle
Build and Test with Bazel	Run UI tests	2025-11-28T01:39:43.2572700Z     t =     5.85s Checking `Expect predicate `exists == 1` for object "poem_title" StaticText`
Build and Test with Bazel	Run UI tests	2025-11-28T01:39:43.2573040Z     t =     5.85s     Checking existence of `"poem_title" StaticText`
Build and Test with Bazel	Run UI tests	2025-11-28T01:39:43.2573380Z     t =     7.06s Checking `Expect predicate `exists == 1` for object "favorite_button" Button`
Build and Test with Bazel	Run UI tests	2025-11-28T01:39:43.2573730Z     t =     7.06s     Checking existence of `"favorite_button" Button`
Build and Test with Bazel	Run UI tests	2025-11-28T01:39:43.2574120Z     t =     8.11s Checking `Expect predicate `exists == 1` for object "favorite_button" Button`
Build and Test with Bazel	Run UI tests	2025-11-28T01:39:43.2574490Z     t =     8.11s     Checking existence of `"favorite_button" Button`
Build and Test with Bazel	Run UI tests	2025-11-28T01:39:43.2574740Z     t =     8.15s Tap "favorite_button" Button
Build and Test with Bazel	Run UI tests	2025-11-28T01:39:43.2575010Z     t =     8.15s     Wait for Stevereitz.Poem-of-the-Day to idle
Build and Test with Bazel	Run UI tests	2025-11-28T01:39:43.2575270Z     t =     8.15s     Find the "favorite_button" Button
Build and Test with Bazel	Run UI tests	2025-11-28T01:39:43.2575580Z     t =     8.19s     Check for interrupting elements affecting "favorite_button" Button
Build and Test with Bazel	Run UI tests	2025-11-28T01:39:43.2576440Z     t =     8.27s     Synthesize event
Build and Test with Bazel	Run UI tests	2025-11-28T01:39:43.2576670Z     t =     8.60s     Wait for Stevereitz.Poem-of-the-Day to idle
Build and Test with Bazel	Run UI tests	2025-11-28T01:39:43.2577010Z     t =     9.64s Checking `Expect predicate `label == "Unfavorite"` for object "favorite_button" Button`
Build and Test with Bazel	Run UI tests	2025-11-28T01:39:43.2577380Z     t =     9.65s     Find the "favorite_button" Button
Build and Test with Bazel	Run UI tests	2025-11-28T01:39:43.2577640Z     t =     9.68s     Capturing element debug description
Build and Test with Bazel	Run UI tests	2025-11-28T01:39:43.2577960Z     t =     9.97s         Requesting snapshot of accessibility hierarchy for app with pid 9854
Build and Test with Bazel	Run UI tests	2025-11-28T01:39:43.2591670Z     t =    10.01s         Find: Descendants matching type Button
Build and Test with Bazel	Run UI tests	2025-11-28T01:39:43.2593070Z     t =    10.01s         Find: Elements matching predicate '"favorite_button" IN identifiers'
Build and Test with Bazel	Run UI tests	2025-11-28T01:39:43.2624960Z     t =    10.01s         Requesting snapshot of accessibility hierarchy for app with pid 9854
Build and Test with Bazel	Run UI tests	2025-11-28T01:39:43.2625680Z     t =    10.04s         Find: Descendants matching type Button
Build and Test with Bazel	Run UI tests	2025-11-28T01:39:43.2626260Z     t =    10.04s         Requesting snapshot of accessibility hierarchy for app with pid 9854
Build and Test with Bazel	Run UI tests	2025-11-28T01:39:43.2626760Z     t =    10.67s Checking `Expect predicate `label == "Unfavorite"` for object "favorite_button" Button`
Build and Test with Bazel	Run UI tests	2025-11-28T01:39:43.2627100Z     t =    10.67s     Find the "favorite_button" Button
Build and Test with Bazel	Run UI tests	2025-11-28T01:39:43.2627410Z     t =    10.71s     Capturing element debug description
Build and Test with Bazel	Run UI tests	2025-11-28T01:39:43.2627720Z     t =    10.92s         Requesting snapshot of accessibility hierarchy for app with pid 9854
Build and Test with Bazel	Run UI tests	2025-11-28T01:39:43.2628120Z     t =    10.97s         Find: Descendants matching type Button
Build and Test with Bazel	Run UI tests	2025-11-28T01:39:43.2628430Z     t =    10.97s         Find: Elements matching predicate '"favorite_button" IN identifiers'
Build and Test with Bazel	Run UI tests	2025-11-28T01:39:43.2628850Z     t =    10.97s         Requesting snapshot of accessibility hierarchy for app with pid 9854
Build and Test with Bazel	Run UI tests	2025-11-28T01:39:43.2629170Z     t =    11.01s         Find: Descendants matching type Button
Build and Test with Bazel	Run UI tests	2025-11-28T01:39:43.2629540Z     t =    11.02s         Requesting snapshot of accessibility hierarchy for app with pid 9854
Build and Test with Bazel	Run UI tests	2025-11-28T01:39:43.2629970Z     t =    11.67s Checking `Expect predicate `label == "Unfavorite"` for object "favorite_button" Button`
Build and Test with Bazel	Run UI tests	2025-11-28T01:39:43.2630370Z     t =    11.67s     Find the "favorite_button" Button
Build and Test with Bazel	Run UI tests	2025-11-28T01:39:43.2630600Z     t =    11.70s     Capturing element debug description
Build and Test with Bazel	Run UI tests	2025-11-28T01:39:43.2630970Z     t =    11.92s         Requesting snapshot of accessibility hierarchy for app with pid 9854
Build and Test with Bazel	Run UI tests	2025-11-28T01:39:43.2631350Z     t =    11.96s         Find: Descendants matching type Button
Build and Test with Bazel	Run UI tests	2025-11-28T01:39:43.2631660Z     t =    11.97s         Find: Elements matching predicate '"favorite_button" IN identifiers'
Build and Test with Bazel	Run UI tests	2025-11-28T01:39:43.2632090Z     t =    11.97s         Requesting snapshot of accessibility hierarchy for app with pid 9854
Build and Test with Bazel	Run UI tests	2025-11-28T01:39:43.2632420Z     t =    12.00s         Find: Descendants matching type Button
Build and Test with Bazel	Run UI tests	2025-11-28T01:39:43.2633290Z     t =    12.00s         Requesting snapshot of accessibility hierarchy for app with pid 9854
Build and Test with Bazel	Run UI tests	2025-11-28T01:39:43.2633740Z     t =    12.61s Checking `Expect predicate `label == "Unfavorite"` for object "favorite_button" Button`
Build and Test with Bazel	Run UI tests	2025-11-28T01:39:43.2634080Z     t =    12.61s     Find the "favorite_button" Button
Build and Test with Bazel	Run UI tests	2025-11-28T01:39:43.2634370Z     t =    12.63s     Capturing element debug description
Build and Test with Bazel	Run UI tests	2025-11-28T01:39:43.2634670Z     t =    12.93s         Requesting snapshot of accessibility hierarchy for app with pid 9854
Build and Test with Bazel	Run UI tests	2025-11-28T01:39:43.2634970Z     t =    12.96s         Find: Descendants matching type Button
Build and Test with Bazel	Run UI tests	2025-11-28T01:39:43.2635260Z     t =    12.97s         Find: Elements matching predicate '"favorite_button" IN identifiers'
Build and Test with Bazel	Run UI tests	2025-11-28T01:39:43.2635790Z     t =    12.97s         Requesting snapshot of accessibility hierarchy for app with pid 9854
Build and Test with Bazel	Run UI tests	2025-11-28T01:39:43.2636110Z     t =    13.00s         Find: Descendants matching type Button
Build and Test with Bazel	Run UI tests	2025-11-28T01:39:43.2636430Z     t =    13.00s         Requesting snapshot of accessibility hierarchy for app with pid 9854
Build and Test with Bazel	Run UI tests	2025-11-28T01:39:43.2636840Z     t =    13.61s Checking `Expect predicate `label == "Unfavorite"` for object "favorite_button" Button`
Build and Test with Bazel	Run UI tests	2025-11-28T01:39:43.2637160Z     t =    13.61s     Find the "favorite_button" Button
Build and Test with Bazel	Run UI tests	2025-11-28T01:39:43.2637390Z     t =    13.64s     Capturing element debug description
Build and Test with Bazel	Run UI tests	2025-11-28T01:39:43.2637690Z     t =    13.86s         Requesting snapshot of accessibility hierarchy for app with pid 9854
Build and Test with Bazel	Run UI tests	2025-11-28T01:39:43.2638050Z     t =    13.87s         Requesting snapshot of accessibility hierarchy for app with pid 9854
Build and Test with Bazel	Run UI tests	2025-11-28T01:39:43.2638400Z     t =    13.87s         Requesting snapshot of accessibility hierarchy for app with pid 9854
Build and Test with Bazel	Run UI tests	2025-11-28T01:39:43.2639460Z /PoemOfTheDayUITests/PoemUITests.swift:99: error: -[PoemOfTheDayUITests.PoemUITests testFavoriteFunctionality] : XCTAssertTrue failed - Favorite button should show 'Unfavorite' state
Build and Test with Bazel	Run UI tests	2025-11-28T01:39:43.2640090Z     t =    13.88s Tear Down
Build and Test with Bazel	Run UI tests	2025-11-28T01:39:43.2640410Z Test Case '-[PoemOfTheDayUITests.PoemUITests testFavoriteFunctionality]' failed (14.085 seconds).
Build and Test with Bazel	Run UI tests	2025-11-28T01:39:43.2640900Z Test Case '-[PoemOfTheDayUITests.PoemUITests testMainUIElements]' started.
Build and Test with Bazel	Run UI tests	2025-11-28T01:39:43.2641190Z     t =     0.00s Start Test at 2025-11-28 01:35:26.093
Build and Test with Bazel	Run UI tests	2025-11-28T01:39:43.2641380Z     t =     0.00s Set Up
Build and Test with Bazel	Run UI tests	2025-11-28T01:39:43.2641770Z 2025-11-28 01:35:26.095 PoemOfTheDayUITests-Runner[7932:36726] PoemUITests: Launching app with arguments: ["--ui-testing", "-UITESTING", "1"]
Build and Test with Bazel	Run UI tests	2025-11-28T01:39:43.2642700Z 2025-11-28 01:35:26.095 PoemOfTheDayUITests-Runner[7932:36726] PoemUITests: Launching app with environment: ["AI_AVAILABLE": "false", "UITESTING": "1", "ENABLE_TELEMETRY": "true"]
Build and Test with Bazel	Run UI tests	2025-11-28T01:39:43.2643240Z     t =     0.00s     Open Stevereitz.Poem-of-the-Day
Build and Test with Bazel	Run UI tests	2025-11-28T01:39:43.2643470Z     t =     0.01s         Launch Stevereitz.Poem-of-the-Day
Build and Test with Bazel	Run UI tests	2025-11-28T01:39:43.2643730Z     t =     0.01s             Terminate Stevereitz.Poem-of-the-Day:9854
Build and Test with Bazel	Run UI tests	2025-11-28T01:39:43.2643980Z     t =     1.68s             Setting up automation session
Build and Test with Bazel	Run UI tests	2025-11-28T01:39:43.2644230Z     t =     2.77s             Wait for Stevereitz.Poem-of-the-Day to idle
Build and Test with Bazel	Run UI tests	2025-11-28T01:39:43.2644580Z     t =     5.56s Checking `Expect predicate `exists == 1` for object "Poem of the Day" StaticText`
Build and Test with Bazel	Run UI tests	2025-11-28T01:39:43.2644930Z     t =     5.57s     Checking existence of `"Poem of the Day" StaticText`
Build and Test with Bazel	Run UI tests	2025-11-28T01:39:43.2645260Z     t =     6.76s Checking `Expect predicate `exists == 1` for object "refresh_button" Button`
Build and Test with Bazel	Run UI tests	2025-11-28T01:39:43.2645580Z     t =     6.76s     Checking existence of `"refresh_button" Button`
Build and Test with Bazel	Run UI tests	2025-11-28T01:39:43.2645920Z     t =     7.85s Checking `Expect predicate `exists == 1` for object "favorites_button" Button`
Build and Test with Bazel	Run UI tests	2025-11-28T01:39:43.2646250Z     t =     7.85s     Checking existence of `"favorites_button" Button`
Build and Test with Bazel	Run UI tests	2025-11-28T01:39:43.2646470Z     t =     7.90s Tear Down
Build and Test with Bazel	Run UI tests	2025-11-28T01:39:43.2646760Z Test Case '-[PoemOfTheDayUITests.PoemUITests testMainUIElements]' passed (8.106 seconds).
Build and Test with Bazel	Run UI tests	2025-11-28T01:39:43.2647380Z Test Case '-[PoemOfTheDayUITests.PoemUITests testMultipleFavorites]' started.
Build and Test with Bazel	Run UI tests	2025-11-28T01:39:43.2647690Z     t =     0.00s Start Test at 2025-11-28 01:35:34.198
Build and Test with Bazel	Run UI tests	2025-11-28T01:39:43.2647870Z     t =     0.00s Set Up
Build and Test with Bazel	Run UI tests	2025-11-28T01:39:43.2648250Z 2025-11-28 01:35:34.199 PoemOfTheDayUITests-Runner[7932:36726] PoemUITests: Launching app with arguments: ["--ui-testing", "-UITESTING", "1"]
Build and Test with Bazel	Run UI tests	2025-11-28T01:39:43.2649020Z 2025-11-28 01:35:34.199 PoemOfTheDayUITests-Runner[7932:36726] PoemUITests: Launching app with environment: ["ENABLE_TELEMETRY": "true", "UITESTING": "1", "AI_AVAILABLE": "false"]
Build and Test with Bazel	Run UI tests	2025-11-28T01:39:43.2649550Z     t =     0.00s     Open Stevereitz.Poem-of-the-Day
Build and Test with Bazel	Run UI tests	2025-11-28T01:39:43.2649780Z     t =     0.00s         Launch Stevereitz.Poem-of-the-Day
Build and Test with Bazel	Run UI tests	2025-11-28T01:39:43.2650040Z     t =     0.00s             Terminate Stevereitz.Poem-of-the-Day:10017
Build and Test with Bazel	Run UI tests	2025-11-28T01:39:43.2650290Z     t =     1.46s             Setting up automation session
Build and Test with Bazel	Run UI tests	2025-11-28T01:39:43.2650530Z     t =     2.52s             Wait for Stevereitz.Poem-of-the-Day to idle
Build and Test with Bazel	Run UI tests	2025-11-28T01:39:43.2650860Z     t =     5.16s Checking `Expect predicate `exists == 1` for object "poem_title" StaticText`
Build and Test with Bazel	Run UI tests	2025-11-28T01:39:43.2651190Z     t =     5.16s     Checking existence of `"poem_title" StaticText`
Build and Test with Bazel	Run UI tests	2025-11-28T01:39:43.2651520Z     t =     6.29s Checking `Expect predicate `exists == 1` for object "favorite_button" Button`
Build and Test with Bazel	Run UI tests	2025-11-28T01:39:43.2651870Z     t =     6.29s     Checking existence of `"favorite_button" Button`
Build and Test with Bazel	Run UI tests	2025-11-28T01:39:43.2652110Z     t =     6.37s Tap "favorite_button" Button
Build and Test with Bazel	Run UI tests	2025-11-28T01:39:43.2653070Z     t =     6.37s     Wait for Stevereitz.Poem-of-the-Day to idle
Build and Test with Bazel	Run UI tests	2025-11-28T01:39:43.2653840Z     t =     6.37s     Find the "favorite_button" Button
Build and Test with Bazel	Run UI tests	2025-11-28T01:39:43.2654600Z     t =     6.40s     Check for interrupting elements affecting "favorite_button" Button
Build and Test with Bazel	Run UI tests	2025-11-28T01:39:43.2655110Z     t =     6.42s     Synthesize event
Build and Test with Bazel	Run UI tests	2025-11-28T01:39:43.2655510Z     t =     6.75s     Wait for Stevereitz.Poem-of-the-Day to idle
Build and Test with Bazel	Run UI tests	2025-11-28T01:39:43.2656210Z     t =     7.79s Checking `Expect predicate `label == "Unfavorite"` for object "favorite_button" Button`
Build and Test with Bazel	Run UI tests	2025-11-28T01:39:43.2656700Z     t =     7.79s     Find the "favorite_button" Button
Build and Test with Bazel	Run UI tests	2025-11-28T01:39:43.2657070Z     t =     7.86s     Capturing element debug description
Build and Test with Bazel	Run UI tests	2025-11-28T01:39:43.2657540Z     t =     8.14s         Requesting snapshot of accessibility hierarchy for app with pid 10206
Build and Test with Bazel	Run UI tests	2025-11-28T01:39:43.2658040Z     t =     8.17s         Find: Descendants matching type Button
Build and Test with Bazel	Run UI tests	2025-11-28T01:39:43.2663910Z     t =     8.17s         Find: Elements matching predicate '"favorite_button" IN identifiers'
Build and Test with Bazel	Run UI tests	2025-11-28T01:39:43.2664340Z     t =     8.17s         Requesting snapshot of accessibility hierarchy for app with pid 10206
Build and Test with Bazel	Run UI tests	2025-11-28T01:39:43.2664650Z     t =     8.20s         Find: Descendants matching type Button
Build and Test with Bazel	Run UI tests	2025-11-28T01:39:43.2664980Z     t =     8.20s         Requesting snapshot of accessibility hierarchy for app with pid 10206
Build and Test with Bazel	Run UI tests	2025-11-28T01:39:43.2665390Z     t =     8.85s Checking `Expect predicate `label == "Unfavorite"` for object "favorite_button" Button`
Build and Test with Bazel	Run UI tests	2025-11-28T01:39:43.2665710Z     t =     8.85s     Find the "favorite_button" Button
Build and Test with Bazel	Run UI tests	2025-11-28T01:39:43.2666580Z     t =     8.87s     Capturing element debug description
Build and Test with Bazel	Run UI tests	2025-11-28T01:39:43.2666930Z     t =     9.07s         Requesting snapshot of accessibility hierarchy for app with pid 10206
Build and Test with Bazel	Run UI tests	2025-11-28T01:39:43.2667250Z     t =     9.10s         Find: Descendants matching type Button
Build and Test with Bazel	Run UI tests	2025-11-28T01:39:43.2668360Z     t =     9.10s         Find: Elements matching predicate '"favorite_button" IN identifiers'
Build and Test with Bazel	Run UI tests	2025-11-28T01:39:43.2668910Z     t =     9.10s         Requesting snapshot of accessibility hierarchy for app with pid 10206
Build and Test with Bazel	Run UI tests	2025-11-28T01:39:43.2669220Z     t =     9.13s         Find: Descendants matching type Button
Build and Test with Bazel	Run UI tests	2025-11-28T01:39:43.2669540Z     t =     9.13s         Requesting snapshot of accessibility hierarchy for app with pid 10206
Build and Test with Bazel	Run UI tests	2025-11-28T01:39:43.2670700Z     t =     9.76s Checking `Expect predicate `label == "Unfavorite"` for object "favorite_button" Button`
Build and Test with Bazel	Run UI tests	2025-11-28T01:39:43.2671070Z     t =     9.76s     Find the "favorite_button" Button
Build and Test with Bazel	Run UI tests	2025-11-28T01:39:43.2671450Z     t =     9.82s     Capturing element debug description
Build and Test with Bazel	Run UI tests	2025-11-28T01:39:43.2671760Z     t =     9.97s         Requesting snapshot of accessibility hierarchy for app with pid 10206
Build and Test with Bazel	Run UI tests	2025-11-28T01:39:43.2672090Z     t =    10.00s         Find: Descendants matching type Button
Build and Test with Bazel	Run UI tests	2025-11-28T01:39:43.2672390Z     t =    10.00s         Find: Elements matching predicate '"favorite_button" IN identifiers'
Build and Test with Bazel	Run UI tests	2025-11-28T01:39:43.2673310Z     t =    10.01s         Requesting snapshot of accessibility hierarchy for app with pid 10206
Build and Test with Bazel	Run UI tests	2025-11-28T01:39:43.2673780Z     t =    10.04s         Find: Descendants matching type Button
Build and Test with Bazel	Run UI tests	2025-11-28T01:39:43.2674190Z     t =    10.04s         Requesting snapshot of accessibility hierarchy for app with pid 10206
Build and Test with Bazel	Run UI tests	2025-11-28T01:39:43.2674690Z     t =    10.77s Checking `Expect predicate `label == "Unfavorite"` for object "favorite_button" Button`
Build and Test with Bazel	Run UI tests	2025-11-28T01:39:43.2675180Z     t =    10.77s     Find the "favorite_button" Button
Build and Test with Bazel	Run UI tests	2025-11-28T01:39:43.2675420Z     t =    10.80s     Capturing element debug description
Build and Test with Bazel	Run UI tests	2025-11-28T01:39:43.2675810Z     t =    10.92s         Requesting snapshot of accessibility hierarchy for app with pid 10206
Build and Test with Bazel	Run UI tests	2025-11-28T01:39:43.2676130Z     t =    10.95s         Find: Descendants matching type Button
Build and Test with Bazel	Run UI tests	2025-11-28T01:39:43.2676430Z     t =    10.95s         Find: Elements matching predicate '"favorite_button" IN identifiers'
Build and Test with Bazel	Run UI tests	2025-11-28T01:39:43.2676820Z     t =    10.95s         Requesting snapshot of accessibility hierarchy for app with pid 10206
Build and Test with Bazel	Run UI tests	2025-11-28T01:39:43.2677380Z     t =    10.98s         Find: Descendants matching type Button
Build and Test with Bazel	Run UI tests	2025-11-28T01:39:43.2677690Z     t =    10.99s         Requesting snapshot of accessibility hierarchy for app with pid 10206
Build and Test with Bazel	Run UI tests	2025-11-28T01:39:43.2678080Z     t =    11.76s Checking `Expect predicate `label == "Unfavorite"` for object "favorite_button" Button`
Build and Test with Bazel	Run UI tests	2025-11-28T01:39:43.2678410Z     t =    11.77s     Find the "favorite_button" Button
Build and Test with Bazel	Run UI tests	2025-11-28T01:39:43.2678650Z     t =    11.83s     Capturing element debug description
Build and Test with Bazel	Run UI tests	2025-11-28T01:39:43.2678950Z     t =    12.01s         Requesting snapshot of accessibility hierarchy for app with pid 10206
Build and Test with Bazel	Run UI tests	2025-11-28T01:39:43.2679340Z     t =    12.01s         Requesting snapshot of accessibility hierarchy for app with pid 10206
Build and Test with Bazel	Run UI tests	2025-11-28T01:39:43.2679700Z     t =    12.02s         Requesting snapshot of accessibility hierarchy for app with pid 10206
Build and Test with Bazel	Run UI tests	2025-11-28T01:39:43.2680250Z /PoemOfTheDayUITests/PoemUITests.swift:182: error: -[PoemOfTheDayUITests.PoemUITests testMultipleFavorites] : XCTAssertTrue failed
Build and Test with Bazel	Run UI tests	2025-11-28T01:39:43.2680690Z     t =    12.02s Tear Down
Build and Test with Bazel	Run UI tests	2025-11-28T01:39:43.2680990Z Test Case '-[PoemOfTheDayUITests.PoemUITests testMultipleFavorites]' failed (12.228 seconds).
Build and Test with Bazel	Run UI tests	2025-11-28T01:39:43.2681420Z Test Case '-[PoemOfTheDayUITests.PoemUITests testPoemDisplay]' started.
Build and Test with Bazel	Run UI tests	2025-11-28T01:39:43.2681720Z     t =     0.00s Start Test at 2025-11-28 01:35:46.428
Build and Test with Bazel	Run UI tests	2025-11-28T01:39:43.2681900Z     t =     0.00s Set Up
Build and Test with Bazel	Run UI tests	2025-11-28T01:39:43.2682400Z 2025-11-28 01:35:46.430 PoemOfTheDayUITests-Runner[7932:36726] PoemUITests: Launching app with arguments: ["--ui-testing", "-UITESTING", "1"]
Build and Test with Bazel	Run UI tests	2025-11-28T01:39:43.2683120Z 2025-11-28 01:35:46.430 PoemOfTheDayUITests-Runner[7932:36726] PoemUITests: Launching app with environment: ["ENABLE_TELEMETRY": "true", "UITESTING": "1", "AI_AVAILABLE": "false"]
Build and Test with Bazel	Run UI tests	2025-11-28T01:39:43.2683650Z     t =     0.00s     Open Stevereitz.Poem-of-the-Day
Build and Test with Bazel	Run UI tests	2025-11-28T01:39:43.2683910Z     t =     0.00s         Launch Stevereitz.Poem-of-the-Day
Build and Test with Bazel	Run UI tests	2025-11-28T01:39:43.2684160Z     t =     0.00s             Terminate Stevereitz.Poem-of-the-Day:10206
Build and Test with Bazel	Run UI tests	2025-11-28T01:39:43.2684410Z     t =     1.44s             Setting up automation session
Build and Test with Bazel	Run UI tests	2025-11-28T01:39:43.2684650Z     t =     2.60s             Wait for Stevereitz.Poem-of-the-Day to idle
Build and Test with Bazel	Run UI tests	2025-11-28T01:39:43.2685110Z     t =     5.11s Checking `Expect predicate `exists == 1` for object "poem_title" StaticText`
Build and Test with Bazel	Run UI tests	2025-11-28T01:39:43.2685450Z     t =     5.11s     Checking existence of `"poem_title" StaticText`
Build and Test with Bazel	Run UI tests	2025-11-28T01:39:43.2685710Z     t =     5.18s Checking existence of `"poem_title" StaticText`
Build and Test with Bazel	Run UI tests	2025-11-28T01:39:43.2685970Z     t =     5.24s Checking existence of `"poem_content" StaticText`
Build and Test with Bazel	Run UI tests	2025-11-28T01:39:43.2686230Z     t =     5.28s Checking existence of `"poem_author" StaticText`
Build and Test with Bazel	Run UI tests	2025-11-28T01:39:43.2686470Z     t =     5.31s Find the "poem_title" StaticText
Build and Test with Bazel	Run UI tests	2025-11-28T01:39:43.2686670Z     t =     5.34s Find the "poem_author" StaticText
Build and Test with Bazel	Run UI tests	2025-11-28T01:39:43.2686860Z     t =     5.36s Tear Down
Build and Test with Bazel	Run UI tests	2025-11-28T01:39:43.2687130Z Test Case '-[PoemOfTheDayUITests.PoemUITests testPoemDisplay]' passed (5.558 seconds).
Build and Test with Bazel	Run UI tests	2025-11-28T01:39:43.2687530Z Test Case '-[PoemOfTheDayUITests.PoemUITests testPullToRefresh]' started.
Build and Test with Bazel	Run UI tests	2025-11-28T01:39:43.2687820Z     t =     0.00s Start Test at 2025-11-28 01:35:51.987
Build and Test with Bazel	Run UI tests	2025-11-28T01:39:43.2688000Z     t =     0.00s Set Up
Build and Test with Bazel	Run UI tests	2025-11-28T01:39:43.2688380Z 2025-11-28 01:35:51.987 PoemOfTheDayUITests-Runner[7932:36726] PoemUITests: Launching app with arguments: ["--ui-testing", "-UITESTING", "1"]
Build and Test with Bazel	Run UI tests	2025-11-28T01:39:43.2689090Z 2025-11-28 01:35:51.988 PoemOfTheDayUITests-Runner[7932:36726] PoemUITests: Launching app with environment: ["ENABLE_TELEMETRY": "true", "AI_AVAILABLE": "false", "UITESTING": "1"]
Build and Test with Bazel	Run UI tests	2025-11-28T01:39:43.2689600Z     t =     0.00s     Open Stevereitz.Poem-of-the-Day
Build and Test with Bazel	Run UI tests	2025-11-28T01:39:43.2689830Z     t =     0.00s         Launch Stevereitz.Poem-of-the-Day
Build and Test with Bazel	Run UI tests	2025-11-28T01:39:43.2690070Z     t =     0.00s             Terminate Stevereitz.Poem-of-the-Day:10790
Build and Test with Bazel	Run UI tests	2025-11-28T01:39:43.2690580Z     t =     1.28s             Setting up automation session
Build and Test with Bazel	Run UI tests	2025-11-28T01:39:43.2690850Z     t =     2.10s             Wait for Stevereitz.Poem-of-the-Day to idle
Build and Test with Bazel	Run UI tests	2025-11-28T01:39:43.2691190Z     t =     4.50s Checking `Expect predicate `exists == 1` for object "poem_title" StaticText`
Build and Test with Bazel	Run UI tests	2025-11-28T01:39:43.2691530Z     t =     4.50s     Checking existence of `"poem_title" StaticText`
Build and Test with Bazel	Run UI tests	2025-11-28T01:39:43.2692060Z     t =     4.56s Press ScrollView (First Match)[0.50, 0.10] for 0.1 seconds, then drag to ScrollView (First Match)[0.50, 0.90] with velocity of 500.00 pixels per second, and then hold for 0.0 seconds 
Build and Test with Bazel	Run UI tests	2025-11-28T01:39:43.2692570Z     t =     4.56s     Wait for Stevereitz.Poem-of-the-Day to idle
Build and Test with Bazel	Run UI tests	2025-11-28T01:39:43.2692820Z     t =     4.57s     Find the ScrollView (First Match)
Build and Test with Bazel	Run UI tests	2025-11-28T01:39:43.2693060Z     t =     4.60s     Check for interrupting elements affecting ScrollView
Build and Test with Bazel	Run UI tests	2025-11-28T01:39:43.2693290Z     t =     4.63s     Synthesize event
Build and Test with Bazel	Run UI tests	2025-11-28T01:39:43.2693510Z     t =     4.63s         Find the ScrollView at {{0.0, 0.0}, {393.0, 852.0}}
Build and Test with Bazel	Run UI tests	2025-11-28T01:39:43.2693780Z     t =     4.66s         Find the ScrollView at {{0.0, 0.0}, {393.0, 852.0}}
Build and Test with Bazel	Run UI tests	2025-11-28T01:39:43.2694060Z     t =     4.69s         Find the ScrollView at {{0.0, 0.0}, {393.0, 852.0}}
Build and Test with Bazel	Run UI tests	2025-11-28T01:39:43.2694310Z     t =     4.71s         Find the ScrollView at {{0.0, 0.0}, {393.0, 852.0}}
Build and Test with Bazel	Run UI tests	2025-11-28T01:39:43.2694590Z     t =     4.75s         Find the ScrollView at {{0.0, 0.0}, {393.0, 852.0}}
Build and Test with Bazel	Run UI tests	2025-11-28T01:39:43.2694840Z     t =     6.48s     Wait for Stevereitz.Poem-of-the-Day to idle
Build and Test with Bazel	Run UI tests	2025-11-28T01:39:43.2695090Z     t =     9.49s Checking existence of `"poem_title" StaticText`
Build and Test with Bazel	Run UI tests	2025-11-28T01:39:43.2695350Z     t =     9.53s Checking existence of `"poem_content" StaticText`
Build and Test with Bazel	Run UI tests	2025-11-28T01:39:43.2695620Z     t =     9.56s Checking existence of `"poem_author" StaticText`
Build and Test with Bazel	Run UI tests	2025-11-28T01:39:43.2695830Z     t =     9.58s Tear Down
Build and Test with Bazel	Run UI tests	2025-11-28T01:39:43.2696110Z Test Case '-[PoemOfTheDayUITests.PoemUITests testPullToRefresh]' passed (9.791 seconds).
Build and Test with Bazel	Run UI tests	2025-11-28T01:39:43.2696550Z Test Case '-[PoemOfTheDayUITests.PoemUITests testRefreshFunctionality]' started.
Build and Test with Bazel	Run UI tests	2025-11-28T01:39:43.2696860Z     t =     0.00s Start Test at 2025-11-28 01:36:01.778
Build and Test with Bazel	Run UI tests	2025-11-28T01:39:43.2697040Z     t =     0.00s Set Up
Build and Test with Bazel	Run UI tests	2025-11-28T01:39:43.2697540Z 2025-11-28 01:36:01.784 PoemOfTheDayUITests-Runner[7932:36726] PoemUITests: Launching app with arguments: ["--ui-testing", "-UITESTING", "1"]
Build and Test with Bazel	Run UI tests	2025-11-28T01:39:43.2698280Z 2025-11-28 01:36:01.785 PoemOfTheDayUITests-Runner[7932:36726] PoemUITests: Launching app with environment: ["ENABLE_TELEMETRY": "true", "UITESTING": "1", "AI_AVAILABLE": "false"]
Build and Test with Bazel	Run UI tests	2025-11-28T01:39:43.2698890Z     t =     0.01s     Open Stevereitz.Poem-of-the-Day
Build and Test with Bazel	Run UI tests	2025-11-28T01:39:43.2699120Z     t =     0.02s         Launch Stevereitz.Poem-of-the-Day
Build and Test with Bazel	Run UI tests	2025-11-28T01:39:43.2699380Z     t =     0.02s             Terminate Stevereitz.Poem-of-the-Day:11015
Build and Test with Bazel	Run UI tests	2025-11-28T01:39:43.2699630Z     t =     1.47s             Setting up automation session
Build and Test with Bazel	Run UI tests	2025-11-28T01:39:43.2699880Z     t =     2.19s             Wait for Stevereitz.Poem-of-the-Day to idle
Build and Test with Bazel	Run UI tests	2025-11-28T01:39:43.2700220Z     t =     4.61s Checking `Expect predicate `exists == 1` for object "poem_title" StaticText`
Build and Test with Bazel	Run UI tests	2025-11-28T01:39:43.2700560Z     t =     4.61s     Checking existence of `"poem_title" StaticText`
Build and Test with Bazel	Run UI tests	2025-11-28T01:39:43.2700810Z     t =     4.68s Find the "poem_title" StaticText
Build and Test with Bazel	Run UI tests	2025-11-28T01:39:43.2701110Z     t =     5.76s Checking `Expect predicate `exists == 1` for object "refresh_button" Button`
Build and Test with Bazel	Run UI tests	2025-11-28T01:39:43.2701430Z     t =     5.76s     Checking existence of `"refresh_button" Button`
Build and Test with Bazel	Run UI tests	2025-11-28T01:39:43.2701660Z     t =     5.79s Tap "refresh_button" Button
Build and Test with Bazel	Run UI tests	2025-11-28T01:39:43.2701890Z     t =     5.79s     Wait for Stevereitz.Poem-of-the-Day to idle
Build and Test with Bazel	Run UI tests	2025-11-28T01:39:43.2702140Z     t =     5.79s     Find the "refresh_button" Button
Build and Test with Bazel	Run UI tests	2025-11-28T01:39:43.2702430Z     t =     5.81s     Check for interrupting elements affecting "refresh_button" Button
Build and Test with Bazel	Run UI tests	2025-11-28T01:39:43.2702800Z     t =     5.84s     Synthesize event
Build and Test with Bazel	Run UI tests	2025-11-28T01:39:43.2703020Z     t =     6.17s     Wait for Stevereitz.Poem-of-the-Day to idle
Build and Test with Bazel	Run UI tests	2025-11-28T01:39:43.2703290Z     t =     6.17s Checking existence of `ActivityIndicator (First Match)`
Build and Test with Bazel	Run UI tests	2025-11-28T01:39:43.2703560Z     t =     6.23s Find the ActivityIndicator (First Match)
Build and Test with Bazel	Run UI tests	2025-11-28T01:39:43.2703900Z     t =     7.30s Checking `Expect predicate `exists == 0` for object ActivityIndicator (First Match)`
Build and Test with Bazel	Run UI tests	2025-11-28T01:39:43.2704260Z     t =     7.30s     Checking existence of `ActivityIndicator (First Match)`
Build and Test with Bazel	Run UI tests	2025-11-28T01:39:43.2704610Z     t =     8.36s Checking `Expect predicate `exists == 1` for object "poem_title" StaticText`
Build and Test with Bazel	Run UI tests	2025-11-28T01:39:43.2704950Z     t =     8.36s     Checking existence of `"poem_title" StaticText`
Build and Test with Bazel	Run UI tests	2025-11-28T01:39:43.2705200Z     t =     8.38s Find the "poem_title" StaticText
Build and Test with Bazel	Run UI tests	2025-11-28T01:39:43.2705380Z     t =     8.39s Tear Down
Build and Test with Bazel	Run UI tests	2025-11-28T01:39:43.2705710Z Test Case '-[PoemOfTheDayUITests.PoemUITests testRefreshFunctionality]' passed (8.599 seconds).
Build and Test with Bazel	Run UI tests	2025-11-28T01:39:43.2706150Z Test Case '-[PoemOfTheDayUITests.PoemUITests testShareFunctionality]' started.
Build and Test with Bazel	Run UI tests	2025-11-28T01:39:43.2706450Z     t =     0.00s Start Test at 2025-11-28 01:36:10.377
Build and Test with Bazel	Run UI tests	2025-11-28T01:39:43.2706630Z     t =     0.00s Set Up
Build and Test with Bazel	Run UI tests	2025-11-28T01:39:43.2707000Z 2025-11-28 01:36:10.378 PoemOfTheDayUITests-Runner[7932:36726] PoemUITests: Launching app with arguments: ["--ui-testing", "-UITESTING", "1"]
Build and Test with Bazel	Run UI tests	2025-11-28T01:39:43.2707750Z 2025-11-28 01:36:10.378 PoemOfTheDayUITests-Runner[7932:36726] PoemUITests: Launching app with environment: ["AI_AVAILABLE": "false", "UITESTING": "1", "ENABLE_TELEMETRY": "true"]
Build and Test with Bazel	Run UI tests	2025-11-28T01:39:43.2708270Z     t =     0.00s     Open Stevereitz.Poem-of-the-Day
Build and Test with Bazel	Run UI tests	2025-11-28T01:39:43.2708510Z     t =     0.00s         Launch Stevereitz.Poem-of-the-Day
Build and Test with Bazel	Run UI tests	2025-11-28T01:39:43.2708760Z     t =     0.00s             Terminate Stevereitz.Poem-of-the-Day:11187
Build and Test with Bazel	Run UI tests	2025-11-28T01:39:43.2709000Z     t =     1.45s             Setting up automation session
Build and Test with Bazel	Run UI tests	2025-11-28T01:39:43.2709260Z     t =     1.96s             Wait for Stevereitz.Poem-of-the-Day to idle
Build and Test with Bazel	Run UI tests	2025-11-28T01:39:43.2709610Z     t =     4.42s Checking `Expect predicate `exists == 1` for object "poem_title" StaticText`
Build and Test with Bazel	Run UI tests	2025-11-28T01:39:43.2709950Z     t =     4.42s     Checking existence of `"poem_title" StaticText`
Build and Test with Bazel	Run UI tests	2025-11-28T01:39:43.2710370Z     t =     5.51s Checking `Expect predicate `exists == 1` for object "share_button" Button`
Build and Test with Bazel	Run UI tests	2025-11-28T01:39:43.2710690Z     t =     5.51s     Checking existence of `"share_button" Button`
Build and Test with Bazel	Run UI tests	2025-11-28T01:39:43.2711000Z     t =     6.56s Checking `Expect predicate `exists == 1` for object "share_button" Button`
Build and Test with Bazel	Run UI tests	2025-11-28T01:39:43.2711300Z     t =     6.56s     Checking existence of `"share_button" Button`
Build and Test with Bazel	Run UI tests	2025-11-28T01:39:43.2717660Z     t =     6.58s Tap "share_button" Button
Build and Test with Bazel	Run UI tests	2025-11-28T01:39:43.2717910Z     t =     6.58s     Wait for Stevereitz.Poem-of-the-Day to idle
Build and Test with Bazel	Run UI tests	2025-11-28T01:39:43.2718140Z     t =     6.58s     Find the "share_button" Button
Build and Test with Bazel	Run UI tests	2025-11-28T01:39:43.2718430Z     t =     6.60s     Check for interrupting elements affecting "share_button" Button
Build and Test with Bazel	Run UI tests	2025-11-28T01:39:43.2718710Z     t =     6.62s     Synthesize event
Build and Test with Bazel	Run UI tests	2025-11-28T01:39:43.2718920Z     t =     6.93s     Wait for Stevereitz.Poem-of-the-Day to idle
Build and Test with Bazel	Run UI tests	2025-11-28T01:39:43.2719170Z     t =     7.30s Waiting 10.0s for Sheet (First Match) to exist
Build and Test with Bazel	Run UI tests	2025-11-28T01:39:43.2719630Z     t =     8.39s     Checking `Expect predicate `existsNoRetry == 1` for object Sheet (First Match)`
Build and Test with Bazel	Run UI tests	2025-11-28T01:39:43.2723150Z     t =     8.39s         Checking existence of `Sheet (First Match)`
Build and Test with Bazel	Run UI tests	2025-11-28T01:39:43.2724730Z     t =     9.23s         Capturing element debug description
Build and Test with Bazel	Run UI tests	2025-11-28T01:39:43.2725090Z     t =     9.31s     Checking `Expect predicate `existsNoRetry == 1` for object Sheet (First Match)`
Build and Test with Bazel	Run UI tests	2025-11-28T01:39:43.2725510Z     t =     9.32s         Checking existence of `Sheet (First Match)`
Build and Test with Bazel	Run UI tests	2025-11-28T01:39:43.2725750Z     t =     9.46s         Capturing element debug description
Build and Test with Bazel	Run UI tests	2025-11-28T01:39:43.2729840Z     t =    10.34s     Checking `Expect predicate `existsNoRetry == 1` for object Sheet (First Match)`
Build and Test with Bazel	Run UI tests	2025-11-28T01:39:43.2730520Z     t =    10.34s         Checking existence of `Sheet (First Match)`
Build and Test with Bazel	Run UI tests	2025-11-28T01:39:43.2730770Z     t =    10.52s         Capturing element debug description
Build and Test with Bazel	Run UI tests	2025-11-28T01:39:43.2731960Z     t =    11.34s     Checking `Expect predicate `existsNoRetry == 1` for object Sheet (First Match)`
Build and Test with Bazel	Run UI tests	2025-11-28T01:39:43.2732640Z     t =    11.34s         Checking existence of `Sheet (First Match)`
Build and Test with Bazel	Run UI tests	2025-11-28T01:39:43.2732920Z     t =    11.46s         Capturing element debug description
Build and Test with Bazel	Run UI tests	2025-11-28T01:39:43.2733590Z     t =    12.34s     Checking `Expect predicate `existsNoRetry == 1` for object Sheet (First Match)`
Build and Test with Bazel	Run UI tests	2025-11-28T01:39:43.2734670Z     t =    12.34s         Checking existence of `Sheet (First Match)`
Build and Test with Bazel	Run UI tests	2025-11-28T01:39:43.2734940Z     t =    12.42s         Capturing element debug description
Build and Test with Bazel	Run UI tests	2025-11-28T01:39:43.2735910Z     t =    13.36s     Checking `Expect predicate `existsNoRetry == 1` for object Sheet (First Match)`
Build and Test with Bazel	Run UI tests	2025-11-28T01:39:43.2736270Z     t =    13.36s         Checking existence of `Sheet (First Match)`
Build and Test with Bazel	Run UI tests	2025-11-28T01:39:43.2736520Z     t =    13.45s         Capturing element debug description
Build and Test with Bazel	Run UI tests	2025-11-28T01:39:43.2741030Z     t =    14.34s     Checking `Expect predicate `existsNoRetry == 1` for object Sheet (First Match)`
Build and Test with Bazel	Run UI tests	2025-11-28T01:39:43.2741410Z     t =    14.34s         Checking existence of `Sheet (First Match)`
Build and Test with Bazel	Run UI tests	2025-11-28T01:39:43.2741660Z     t =    14.44s         Capturing element debug description
Build and Test with Bazel	Run UI tests	2025-11-28T01:39:43.2742000Z     t =    15.37s     Checking `Expect predicate `existsNoRetry == 1` for object Sheet (First Match)`
Build and Test with Bazel	Run UI tests	2025-11-28T01:39:43.2742330Z     t =    15.37s         Checking existence of `Sheet (First Match)`
Build and Test with Bazel	Run UI tests	2025-11-28T01:39:43.2743590Z     t =    15.42s         Capturing element debug description
Build and Test with Bazel	Run UI tests	2025-11-28T01:39:43.2743940Z     t =    16.34s     Checking `Expect predicate `existsNoRetry == 1` for object Sheet (First Match)`
Build and Test with Bazel	Run UI tests	2025-11-28T01:39:43.2744280Z     t =    16.34s         Checking existence of `Sheet (First Match)`
Build and Test with Bazel	Run UI tests	2025-11-28T01:39:43.2744530Z     t =    16.40s         Capturing element debug description
Build and Test with Bazel	Run UI tests	2025-11-28T01:39:43.2744860Z     t =    17.31s     Checking `Expect predicate `existsNoRetry == 1` for object Sheet (First Match)`
Build and Test with Bazel	Run UI tests	2025-11-28T01:39:43.2745890Z     t =    17.31s         Checking existence of `Sheet (First Match)`
Build and Test with Bazel	Run UI tests	2025-11-28T01:39:43.2746130Z     t =    17.42s         Capturing element debug description
Build and Test with Bazel	Run UI tests	2025-11-28T01:39:43.2746380Z     t =    17.42s     Checking existence of `Sheet (First Match)`
Build and Test with Bazel	Run UI tests	2025-11-28T01:39:43.2746660Z     t =    17.49s Collecting debug information to assist test failure triage
Build and Test with Bazel	Run UI tests	2025-11-28T01:39:43.2747020Z     t =    17.49s     Requesting snapshot of accessibility hierarchy for app with pid 11362
Build and Test with Bazel	Run UI tests	2025-11-28T01:39:43.2747630Z     t =    17.59s Waiting 10.0s for CollectionView (First Match) to exist
Build and Test with Bazel	Run UI tests	2025-11-28T01:39:43.2748040Z     t =    18.61s     Checking `Expect predicate `existsNoRetry == 1` for object CollectionView (First Match)`
Build and Test with Bazel	Run UI tests	2025-11-28T01:39:43.2748420Z     t =    18.61s         Checking existence of `CollectionView (First Match)`
Build and Test with Bazel	Run UI tests	2025-11-28T01:39:43.2748680Z     t =    18.70s Checking existence of `"Close" Button`
Build and Test with Bazel	Run UI tests	2025-11-28T01:39:43.2748880Z     t =    18.74s Tap "Close" Button
Build and Test with Bazel	Run UI tests	2025-11-28T01:39:43.2749100Z     t =    18.74s     Wait for Stevereitz.Poem-of-the-Day to idle
Build and Test with Bazel	Run UI tests	2025-11-28T01:39:43.2749580Z     t =    18.74s     Find the "Close" Button
Build and Test with Bazel	Run UI tests	2025-11-28T01:39:43.2749880Z     t =    18.78s     Check for interrupting elements affecting "header.closeButton" Button
Build and Test with Bazel	Run UI tests	2025-11-28T01:39:43.2750150Z     t =    18.81s     Synthesize event
Build and Test with Bazel	Run UI tests	2025-11-28T01:39:43.2750370Z     t =    19.12s     Wait for Stevereitz.Poem-of-the-Day to idle
Build and Test with Bazel	Run UI tests	2025-11-28T01:39:43.2750920Z     t =    19.56s Tear Down
Build and Test with Bazel	Run UI tests	2025-11-28T01:39:43.2751250Z Test Case '-[PoemOfTheDayUITests.PoemUITests testShareFunctionality]' passed (19.768 seconds).
Build and Test with Bazel	Run UI tests	2025-11-28T01:39:43.2751630Z Test Suite 'PoemUITests' failed at 2025-11-28 01:36:30.145.
Build and Test with Bazel	Run UI tests	2025-11-28T01:39:43.2752070Z 	 Executed 11 tests, with 3 failures (0 unexpected) in 120.536 (120.541) seconds
Build and Test with Bazel	Run UI tests	2025-11-28T01:39:43.2752420Z Test Suite 'Poem_of_the_DayUITests' started at 2025-11-28 01:36:30.146.
Build and Test with Bazel	Run UI tests	2025-11-28T01:39:43.2753050Z Test Case '-[PoemOfTheDayUITests.Poem_of_the_DayUITests testExample]' started.
Build and Test with Bazel	Run UI tests	2025-11-28T01:39:43.2753380Z     t =     0.00s Start Test at 2025-11-28 01:36:30.146
Build and Test with Bazel	Run UI tests	2025-11-28T01:39:43.2753570Z     t =     0.00s Set Up
Build and Test with Bazel	Run UI tests	2025-11-28T01:39:43.2753800Z     t =     0.00s Open Stevereitz.Poem-of-the-Day
Build and Test with Bazel	Run UI tests	2025-11-28T01:39:43.2754170Z     t =     0.00s     Launch Stevereitz.Poem-of-the-Day
Build and Test with Bazel	Run UI tests	2025-11-28T01:39:43.2754460Z     t =     0.00s         Terminate Stevereitz.Poem-of-the-Day:11362
Build and Test with Bazel	Run UI tests	2025-11-28T01:39:43.2755010Z     t =    30.81s         Setting up automation session
Build and Test with Bazel	Run UI tests	2025-11-28T01:39:43.2755250Z     t =    40.38s         Wait for Stevereitz.Poem-of-the-Day to idle
Build and Test with Bazel	Run UI tests	2025-11-28T01:39:43.2755480Z     t =    42.02s Tear Down
Build and Test with Bazel	Run UI tests	2025-11-28T01:39:43.2755780Z Test Case '-[PoemOfTheDayUITests.Poem_of_the_DayUITests testExample]' passed (42.220 seconds).
Build and Test with Bazel	Run UI tests	2025-11-28T01:39:43.2756280Z Test Case '-[PoemOfTheDayUITests.Poem_of_the_DayUITests testLaunchPerformance]' started.
Build and Test with Bazel	Run UI tests	2025-11-28T01:39:43.2756930Z     t =     0.00s Start Test at 2025-11-28 01:37:12.368
Build and Test with Bazel	Run UI tests	2025-11-28T01:39:43.2757120Z     t =     0.00s Set Up
Build and Test with Bazel	Run UI tests	2025-11-28T01:39:43.2757290Z     t =     0.03s Open Stevereitz.Poem-of-the-Day
Build and Test with Bazel	Run UI tests	2025-11-28T01:39:43.2757510Z     t =     0.03s     Launch Stevereitz.Poem-of-the-Day
Build and Test with Bazel	Run UI tests	2025-11-28T01:39:43.2757760Z     t =     0.03s         Terminate Stevereitz.Poem-of-the-Day:11639
Build and Test with Bazel	Run UI tests	2025-11-28T01:39:43.2758000Z     t =     1.74s         Setting up automation session
Build and Test with Bazel	Run UI tests	2025-11-28T01:39:43.2758230Z     t =     2.38s         Wait for Stevereitz.Poem-of-the-Day to idle
Build and Test with Bazel	Run UI tests	2025-11-28T01:39:43.2758470Z     t =     5.24s Open Stevereitz.Poem-of-the-Day
Build and Test with Bazel	Run UI tests	2025-11-28T01:39:43.2758980Z     t =     5.24s     Launch Stevereitz.Poem-of-the-Day
Build and Test with Bazel	Run UI tests	2025-11-28T01:39:43.2759220Z     t =     5.24s         Terminate Stevereitz.Poem-of-the-Day:13150
Build and Test with Bazel	Run UI tests	2025-11-28T01:39:43.2759460Z     t =     6.72s         Setting up automation session
Build and Test with Bazel	Run UI tests	2025-11-28T01:39:43.2759690Z     t =     7.50s         Wait for Stevereitz.Poem-of-the-Day to idle
Build and Test with Bazel	Run UI tests	2025-11-28T01:39:43.2759920Z     t =     9.44s Open Stevereitz.Poem-of-the-Day
Build and Test with Bazel	Run UI tests	2025-11-28T01:39:43.2760280Z     t =     9.44s     Launch Stevereitz.Poem-of-the-Day
Build and Test with Bazel	Run UI tests	2025-11-28T01:39:43.2760520Z     t =     9.44s         Terminate Stevereitz.Poem-of-the-Day:13278
Build and Test with Bazel	Run UI tests	2025-11-28T01:39:43.2761050Z     t =    10.73s         Setting up automation session
Build and Test with Bazel	Run UI tests	2025-11-28T01:39:43.2761290Z     t =    11.32s         Wait for Stevereitz.Poem-of-the-Day to idle
Build and Test with Bazel	Run UI tests	2025-11-28T01:39:43.2761520Z     t =    13.12s Open Stevereitz.Poem-of-the-Day
Build and Test with Bazel	Run UI tests	2025-11-28T01:39:43.2761740Z     t =    13.12s     Launch Stevereitz.Poem-of-the-Day
Build and Test with Bazel	Run UI tests	2025-11-28T01:39:43.2761980Z     t =    13.12s         Terminate Stevereitz.Poem-of-the-Day:13348
Build and Test with Bazel	Run UI tests	2025-11-28T01:39:43.2762210Z     t =    14.60s         Setting up automation session
Build and Test with Bazel	Run UI tests	2025-11-28T01:39:43.2762450Z     t =    15.08s         Wait for Stevereitz.Poem-of-the-Day to idle
Build and Test with Bazel	Run UI tests	2025-11-28T01:39:43.2762960Z     t =    16.96s Open Stevereitz.Poem-of-the-Day
Build and Test with Bazel	Run UI tests	2025-11-28T01:39:43.2763190Z     t =    16.96s     Launch Stevereitz.Poem-of-the-Day
Build and Test with Bazel	Run UI tests	2025-11-28T01:39:43.2763420Z     t =    16.96s         Terminate Stevereitz.Poem-of-the-Day:13416
Build and Test with Bazel	Run UI tests	2025-11-28T01:39:43.2763660Z     t =    18.27s         Setting up automation session
Build and Test with Bazel	Run UI tests	2025-11-28T01:39:43.2763900Z     t =    18.96s         Wait for Stevereitz.Poem-of-the-Day to idle
Build and Test with Bazel	Run UI tests	2025-11-28T01:39:43.2764140Z     t =    20.85s Open Stevereitz.Poem-of-the-Day
Build and Test with Bazel	Run UI tests	2025-11-28T01:39:43.2766100Z     t =    20.85s     Launch Stevereitz.Poem-of-the-Day
Build and Test with Bazel	Run UI tests	2025-11-28T01:39:43.2766360Z     t =    20.85s         Terminate Stevereitz.Poem-of-the-Day:13479
Build and Test with Bazel	Run UI tests	2025-11-28T01:39:43.2766590Z     t =    22.19s         Setting up automation session
Build and Test with Bazel	Run UI tests	2025-11-28T01:39:43.2766820Z     t =    22.92s         Wait for Stevereitz.Poem-of-the-Day to idle
Build and Test with Bazel	Run UI tests	2025-11-28T01:39:43.2768750Z <unknown>:0: Test Case '-[PoemOfTheDayUITests.Poem_of_the_DayUITests testLaunchPerformance]' measured [Duration (AppLaunch), s] average: 1.208, relative standard deviation: 13.642%, values: [1.477059, 0.968630, 1.175147, 1.159679, 1.259974], performanceMetricID:com.apple.dt.XCTMetric_ApplicationLaunch-AppLaunch.duration, baselineName: "", baselineAverage: , polarity: prefers smaller, maxPercentRegression: 10.000%, maxPercentRelativeStandardDeviation: 10.000%, maxRegression: 0.000, maxStandardDeviation: 0.000
Build and Test with Bazel	Run UI tests	2025-11-28T01:39:43.2770360Z     t =    24.89s Tear Down
Build and Test with Bazel	Run UI tests	2025-11-28T01:39:43.2770680Z Test Case '-[PoemOfTheDayUITests.Poem_of_the_DayUITests testLaunchPerformance]' passed (25.098 seconds).
Build and Test with Bazel	Run UI tests	2025-11-28T01:39:43.2771090Z Test Suite 'Poem_of_the_DayUITests' passed at 2025-11-28 01:37:37.465.
Build and Test with Bazel	Run UI tests	2025-11-28T01:39:43.2771460Z 	 Executed 2 tests, with 0 failures (0 unexpected) in 67.318 (67.319) seconds
Build and Test with Bazel	Run UI tests	2025-11-28T01:39:43.2772140Z Test Suite 'Poem_of_the_DayUITestsLaunchTests' started at 2025-11-28 01:37:37.465.
Build and Test with Bazel	Run UI tests	2025-11-28T01:39:43.2772540Z Test Case '-[PoemOfTheDayUITests.Poem_of_the_DayUITestsLaunchTests testLaunch]' started.
Build and Test with Bazel	Run UI tests	2025-11-28T01:39:43.2772930Z     t =     0.00s Start Test at 2025-11-28 01:37:37.465
Build and Test with Bazel	Run UI tests	2025-11-28T01:39:43.2773130Z     t =     0.00s Set Up
Build and Test with Bazel	Run UI tests	2025-11-28T01:39:43.2773580Z     t =     0.00s Open Stevereitz.Poem-of-the-Day
Build and Test with Bazel	Run UI tests	2025-11-28T01:39:43.2774100Z     t =     0.00s     Launch Stevereitz.Poem-of-the-Day
Build and Test with Bazel	Run UI tests	2025-11-28T01:39:43.2774350Z     t =     0.00s         Terminate Stevereitz.Poem-of-the-Day:13535
Build and Test with Bazel	Run UI tests	2025-11-28T01:39:43.2774650Z     t =     1.49s         Setting up automation session
Build and Test with Bazel	Run UI tests	2025-11-28T01:39:43.2775000Z     t =     2.14s         Wait for Stevereitz.Poem-of-the-Day to idle
Build and Test with Bazel	Run UI tests	2025-11-28T01:39:43.2775610Z     t =     3.48s Find the Target Application 'Stevereitz.Poem-of-the-Day'
Build and Test with Bazel	Run UI tests	2025-11-28T01:39:43.2778230Z     t =     3.70s Added attachment named 'Launch Screen'
Build and Test with Bazel	Run UI tests	2025-11-28T01:39:43.2778490Z     t =     3.71s Tear Down
Build and Test with Bazel	Run UI tests	2025-11-28T01:39:43.2778820Z Test Case '-[PoemOfTheDayUITests.Poem_of_the_DayUITestsLaunchTests testLaunch]' passed (3.912 seconds).
Build and Test with Bazel	Run UI tests	2025-11-28T01:39:43.2779260Z Test Suite 'Poem_of_the_DayUITestsLaunchTests' passed at 2025-11-28 01:37:41.378.
Build and Test with Bazel	Run UI tests	2025-11-28T01:39:43.2779610Z 	 Executed 1 test, with 0 failures (0 unexpected) in 3.912 (3.913) seconds
Build and Test with Bazel	Run UI tests	2025-11-28T01:39:43.2780260Z Test Suite 'TelemetryUITests' started at 2025-11-28 01:37:41.383.
Build and Test with Bazel	Run UI tests	2025-11-28T01:39:43.2780890Z Test Case '-[PoemOfTheDayUITests.TelemetryUITests testTelemetryCoveredByIntegration]' started.
Build and Test with Bazel	Run UI tests	2025-11-28T01:39:43.2781310Z     t =     0.00s Start Test at 2025-11-28 01:37:41.384
Build and Test with Bazel	Run UI tests	2025-11-28T01:39:43.2781680Z     t =     0.00s Set Up
Build and Test with Bazel	Run UI tests	2025-11-28T01:39:43.2782760Z /PoemOfTheDayUITests/TelemetryUITests.swift:5: -[PoemOfTheDayUITests.TelemetryUITests testTelemetryCoveredByIntegration] : Test skipped - Telemetry verification is covered by integration tests with mocks, not UI tests.
Build and Test with Bazel	Run UI tests	2025-11-28T01:39:43.2784100Z     t =     0.05s Tear Down
Build and Test with Bazel	Run UI tests	2025-11-28T01:39:43.2784460Z Test Case '-[PoemOfTheDayUITests.TelemetryUITests testTelemetryCoveredByIntegration]' skipped (0.049 seconds).
Build and Test with Bazel	Run UI tests	2025-11-28T01:39:43.2784900Z Test Suite 'TelemetryUITests' passed at 2025-11-28 01:37:41.432.
Build and Test with Bazel	Run UI tests	2025-11-28T01:39:43.2785250Z 	 Executed 1 test, with 1 test skipped and 0 failures (0 unexpected) in 0.049 (0.049) seconds
Build and Test with Bazel	Run UI tests	2025-11-28T01:39:43.2785760Z Test Suite 'VibeBackgroundColorUITests' started at 2025-11-28 01:37:41.433.
Build and Test with Bazel	Run UI tests	2025-11-28T01:39:43.2786480Z Test Case '-[PoemOfTheDayUITests.VibeBackgroundColorUITests testBackgroundColorAccessibility]' started.
Build and Test with Bazel	Run UI tests	2025-11-28T01:39:43.2786890Z     t =     0.00s Start Test at 2025-11-28 01:37:41.433
Build and Test with Bazel	Run UI tests	2025-11-28T01:39:43.2787080Z     t =     0.00s Set Up
Build and Test with Bazel	Run UI tests	2025-11-28T01:39:43.2787310Z     t =     0.00s     Open Stevereitz.Poem-of-the-Day
Build and Test with Bazel	Run UI tests	2025-11-28T01:39:43.2787610Z     t =     0.00s         Launch Stevereitz.Poem-of-the-Day
Build and Test with Bazel	Run UI tests	2025-11-28T01:39:43.2788140Z     t =     0.00s             Terminate Stevereitz.Poem-of-the-Day:13591
Build and Test with Bazel	Run UI tests	2025-11-28T01:39:43.2788390Z     t =     1.38s             Setting up automation session
Build and Test with Bazel	Run UI tests	2025-11-28T01:39:43.2788800Z     t =     1.96s             Wait for Stevereitz.Poem-of-the-Day to idle
Build and Test with Bazel	Run UI tests	2025-11-28T01:39:43.2789070Z     t =     3.31s Waiting 5.0s for "Poem of the Day" StaticText to exist
Build and Test with Bazel	Run UI tests	2025-11-28T01:39:43.2789550Z     t =     4.31s     Checking `Expect predicate `existsNoRetry == 1` for object "Poem of the Day" StaticText`
Build and Test with Bazel	Run UI tests	2025-11-28T01:39:43.2790190Z     t =     4.31s         Checking existence of `"Poem of the Day" StaticText`
Build and Test with Bazel	Run UI tests	2025-11-28T01:39:43.2790710Z     t =     4.43s Checking existence of `"vibe_indicator" Other`
Build and Test with Bazel	Run UI tests	2025-11-28T01:39:43.2790940Z     t =     4.48s Tear Down
Build and Test with Bazel	Run UI tests	2025-11-28T01:39:43.2791470Z Test Case '-[PoemOfTheDayUITests.VibeBackgroundColorUITests testBackgroundColorAccessibility]' passed (4.685 seconds).
Build and Test with Bazel	Run UI tests	2025-11-28T01:39:43.2795200Z Test Case '-[PoemOfTheDayUITests.VibeBackgroundColorUITests testBackgroundColorAnimation]' started.
Build and Test with Bazel	Run UI tests	2025-11-28T01:39:43.2795660Z     t =     0.00s Start Test at 2025-11-28 01:37:46.118
Build and Test with Bazel	Run UI tests	2025-11-28T01:39:43.2795850Z     t =     0.00s Set Up
Build and Test with Bazel	Run UI tests	2025-11-28T01:39:43.2796030Z     t =     0.00s     Open Stevereitz.Poem-of-the-Day
Build and Test with Bazel	Run UI tests	2025-11-28T01:39:43.2796260Z     t =     0.00s         Launch Stevereitz.Poem-of-the-Day
Build and Test with Bazel	Run UI tests	2025-11-28T01:39:43.2796780Z     t =     0.00s             Terminate Stevereitz.Poem-of-the-Day:13645
Build and Test with Bazel	Run UI tests	2025-11-28T01:39:43.2797120Z     t =     1.45s             Setting up automation session
Build and Test with Bazel	Run UI tests	2025-11-28T01:39:43.2797420Z     t =     2.18s             Wait for Stevereitz.Poem-of-the-Day to idle
Build and Test with Bazel	Run UI tests	2025-11-28T01:39:43.2797700Z     t =     3.65s Waiting 5.0s for "Poem of the Day" StaticText to exist
Build and Test with Bazel	Run UI tests	2025-11-28T01:39:43.2798220Z     t =     4.69s     Checking `Expect predicate `existsNoRetry == 1` for object "Poem of the Day" StaticText`
Build and Test with Bazel	Run UI tests	2025-11-28T01:39:43.2798990Z     t =     4.69s         Checking existence of `"Poem of the Day" StaticText`
Build and Test with Bazel	Run UI tests	2025-11-28T01:39:43.2799400Z     t =     4.83s Checking existence of `"Get New Poem" Button`
Build and Test with Bazel	Run UI tests	2025-11-28T01:39:43.2799880Z     t =     4.88s Tear Down
Build and Test with Bazel	Run UI tests	2025-11-28T01:39:43.2800330Z Test Case '-[PoemOfTheDayUITests.VibeBackgroundColorUITests testBackgroundColorAnimation]' passed (5.079 seconds).
Build and Test with Bazel	Run UI tests	2025-11-28T01:39:43.2801570Z Test Case '-[PoemOfTheDayUITests.VibeBackgroundColorUITests testBackgroundColorInDarkMode]' started.
Build and Test with Bazel	Run UI tests	2025-11-28T01:39:43.2802130Z     t =     0.00s Start Test at 2025-11-28 01:37:51.197
Build and Test with Bazel	Run UI tests	2025-11-28T01:39:43.2802880Z     t =     0.00s Set Up
Build and Test with Bazel	Run UI tests	2025-11-28T01:39:43.2803220Z     t =     0.00s     Open Stevereitz.Poem-of-the-Day
Build and Test with Bazel	Run UI tests	2025-11-28T01:39:43.2803450Z     t =     0.00s         Launch Stevereitz.Poem-of-the-Day
Build and Test with Bazel	Run UI tests	2025-11-28T01:39:43.2803760Z     t =     0.00s             Terminate Stevereitz.Poem-of-the-Day:13706
Build and Test with Bazel	Run UI tests	2025-11-28T01:39:43.2804330Z     t =     1.59s             Setting up automation session
Build and Test with Bazel	Run UI tests	2025-11-28T01:39:43.2805390Z     t =     2.43s             Wait for Stevereitz.Poem-of-the-Day to idle
Build and Test with Bazel	Run UI tests	2025-11-28T01:39:43.2813790Z     t =     3.80s Terminate Stevereitz.Poem-of-the-Day:13764
Build and Test with Bazel	Run UI tests	2025-11-28T01:39:43.2814050Z     t =     4.82s Open Stevereitz.Poem-of-the-Day
Build and Test with Bazel	Run UI tests	2025-11-28T01:39:43.2814390Z     t =     4.82s     Launch Stevereitz.Poem-of-the-Day
Build and Test with Bazel	Run UI tests	2025-11-28T01:39:43.2814620Z     t =     5.10s         Setting up automation session
Build and Test with Bazel	Run UI tests	2025-11-28T01:39:43.2814860Z     t =     5.76s         Wait for Stevereitz.Poem-of-the-Day to idle
Build and Test with Bazel	Run UI tests	2025-11-28T01:39:43.2815130Z     t =     7.02s Waiting 5.0s for "Poem of the Day" StaticText to exist
Build and Test with Bazel	Run UI tests	2025-11-28T01:39:43.2815500Z     t =     8.06s     Checking `Expect predicate `existsNoRetry == 1` for object "Poem of the Day" StaticText`
Build and Test with Bazel	Run UI tests	2025-11-28T01:39:43.2815930Z     t =     8.06s         Checking existence of `"Poem of the Day" StaticText`
Build and Test with Bazel	Run UI tests	2025-11-28T01:39:43.2816300Z     t =     8.15s Find the Target Application 'Stevereitz.Poem-of-the-Day'
Build and Test with Bazel	Run UI tests	2025-11-28T01:39:43.2817240Z     t =     8.30s Added attachment named 'Background Color Dark Mode'
Build and Test with Bazel	Run UI tests	2025-11-28T01:39:43.2817630Z     t =     8.31s Checking existence of `StaticText (First Match)`
Build and Test with Bazel	Run UI tests	2025-11-28T01:39:43.2817910Z     t =     8.37s Tear Down
Build and Test with Bazel	Run UI tests	2025-11-28T01:39:43.2818900Z Test Case '-[PoemOfTheDayUITests.VibeBackgroundColorUITests testBackgroundColorInDarkMode]' passed (8.578 seconds).
Build and Test with Bazel	Run UI tests	2025-11-28T01:39:43.2819750Z Test Case '-[PoemOfTheDayUITests.VibeBackgroundColorUITests testVibeBackgroundColorChangesWithDifferentVibes]' started.
Build and Test with Bazel	Run UI tests	2025-11-28T01:39:43.2820250Z     t =     0.00s Start Test at 2025-11-28 01:37:59.776
Build and Test with Bazel	Run UI tests	2025-11-28T01:39:43.2820500Z     t =     0.00s Set Up
Build and Test with Bazel	Run UI tests	2025-11-28T01:39:43.2820690Z     t =     0.00s     Open Stevereitz.Poem-of-the-Day
Build and Test with Bazel	Run UI tests	2025-11-28T01:39:43.2820920Z     t =     0.00s         Launch Stevereitz.Poem-of-the-Day
Build and Test with Bazel	Run UI tests	2025-11-28T01:39:43.2821160Z     t =     0.00s             Terminate Stevereitz.Poem-of-the-Day:13814
Build and Test with Bazel	Run UI tests	2025-11-28T01:39:43.2821420Z     t =     1.54s             Setting up automation session
Build and Test with Bazel	Run UI tests	2025-11-28T01:39:43.2821660Z     t =     2.01s             Wait for Stevereitz.Poem-of-the-Day to idle
Build and Test with Bazel	Run UI tests	2025-11-28T01:39:43.2822000Z     t =     3.30s Waiting 5.0s for "Poem of the Day" StaticText to exist
Build and Test with Bazel	Run UI tests	2025-11-28T01:39:43.2822440Z     t =     4.34s     Checking `Expect predicate `existsNoRetry == 1` for object "Poem of the Day" StaticText`
Build and Test with Bazel	Run UI tests	2025-11-28T01:39:43.2822810Z     t =     4.34s         Checking existence of `"Poem of the Day" StaticText`
Build and Test with Bazel	Run UI tests	2025-11-28T01:39:43.2823110Z     t =     4.39s Checking existence of `"generate_vibe_poem_button" Button`
Build and Test with Bazel	Run UI tests	2025-11-28T01:39:43.2823350Z     t =     4.41s Tear Down
Build and Test with Bazel	Run UI tests	2025-11-28T01:39:43.2823890Z Test Case '-[PoemOfTheDayUITests.VibeBackgroundColorUITests testVibeBackgroundColorChangesWithDifferentVibes]' passed (4.609 seconds).
Build and Test with Bazel	Run UI tests	2025-11-28T01:39:43.2824920Z Test Case '-[PoemOfTheDayUITests.VibeBackgroundColorUITests testVibeBackgroundColorConsistency]' started.
Build and Test with Bazel	Run UI tests	2025-11-28T01:39:43.2825460Z     t =     0.00s Start Test at 2025-11-28 01:38:04.384
Build and Test with Bazel	Run UI tests	2025-11-28T01:39:43.2825700Z     t =     0.00s Set Up
Build and Test with Bazel	Run UI tests	2025-11-28T01:39:43.2826070Z     t =     0.00s     Open Stevereitz.Poem-of-the-Day
Build and Test with Bazel	Run UI tests	2025-11-28T01:39:43.2826370Z     t =     0.00s         Launch Stevereitz.Poem-of-the-Day
Build and Test with Bazel	Run UI tests	2025-11-28T01:39:43.2826620Z     t =     0.00s             Terminate Stevereitz.Poem-of-the-Day:13903
Build and Test with Bazel	Run UI tests	2025-11-28T01:39:43.2826860Z     t =     1.30s             Setting up automation session
Build and Test with Bazel	Run UI tests	2025-11-28T01:39:43.2827100Z     t =     2.01s             Wait for Stevereitz.Poem-of-the-Day to idle
Build and Test with Bazel	Run UI tests	2025-11-28T01:39:43.2827430Z     t =     3.34s Waiting 5.0s for "Poem of the Day" StaticText to exist
Build and Test with Bazel	Run UI tests	2025-11-28T01:39:43.2827860Z     t =     4.36s     Checking `Expect predicate `existsNoRetry == 1` for object "Poem of the Day" StaticText`
Build and Test with Bazel	Run UI tests	2025-11-28T01:39:43.2828490Z     t =     4.36s         Checking existence of `"Poem of the Day" StaticText`
Build and Test with Bazel	Run UI tests	2025-11-28T01:39:43.2828890Z     t =     4.46s Checking existence of `StaticText (First Match)`
Build and Test with Bazel	Run UI tests	2025-11-28T01:39:43.2829110Z     t =     4.54s Tear Down
Build and Test with Bazel	Run UI tests	2025-11-28T01:39:43.2829490Z Test Case '-[PoemOfTheDayUITests.VibeBackgroundColorUITests testVibeBackgroundColorConsistency]' passed (4.740 seconds).
Build and Test with Bazel	Run UI tests	2025-11-28T01:39:43.2830200Z Test Case '-[PoemOfTheDayUITests.VibeBackgroundColorUITests testVibeColorDescriptionContent]' started.
Build and Test with Bazel	Run UI tests	2025-11-28T01:39:43.2830640Z     t =     0.00s Start Test at 2025-11-28 01:38:09.124
Build and Test with Bazel	Run UI tests	2025-11-28T01:39:43.2831150Z     t =     0.00s Set Up
Build and Test with Bazel	Run UI tests	2025-11-28T01:39:43.2831380Z     t =     0.00s     Open Stevereitz.Poem-of-the-Day
Build and Test with Bazel	Run UI tests	2025-11-28T01:39:43.2831730Z     t =     0.00s         Launch Stevereitz.Poem-of-the-Day
Build and Test with Bazel	Run UI tests	2025-11-28T01:39:43.2832100Z     t =     0.00s             Terminate Stevereitz.Poem-of-the-Day:13950
Build and Test with Bazel	Run UI tests	2025-11-28T01:39:43.2832380Z     t =     1.38s             Setting up automation session
Build and Test with Bazel	Run UI tests	2025-11-28T01:39:43.2832680Z     t =     2.06s             Wait for Stevereitz.Poem-of-the-Day to idle
Build and Test with Bazel	Run UI tests	2025-11-28T01:39:43.2832950Z     t =     3.39s Waiting 5.0s for "Poem of the Day" StaticText to exist
Build and Test with Bazel	Run UI tests	2025-11-28T01:39:43.2833430Z     t =     4.42s     Checking `Expect predicate `existsNoRetry == 1` for object "Poem of the Day" StaticText`
Build and Test with Bazel	Run UI tests	2025-11-28T01:39:43.2833800Z     t =     4.42s         Checking existence of `"Poem of the Day" StaticText`
Build and Test with Bazel	Run UI tests	2025-11-28T01:39:43.2834080Z     t =     4.47s Checking existence of `StaticText (First Match)`
Build and Test with Bazel	Run UI tests	2025-11-28T01:39:43.2834290Z     t =     4.53s Tear Down
Build and Test with Bazel	Run UI tests	2025-11-28T01:39:43.2834780Z Test Case '-[PoemOfTheDayUITests.VibeBackgroundColorUITests testVibeColorDescriptionContent]' passed (4.729 seconds).
Build and Test with Bazel	Run UI tests	2025-11-28T01:39:43.2835370Z Test Case '-[PoemOfTheDayUITests.VibeBackgroundColorUITests testVibeColorIndicatorVisibility]' started.
Build and Test with Bazel	Run UI tests	2025-11-28T01:39:43.2835750Z     t =     0.00s Start Test at 2025-11-28 01:38:13.854
Build and Test with Bazel	Run UI tests	2025-11-28T01:39:43.2835940Z     t =     0.00s Set Up
Build and Test with Bazel	Run UI tests	2025-11-28T01:39:43.2836110Z     t =     0.00s     Open Stevereitz.Poem-of-the-Day
Build and Test with Bazel	Run UI tests	2025-11-28T01:39:43.2836330Z     t =     0.00s         Launch Stevereitz.Poem-of-the-Day
Build and Test with Bazel	Run UI tests	2025-11-28T01:39:43.2836580Z     t =     0.00s             Terminate Stevereitz.Poem-of-the-Day:13968
Build and Test with Bazel	Run UI tests	2025-11-28T01:39:43.2836820Z     t =     1.30s             Setting up automation session
Build and Test with Bazel	Run UI tests	2025-11-28T01:39:43.2837060Z     t =     1.92s             Wait for Stevereitz.Poem-of-the-Day to idle
Build and Test with Bazel	Run UI tests	2025-11-28T01:39:43.2837330Z     t =     3.18s Waiting 5.0s for "Poem of the Day" StaticText to exist
Build and Test with Bazel	Run UI tests	2025-11-28T01:39:43.2837700Z     t =     4.20s     Checking `Expect predicate `existsNoRetry == 1` for object "Poem of the Day" StaticText`
Build and Test with Bazel	Run UI tests	2025-11-28T01:39:43.2838060Z     t =     4.20s         Checking existence of `"Poem of the Day" StaticText`
Build and Test with Bazel	Run UI tests	2025-11-28T01:39:43.2838390Z     t =     4.26s Checking existence of `StaticText (First Match)`
Build and Test with Bazel	Run UI tests	2025-11-28T01:39:43.2838680Z     t =     4.32s Tear Down
Build and Test with Bazel	Run UI tests	2025-11-28T01:39:43.2839060Z Test Case '-[PoemOfTheDayUITests.VibeBackgroundColorUITests testVibeColorIndicatorVisibility]' passed (4.525 seconds).
Build and Test with Bazel	Run UI tests	2025-11-28T01:39:43.2839660Z Test Case '-[PoemOfTheDayUITests.VibeBackgroundColorUITests testVibeColorIntensityVisualFeedback]' started.
Build and Test with Bazel	Run UI tests	2025-11-28T01:39:43.2840070Z     t =     0.00s Start Test at 2025-11-28 01:38:18.379
Build and Test with Bazel	Run UI tests	2025-11-28T01:39:43.2840250Z     t =     0.00s Set Up
Build and Test with Bazel	Run UI tests	2025-11-28T01:39:43.2840420Z     t =     0.00s     Open Stevereitz.Poem-of-the-Day
Build and Test with Bazel	Run UI tests	2025-11-28T01:39:43.2840650Z     t =     0.00s         Launch Stevereitz.Poem-of-the-Day
Build and Test with Bazel	Run UI tests	2025-11-28T01:39:43.2840910Z     t =     0.00s             Terminate Stevereitz.Poem-of-the-Day:14015
Build and Test with Bazel	Run UI tests	2025-11-28T01:39:43.2841170Z     t =     1.66s             Setting up automation session
Build and Test with Bazel	Run UI tests	2025-11-28T01:39:43.2841420Z     t =     2.20s             Wait for Stevereitz.Poem-of-the-Day to idle
Build and Test with Bazel	Run UI tests	2025-11-28T01:39:43.2841690Z     t =     3.68s Waiting 5.0s for "Poem of the Day" StaticText to exist
Build and Test with Bazel	Run UI tests	2025-11-28T01:39:43.2842160Z     t =     4.73s     Checking `Expect predicate `existsNoRetry == 1` for object "Poem of the Day" StaticText`
Build and Test with Bazel	Run UI tests	2025-11-28T01:39:43.2842520Z     t =     4.73s         Checking existence of `"Poem of the Day" StaticText`
Build and Test with Bazel	Run UI tests	2025-11-28T01:39:43.2844920Z     t =     4.97s Checking existence of `StaticText (First Match)`
Build and Test with Bazel	Run UI tests	2025-11-28T01:39:43.2845690Z     t =     5.13s Tear Down
Build and Test with Bazel	Run UI tests	2025-11-28T01:39:43.2846100Z Test Case '-[PoemOfTheDayUITests.VibeBackgroundColorUITests testVibeColorIntensityVisualFeedback]' passed (5.338 seconds).
Build and Test with Bazel	Run UI tests	2025-11-28T01:39:43.2846610Z Test Suite 'VibeBackgroundColorUITests' passed at 2025-11-28 01:38:23.717.
Build and Test with Bazel	Run UI tests	2025-11-28T01:39:43.2851090Z 	 Executed 8 tests, with 0 failures (0 unexpected) in 42.282 (42.284) seconds
Build and Test with Bazel	Run UI tests	2025-11-28T01:39:43.2855300Z Test Suite 'WidgetUITests' started at 2025-11-28 01:38:23.718.
Build and Test with Bazel	Run UI tests	2025-11-28T01:39:43.2855690Z Test Case '-[PoemOfTheDayUITests.WidgetUITests testWidgetsCoveredByUnitTests]' started.
Build and Test with Bazel	Run UI tests	2025-11-28T01:39:43.2856940Z     t =     0.00s Start Test at 2025-11-28 01:38:23.722
Build and Test with Bazel	Run UI tests	2025-11-28T01:39:43.2858830Z     t =     0.00s Set Up
Build and Test with Bazel	Run UI tests	2025-11-28T01:39:43.2859690Z /PoemOfTheDayUITests/WidgetUITests.swift:5: -[PoemOfTheDayUITests.WidgetUITests testWidgetsCoveredByUnitTests] : Test skipped - Widget behavior is covered by unit/integration tests; UI-level widget tests removed for faster CI.
Build and Test with Bazel	Run UI tests	2025-11-28T01:39:43.2860420Z     t =     0.01s Tear Down
Build and Test with Bazel	Run UI tests	2025-11-28T01:39:43.2860750Z Test Case '-[PoemOfTheDayUITests.WidgetUITests testWidgetsCoveredByUnitTests]' skipped (0.009 seconds).
Build and Test with Bazel	Run UI tests	2025-11-28T01:39:43.2861190Z Test Suite 'WidgetUITests' passed at 2025-11-28 01:38:23.731.
Build and Test with Bazel	Run UI tests	2025-11-28T01:39:43.2861660Z 	 Executed 1 test, with 1 test skipped and 0 failures (0 unexpected) in 0.009 (0.013) seconds
Build and Test with Bazel	Run UI tests	2025-11-28T01:39:43.2862510Z Test Suite 'PoemOfTheDayUITests.xctest' failed at 2025-11-28 01:38:23.739.
Build and Test with Bazel	Run UI tests	2025-11-28T01:39:43.2863050Z 	 Executed 29 tests, with 2 tests skipped and 6 failures (0 unexpected) in 327.220 (327.253) seconds
Build and Test with Bazel	Run UI tests	2025-11-28T01:39:43.2863410Z Test Suite 'All tests' failed at 2025-11-28 01:38:23.740.
Build and Test with Bazel	Run UI tests	2025-11-28T01:39:43.2863750Z 	 Executed 29 tests, with 2 tests skipped and 6 failures (0 unexpected) in 327.220 (327.272) seconds
Build and Test with Bazel	Run UI tests	2025-11-28T01:39:43.2864260Z 2025-11-28 01:39:01.432 xcodebuild[6750:32215] [MT] IDETestOperationsObserverDebug: 414.941 elapsed -- Testing started completed.
Build and Test with Bazel	Run UI tests	2025-11-28T01:39:43.2864800Z 2025-11-28 01:39:01.432 xcodebuild[6750:32215] [MT] IDETestOperationsObserverDebug: 0.000 sec, +0.000 sec -- start
Build and Test with Bazel	Run UI tests	2025-11-28T01:39:43.2865310Z 2025-11-28 01:39:01.432 xcodebuild[6750:32215] [MT] IDETestOperationsObserverDebug: 414.941 sec, +414.941 sec -- end
Build and Test with Bazel	Run UI tests	2025-11-28T01:39:43.2865590Z 
Build and Test with Bazel	Run UI tests	2025-11-28T01:39:43.2865680Z Test session results, code coverage, and logs:
Build and Test with Bazel	Run UI tests	2025-11-28T01:39:43.2866370Z 	/var/tmp/_bazel_runner/fe2d0117d2d9b33eff91f94ca60a61fc/sandbox/darwin-sandbox/67/execroot/_main/bazel-out/darwin_arm64-fastbuild/testlogs/PoemOfTheDayUITests/PoemOfTheDayUITests/test.outputs/test.xcresult
Build and Test with Bazel	Run UI tests	2025-11-28T01:39:43.2867000Z 
Build and Test with Bazel	Run UI tests	2025-11-28T01:39:43.2867050Z Failing tests:
Build and Test with Bazel	Run UI tests	2025-11-28T01:39:43.2867270Z 	AIFeaturesUITests.testCustomPromptEmptyDisablesGenerate()
Build and Test with Bazel	Run UI tests	2025-11-28T01:39:43.2867550Z 	NavigationUITests.testHistoryNavigation()
Build and Test with Bazel	Run UI tests	2025-11-28T01:39:43.2867780Z 	NavigationUITests.testSettingsNavigation()
Build and Test with Bazel	Run UI tests	2025-11-28T01:39:43.2868000Z 	PoemUITests.testEmptyFavorites()
Build and Test with Bazel	Run UI tests	2025-11-28T01:39:43.2868200Z 	PoemUITests.testFavoriteFunctionality()
Build and Test with Bazel	Run UI tests	2025-11-28T01:39:43.2868420Z 	PoemUITests.testMultipleFavorites()
Build and Test with Bazel	Run UI tests	2025-11-28T01:39:43.2868550Z 
Build and Test with Bazel	Run UI tests	2025-11-28T01:39:43.2868600Z ** TEST EXECUTE FAILED **
Build and Test with Bazel	Run UI tests	2025-11-28T01:39:43.2868800Z 
Build and Test with Bazel	Run UI tests	2025-11-28T01:39:43.2871090Z Exported directory with id 0~UKLi77FdJ6m2JmwukaAdFyEJDNMq72ohpt_nq3Hmh0PmGtLNwYAAMDhFmj2WmcxKbuofpXENcOnaJJOL2b-7Xw== to /private/var/tmp/_bazel_runner/fe2d0117d2d9b33eff91f94ca60a61fc/sandbox/darwin-sandbox/67/execroot/_main/bazel-out/darwin_arm64-fastbuild/testlogs/PoemOfTheDayUITests/PoemOfTheDayUITests/test.outputs/ExposeXcresult
Build and Test with Bazel	Run UI tests	2025-11-28T01:39:43.2877300Z Exported file with id 0~tl8E1cF5d_8Uot2lGxBtvZchYAMX0fwaOIP7FL4mgBrg0IVCWSoAzcqTKJY0TSThAA9lzxjArLDofpXBf3BOzg== to /private/var/tmp/_bazel_runner/fe2d0117d2d9b33eff91f94ca60a61fc/sandbox/darwin-sandbox/67/execroot/_main/bazel-out/darwin_arm64-fastbuild/testlogs/PoemOfTheDayUITests/PoemOfTheDayUITests/test.outputs/ExposeXcresult/Attachments/PoemUITests/testFavoriteFunctionality()/Debug description for `"favorite_button" Button`_0_8F09BE06-6877-4930-83A9-98D98E316A3B.txt
Build and Test with Bazel	Run UI tests	2025-11-28T01:39:43.2887520Z Exported file with id 0~Or4t-Q7fYh2KGs5k3dlomIKxSg1f0hoGguaVlfgSi-xuWV3nj8UURrgSl1WIt-T35Jwgw5d0bm3UVzqG0ChENw== to /private/var/tmp/_bazel_runner/fe2d0117d2d9b33eff91f94ca60a61fc/sandbox/darwin-sandbox/67/execroot/_main/bazel-out/darwin_arm64-fastbuild/testlogs/PoemOfTheDayUITests/PoemOfTheDayUITests/test.outputs/ExposeXcresult/Attachments/PoemUITests/testFavoriteFunctionality()/Debug description for `"favorite_button" Button`_0_50F1CCF4-1D97-4C0F-A614-4143C87DB7F5.txt
Build and Test with Bazel	Run UI tests	2025-11-28T01:39:43.2890350Z Exported file with id 0~BbctghA5WTIWLa-BTqNk96nxFXMWpZ1_cavfU_MMl8rikTBJBj_l5gHXZiRtpAWyaztFpDHtuWRz-EiHkB30qA== to /private/var/tmp/_bazel_runner/fe2d0117d2d9b33eff91f94ca60a61fc/sandbox/darwin-sandbox/67/execroot/_main/bazel-out/darwin_arm64-fastbuild/testlogs/PoemOfTheDayUITests/PoemOfTheDayUITests/test.outputs/ExposeXcresult/Attachments/PoemUITests/testFavoriteFunctionality()/Debug description for `"favorite_button" Button`_0_9895BC4C-8180-47C8-8D9B-78139B2263E2.txt
Build and Test with Bazel	Run UI tests	2025-11-28T01:39:43.2892960Z Exported file with id 0~C1xrczbz3ELGONDA2qKrZYrW4qmRNb-EeIRMrtvTkZ4IaDI_kz505sbdxq5d9hZxXLGoSUuJ2_gX2Mm50zg-BQ== to /private/var/tmp/_bazel_runner/fe2d0117d2d9b33eff91f94ca60a61fc/sandbox/darwin-sandbox/67/execroot/_main/bazel-out/darwin_arm64-fastbuild/testlogs/PoemOfTheDayUITests/PoemOfTheDayUITests/test.outputs/ExposeXcresult/Attachments/PoemUITests/testFavoriteFunctionality()/Debug description for `"favorite_button" Button`_0_BB3A813A-D933-4E46-8961-095026F8D0F1.txt
Build and Test with Bazel	Run UI tests	2025-11-28T01:39:43.2896040Z Exported file with id 0~VRO2ryfWUJTgfllRy2PWhCM4_NhFa4uoMX5SwCAvBwFxrGrFJCaoe7EmeVEJW1RlXOBvbDYWmCTKsFVZ3DtkUA== to /private/var/tmp/_bazel_runner/fe2d0117d2d9b33eff91f94ca60a61fc/sandbox/darwin-sandbox/67/execroot/_main/bazel-out/darwin_arm64-fastbuild/testlogs/PoemOfTheDayUITests/PoemOfTheDayUITests/test.outputs/ExposeXcresult/Attachments/PoemUITests/testFavoriteFunctionality()/Debug description for `"favorite_button" Button`_0_963D5F50-1A89-4623-A94C-EE6E5A22D606.txt
Build and Test with Bazel	Run UI tests	2025-11-28T01:39:43.2902220Z Exported file with id 0~Gw2Wnr73adezVsLymM482j7WNo5JCUNYbi-yogu9qMmGLtFL2D6fQbsBXTU9cm5C3PISbRHLolu7uroUUVq6FQ== to /private/var/tmp/_bazel_runner/fe2d0117d2d9b33eff91f94ca60a61fc/sandbox/darwin-sandbox/67/execroot/_main/bazel-out/darwin_arm64-fastbuild/testlogs/PoemOfTheDayUITests/PoemOfTheDayUITests/test.outputs/ExposeXcresult/Attachments/PoemUITests/testMultipleFavorites()/Debug description for `"favorite_button" Button`_0_A12D1384-0405-4D6C-9B21-016C8DA30665.txt
Build and Test with Bazel	Run UI tests	2025-11-28T01:39:43.2904950Z Exported file with id 0~g-2_hPMt5Z34fzbt6Q55mf_VDSQEm3B41HF1Bn1HxEAB5IjxI4J7AsizlzbSl0VE7M0m2XoekzfZpPcQX1IA8Q== to /private/var/tmp/_bazel_runner/fe2d0117d2d9b33eff91f94ca60a61fc/sandbox/darwin-sandbox/67/execroot/_main/bazel-out/darwin_arm64-fastbuild/testlogs/PoemOfTheDayUITests/PoemOfTheDayUITests/test.outputs/ExposeXcresult/Attachments/PoemUITests/testMultipleFavorites()/Debug description for `"favorite_button" Button`_0_A6343701-26A1-4572-8136-84E34CA6A476.txt
Build and Test with Bazel	Run UI tests	2025-11-28T01:39:43.2907610Z Exported file with id 0~nyDmQTYCO7kyjPlRn0DUgVAmrNlDP5t38hp9vDUIPc-o0y59DNLEzyI2p2WBCK0kOOhZHeLGgcUD1Z09YOo_wQ== to /private/var/tmp/_bazel_runner/fe2d0117d2d9b33eff91f94ca60a61fc/sandbox/darwin-sandbox/67/execroot/_main/bazel-out/darwin_arm64-fastbuild/testlogs/PoemOfTheDayUITests/PoemOfTheDayUITests/test.outputs/ExposeXcresult/Attachments/PoemUITests/testMultipleFavorites()/Debug description for `"favorite_button" Button`_0_9F336FF2-F645-49D5-8FB4-8DFED3051D76.txt
Build and Test with Bazel	Run UI tests	2025-11-28T01:39:43.2910280Z Exported file with id 0~rrZlNd3IzZL_0IKs9WS7brm-SB4oLVJn8IpGJXPwJfyJF8egcUQrFk2E4a_AeJR0HtSA5F-bIi0eAeH0y7BLDw== to /private/var/tmp/_bazel_runner/fe2d0117d2d9b33eff91f94ca60a61fc/sandbox/darwin-sandbox/67/execroot/_main/bazel-out/darwin_arm64-fastbuild/testlogs/PoemOfTheDayUITests/PoemOfTheDayUITests/test.outputs/ExposeXcresult/Attachments/PoemUITests/testMultipleFavorites()/Debug description for `"favorite_button" Button`_0_576CEBF3-BF88-4359-84E5-115768F9CFB1.txt
Build and Test with Bazel	Run UI tests	2025-11-28T01:39:43.2960180Z Exported file with id 0~ATt-Zz4Sn_lV_2m0JiN9vJrfDIYrOhAOZ68rXVqnunViZ3KSKiDdS7xndSWLMx3dtKAYPhHZ9DKzoBN-E30cUg== to /private/var/tmp/_bazel_runner/fe2d0117d2d9b33eff91f94ca60a61fc/sandbox/darwin-sandbox/67/execroot/_main/bazel-out/darwin_arm64-fastbuild/testlogs/PoemOfTheDayUITests/PoemOfTheDayUITests/test.outputs/ExposeXcresult/Attachments/PoemUITests/testMultipleFavorites()/Debug description for `"favorite_button" Button`_0_641A5F60-1405-4F35-9145-23ED93E87B9A.txt
Build and Test with Bazel	Run UI tests	2025-11-28T01:39:43.2961750Z 2025-11-28 01:39:13,017 Deleting simulator 26B9AAE4-0476-4FCD-BF81-AFC883AC4CC7 asynchronously.
Build and Test with Bazel	Run UI tests	2025-11-28T01:39:43.2962050Z 2025-11-28 01:39:13,063 Done.
Build and Test with Bazel	Run UI tests	2025-11-28T01:39:43.2962210Z error: tests exited with '11'
Build and Test with Bazel	Run UI tests	2025-11-28T01:39:43.2962390Z ================================================================================
Build and Test with Bazel	Run UI tests	2025-11-28T01:39:43.2962710Z //PoemOfTheDayUITests:PoemOfTheDayUITests                                FAILED in 664.9s
Build and Test with Bazel	Run UI tests	2025-11-28T01:39:43.2963400Z   /private/var/tmp/_bazel_runner/fe2d0117d2d9b33eff91f94ca60a61fc/execroot/_main/bazel-out/darwin_arm64-fastbuild/testlogs/PoemOfTheDayUITests/PoemOfTheDayUITests/test.log
Build and Test with Bazel	Run UI tests	2025-11-28T01:39:43.2963890Z 
Build and Test with Bazel	Run UI tests	2025-11-28T01:39:43.2963950Z Executed 1 out of 1 test: 1 fails locally.
Build and Test with Bazel	Run UI tests	2025-11-28T01:39:43.3007320Z ##[error]Process completed with exit code 3.
Build and Test with Bazel	Upload test results	﻿2025-11-28T01:39:43.3222170Z ##[group]Run actions/upload-artifact@v4
Build and Test with Bazel	Upload test results	2025-11-28T01:39:43.3222400Z with:
Build and Test with Bazel	Upload test results	2025-11-28T01:39:43.3222530Z   name: test-results
Build and Test with Bazel	Upload test results	2025-11-28T01:39:43.3222690Z   path: Poem of the Day/bazel-testlogs/
Build and Test with Bazel	Upload test results	
Build and Test with Bazel	Upload test results	2025-11-28T01:39:43.3222900Z   if-no-files-found: warn
Build and Test with Bazel	Upload test results	2025-11-28T01:39:43.3223050Z   compression-level: 6
Build and Test with Bazel	Upload test results	2025-11-28T01:39:43.3223200Z   overwrite: false
Build and Test with Bazel	Upload test results	2025-11-28T01:39:43.3223340Z   include-hidden-files: false
Build and Test with Bazel	Upload test results	2025-11-28T01:39:43.3223490Z ##[endgroup]
Build and Test with Bazel	Upload test results	2025-11-28T01:39:44.1540780Z ##[warning]No files were found with the provided path: Poem of the Day/bazel-testlogs/. No artifacts will be uploaded.
Build and Test with Bazel	Post Checkout code	﻿2025-11-28T01:39:44.1729080Z Post job cleanup.
Build and Test with Bazel	Post Checkout code	2025-11-28T01:39:44.4349080Z [command]/opt/homebrew/bin/git version
Build and Test with Bazel	Post Checkout code	2025-11-28T01:39:44.4911800Z git version 2.50.1
Build and Test with Bazel	Post Checkout code	2025-11-28T01:39:44.5426230Z Copying '/Users/runner/.gitconfig' to '/Users/runner/work/_temp/f4591101-9010-4ffd-9890-0825d3089e16/.gitconfig'
Build and Test with Bazel	Post Checkout code	2025-11-28T01:39:44.5529460Z Temporarily overriding HOME='/Users/runner/work/_temp/f4591101-9010-4ffd-9890-0825d3089e16' before making global git config changes
Build and Test with Bazel	Post Checkout code	2025-11-28T01:39:44.5631050Z Adding repository directory to the temporary git global config as a safe directory
Build and Test with Bazel	Post Checkout code	2025-11-28T01:39:44.5732920Z [command]/opt/homebrew/bin/git config --global --add safe.directory /Users/runner/work/Poem-of-the-Day/Poem-of-the-Day
Build and Test with Bazel	Post Checkout code	2025-11-28T01:39:44.6042490Z [command]/opt/homebrew/bin/git config --local --name-only --get-regexp core\.sshCommand
Build and Test with Bazel	Post Checkout code	2025-11-28T01:39:44.6416350Z [command]/opt/homebrew/bin/git submodule foreach --recursive sh -c "git config --local --name-only --get-regexp 'core\.sshCommand' && git config --local --unset-all 'core.sshCommand' || :"
Build and Test with Bazel	Post Checkout code	2025-11-28T01:39:44.9063980Z [command]/opt/homebrew/bin/git config --local --name-only --get-regexp http\.https\:\/\/github\.com\/\.extraheader
Build and Test with Bazel	Post Checkout code	2025-11-28T01:39:44.9167070Z http.https://github.com/.extraheader
Build and Test with Bazel	Post Checkout code	2025-11-28T01:39:44.9512710Z [command]/opt/homebrew/bin/git config --local --unset-all http.https://github.com/.extraheader
Build and Test with Bazel	Post Checkout code	2025-11-28T01:39:44.9754650Z [command]/opt/homebrew/bin/git submodule foreach --recursive sh -c "git config --local --name-only --get-regexp 'http\.https\:\/\/github\.com\/\.extraheader' && git config --local --unset-all 'http.https://github.com/.extraheader' || :"
Build and Test with Bazel	Post Checkout code	2025-11-28T01:39:45.1155100Z [command]/opt/homebrew/bin/git config --local --name-only --get-regexp ^includeIf\.gitdir:
Build and Test with Bazel	Post Checkout code	2025-11-28T01:39:45.1418800Z [command]/opt/homebrew/bin/git submodule foreach --recursive git config --local --show-origin --name-only --get-regexp remote.origin.url
Build and Test with Bazel	Complete job	﻿2025-11-28T01:39:45.3162050Z Cleaning up orphan processes
Build and Test with Bazel	Complete job	2025-11-28T01:39:49.0665510Z Terminate orphan process: pid (1452) (java)
